Archive member included because of file (symbol)

C:/nxp/S32DS_ARM_v1.3/Cross_Tools/gcc-arm-none-eabi-4_9/arm-none-eabi/newlib/lib/armv7e-m/fpu\libc_nano.a(lib_a-exit.o)
                              C:/nxp/S32DS_ARM_v1.3/Cross_Tools/gcc-arm-none-eabi-4_9/arm-none-eabi/newlib/lib/armv7e-m/fpu/crt0.o (exit)
C:/nxp/S32DS_ARM_v1.3/Cross_Tools/gcc-arm-none-eabi-4_9/arm-none-eabi/newlib/lib/armv7e-m/fpu\libc_nano.a(lib_a-impure.o)
                              C:/nxp/S32DS_ARM_v1.3/Cross_Tools/gcc-arm-none-eabi-4_9/arm-none-eabi/newlib/lib/armv7e-m/fpu\libc_nano.a(lib_a-exit.o) (_global_impure_ptr)
C:/nxp/S32DS_ARM_v1.3/Cross_Tools/gcc-arm-none-eabi-4_9/arm-none-eabi/newlib/lib/armv7e-m/fpu\libc_nano.a(lib_a-init.o)
                              C:/nxp/S32DS_ARM_v1.3/Cross_Tools/gcc-arm-none-eabi-4_9/arm-none-eabi/newlib/lib/armv7e-m/fpu/crt0.o (__libc_init_array)
C:/nxp/S32DS_ARM_v1.3/Cross_Tools/gcc-arm-none-eabi-4_9/arm-none-eabi/newlib/lib/armv7e-m/fpu\libc_nano.a(lib_a-memset.o)
                              C:/nxp/S32DS_ARM_v1.3/Cross_Tools/gcc-arm-none-eabi-4_9/arm-none-eabi/newlib/lib/armv7e-m/fpu/crt0.o (memset)
C:/nxp/S32DS_ARM_v1.3/Cross_Tools/gcc-arm-none-eabi-4_9/arm-none-eabi/newlib/lib/armv7e-m/fpu\libc_nano.a(lib_a-sprintf.o)
                              ./Sources/main.o (sprintf)
C:/nxp/S32DS_ARM_v1.3/Cross_Tools/gcc-arm-none-eabi-4_9/arm-none-eabi/newlib/lib/armv7e-m/fpu\libc_nano.a(lib_a-strlen.o)
                              ./Sources/main.o (strlen)
C:/nxp/S32DS_ARM_v1.3/Cross_Tools/gcc-arm-none-eabi-4_9/arm-none-eabi/newlib/lib/armv7e-m/fpu\libc_nano.a(lib_a-nano-svfprintf.o)
                              C:/nxp/S32DS_ARM_v1.3/Cross_Tools/gcc-arm-none-eabi-4_9/arm-none-eabi/newlib/lib/armv7e-m/fpu\libc_nano.a(lib_a-sprintf.o) (_svfprintf_r)
C:/nxp/S32DS_ARM_v1.3/Cross_Tools/gcc-arm-none-eabi-4_9/arm-none-eabi/newlib/lib/armv7e-m/fpu\libc_nano.a(lib_a-nano-vfprintf_i.o)
                              C:/nxp/S32DS_ARM_v1.3/Cross_Tools/gcc-arm-none-eabi-4_9/arm-none-eabi/newlib/lib/armv7e-m/fpu\libc_nano.a(lib_a-nano-svfprintf.o) (_printf_i)
C:/nxp/S32DS_ARM_v1.3/Cross_Tools/gcc-arm-none-eabi-4_9/arm-none-eabi/newlib/lib/armv7e-m/fpu\libc_nano.a(lib_a-memchr.o)
                              C:/nxp/S32DS_ARM_v1.3/Cross_Tools/gcc-arm-none-eabi-4_9/arm-none-eabi/newlib/lib/armv7e-m/fpu\libc_nano.a(lib_a-nano-svfprintf.o) (memchr)
C:/nxp/S32DS_ARM_v1.3/Cross_Tools/gcc-arm-none-eabi-4_9/arm-none-eabi/newlib/lib/armv7e-m/fpu\libc_nano.a(lib_a-memcpy.o)
                              C:/nxp/S32DS_ARM_v1.3/Cross_Tools/gcc-arm-none-eabi-4_9/arm-none-eabi/newlib/lib/armv7e-m/fpu\libc_nano.a(lib_a-nano-svfprintf.o) (memcpy)
C:/nxp/S32DS_ARM_v1.3/Cross_Tools/gcc-arm-none-eabi-4_9/arm-none-eabi/newlib/lib/armv7e-m/fpu\libc_nano.a(lib_a-memmove.o)
                              C:/nxp/S32DS_ARM_v1.3/Cross_Tools/gcc-arm-none-eabi-4_9/arm-none-eabi/newlib/lib/armv7e-m/fpu\libc_nano.a(lib_a-nano-svfprintf.o) (memmove)
C:/nxp/S32DS_ARM_v1.3/Cross_Tools/gcc-arm-none-eabi-4_9/arm-none-eabi/newlib/lib/armv7e-m/fpu\libc_nano.a(lib_a-nano-freer.o)
                              C:/nxp/S32DS_ARM_v1.3/Cross_Tools/gcc-arm-none-eabi-4_9/arm-none-eabi/newlib/lib/armv7e-m/fpu\libc_nano.a(lib_a-nano-svfprintf.o) (_free_r)
C:/nxp/S32DS_ARM_v1.3/Cross_Tools/gcc-arm-none-eabi-4_9/arm-none-eabi/newlib/lib/armv7e-m/fpu\libc_nano.a(lib_a-nano-mallocr.o)
                              C:/nxp/S32DS_ARM_v1.3/Cross_Tools/gcc-arm-none-eabi-4_9/arm-none-eabi/newlib/lib/armv7e-m/fpu\libc_nano.a(lib_a-nano-svfprintf.o) (_malloc_r)
C:/nxp/S32DS_ARM_v1.3/Cross_Tools/gcc-arm-none-eabi-4_9/arm-none-eabi/newlib/lib/armv7e-m/fpu\libc_nano.a(lib_a-nano-reallocr.o)
                              C:/nxp/S32DS_ARM_v1.3/Cross_Tools/gcc-arm-none-eabi-4_9/arm-none-eabi/newlib/lib/armv7e-m/fpu\libc_nano.a(lib_a-nano-svfprintf.o) (_realloc_r)
C:/nxp/S32DS_ARM_v1.3/Cross_Tools/gcc-arm-none-eabi-4_9/arm-none-eabi/newlib/lib/armv7e-m/fpu\libc_nano.a(lib_a-sbrkr.o)
                              C:/nxp/S32DS_ARM_v1.3/Cross_Tools/gcc-arm-none-eabi-4_9/arm-none-eabi/newlib/lib/armv7e-m/fpu\libc_nano.a(lib_a-nano-mallocr.o) (_sbrk_r)
C:/nxp/S32DS_ARM_v1.3/Cross_Tools/gcc-arm-none-eabi-4_9/arm-none-eabi/newlib/lib/armv7e-m/fpu\libc_nano.a(lib_a-nano-msizer.o)
                              C:/nxp/S32DS_ARM_v1.3/Cross_Tools/gcc-arm-none-eabi-4_9/arm-none-eabi/newlib/lib/armv7e-m/fpu\libc_nano.a(lib_a-nano-reallocr.o) (_malloc_usable_size_r)
C:/nxp/S32DS_ARM_v1.3/Cross_Tools/gcc-arm-none-eabi-4_9/arm-none-eabi/newlib/lib/armv7e-m/fpu\libc_nano.a(lib_a-reent.o)
                              C:/nxp/S32DS_ARM_v1.3/Cross_Tools/gcc-arm-none-eabi-4_9/arm-none-eabi/newlib/lib/armv7e-m/fpu\libc_nano.a(lib_a-sbrkr.o) (errno)
C:/nxp/S32DS_ARM_v1.3/Cross_Tools/gcc-arm-none-eabi-4_9/arm-none-eabi/newlib/lib/armv7e-m/fpu\librdimon_nano.a(rdimon-syscalls.o)
[...]
Memory Configuration

Name             Origin             Length             Attributes
m_interrupts     0x00000000         0x00000400         xr
m_flash_config   0x00000400         0x00000010         xr
m_text           0x00000410         0x0007fbf0         xr
m_data           0x1fff8000         0x00008000         rw
m_data_2         0x20000000         0x00007000         rw
*default*        0x00000000         0xffffffff

Linker script and memory map

LOAD c:/nxp/s32ds_arm_v1.3/cross_tools/gcc-arm-none-eabi-4_9/bin/../lib/gcc/arm-none-eabi/4.9.3/armv7e-m/fpu/crti.o
LOAD c:/nxp/s32ds_arm_v1.3/cross_tools/gcc-arm-none-eabi-4_9/bin/../lib/gcc/arm-none-eabi/4.9.3/armv7e-m/fpu/crtbegin.o
LOAD C:/nxp/S32DS_ARM_v1.3/Cross_Tools/gcc-arm-none-eabi-4_9/arm-none-eabi/newlib/lib/armv7e-m/fpu/crt0.o
LOAD ./Generated_Code/pin_mux.o
LOAD ./Generated_Code/osif1.o
LOAD ./Generated_Code/lpuart1.o
LOAD ./Generated_Code/dmaController1.o
LOAD ./Generated_Code/clockMan1.o
LOAD ./Generated_Code/Cpu.o
LOAD ./Project_Settings/Startup_Code/startup_S32K144.o
LOAD ./SDK/platform/devices/S32K144/startup/system_S32K144.o
LOAD ./SDK/platform/devices/startup.o
LOAD ./SDK/platform/drivers/src/clock/S32K144/fsl_clock_S32K144.o
LOAD ./SDK/platform/drivers/src/clock/fsl_clock_manager.o
LOAD ./SDK/platform/drivers/src/edma/fsl_edma_irq.o
LOAD ./SDK/platform/drivers/src/edma/fsl_edma_driver.o
LOAD ./SDK/platform/drivers/src/edma/fsl_edma_common.o
LOAD ./SDK/platform/drivers/src/interrupt/fsl_interrupt_manager.o
LOAD ./SDK/platform/drivers/src/lpuart/fsl_lpuart_irq.o
LOAD ./SDK/platform/drivers/src/lpuart/fsl_lpuart_driver.o
LOAD ./SDK/platform/drivers/src/lpuart/fsl_lpuart_common.o
LOAD ./SDK/platform/drivers/src/pins/fsl_pins_driver.o
LOAD ./SDK/platform/hal/src/dmamux/fsl_dmamux_hal.o
LOAD ./SDK/platform/hal/src/edma/fsl_edma_hal.o
LOAD ./SDK/platform/hal/src/lpuart/fsl_lpuart_hal.o
LOAD ./SDK/platform/hal/src/pcc/fsl_pcc_hal.o
LOAD ./SDK/platform/hal/src/pmc/fsl_pmc_hal.o
LOAD ./SDK/platform/hal/src/port/fsl_port_hal.o
LOAD ./SDK/platform/hal/src/scg/fsl_scg_hal.o
LOAD ./SDK/platform/hal/src/sim/S32K144/fsl_sim_hal_S32K144.o
LOAD ./SDK/platform/hal/src/smc/fsl_smc_hal.o
LOAD ./SDK/rtos/osif/fsl_osif_baremetal.o
LOAD ./Sources/main.o
LOAD ./Sources/I2C.o
LOAD C:/nxp/S32DS_ARM_v1.3/Cross_Tools/gcc-arm-none-eabi-4_9/arm-none-eabi/newlib/lib/armv7e-m/fpu\libc_nano.a
LOAD c:/nxp/s32ds_arm_v1.3/cross_tools/gcc-arm-none-eabi-4_9/bin/../lib/gcc/arm-none-eabi/4.9.3/armv7e-m/fpu\libgcc.a
LOAD C:/nxp/S32DS_ARM_v1.3/Cross_Tools/gcc-arm-none-eabi-4_9/arm-none-eabi/newlib/lib/armv7e-m/fpu\libm.a
LOAD C:/nxp/S32DS_ARM_v1.3/Cross_Tools/gcc-arm-none-eabi-4_9/arm-none-eabi/newlib/lib/armv7e-m/fpu\librdimon_nano.a
START GROUP
LOAD c:/nxp/s32ds_arm_v1.3/cross_tools/gcc-arm-none-eabi-4_9/bin/../lib/gcc/arm-none-eabi/4.9.3/armv7e-m/fpu\libgcc.a
LOAD C:/nxp/S32DS_ARM_v1.3/Cross_Tools/gcc-arm-none-eabi-4_9/arm-none-eabi/newlib/lib/armv7e-m/fpu\libc_nano.a
END GROUP
START GROUP
LOAD c:/nxp/s32ds_arm_v1.3/cross_tools/gcc-arm-none-eabi-4_9/bin/../lib/gcc/arm-none-eabi/4.9.3/armv7e-m/fpu\libgcc.a
LOAD C:/nxp/S32DS_ARM_v1.3/Cross_Tools/gcc-arm-none-eabi-4_9/arm-none-eabi/newlib/lib/armv7e-m/fpu\libc_nano.a
LOAD C:/nxp/S32DS_ARM_v1.3/Cross_Tools/gcc-arm-none-eabi-4_9/arm-none-eabi/newlib/lib/armv7e-m/fpu\libnosys.a
END GROUP
START GROUP
LOAD c:/nxp/s32ds_arm_v1.3/cross_tools/gcc-arm-none-eabi-4_9/bin/../lib/gcc/arm-none-eabi/4.9.3/armv7e-m/fpu\libgcc.a
LOAD C:/nxp/S32DS_ARM_v1.3/Cross_Tools/gcc-arm-none-eabi-4_9/arm-none-eabi/newlib/lib/armv7e-m/fpu\libc_nano.a
LOAD C:/nxp/S32DS_ARM_v1.3/Cross_Tools/gcc-arm-none-eabi-4_9/arm-none-eabi/newlib/lib/armv7e-m/fpu\libnosys.a
END GROUP
LOAD c:/nxp/s32ds_arm_v1.3/cross_tools/gcc-arm-none-eabi-4_9/bin/../lib/gcc/arm-none-eabi/4.9.3/armv7e-m/fpu/crtend.o
LOAD c:/nxp/s32ds_arm_v1.3/cross_tools/gcc-arm-none-eabi-4_9/bin/../lib/gcc/arm-none-eabi/4.9.3/armv7e-m/fpu/crtn.o
                0x00000400                HEAP_SIZE = DEFINED (__heap_size__)?__heap_size__:0x400
                0x00000400                STACK_SIZE = DEFINED (__stack_size__)?__stack_size__:0x400
                0x00000400                M_VECTOR_RAM_SIZE = DEFINED (__flash_vector_table__)?0x0:0x400

.interrupts     0x00000000      0x400
                0x00000000                __VECTOR_TABLE = .
                0x00000000                . = ALIGN (0x4)
 *(.isr_vector)
 .isr_vector    0x00000000      0x400 ./Project_Settings/Startup_Code/startup_S32K144.o
                0x00000000                __isr_vector
                0x00000400                . = ALIGN (0x4)

.flash_config   0x00000400       0x10
                0x00000400                . = ALIGN (0x4)
 *(.FlashConfig)
 .FlashConfig   0x00000400       0x10 ./Project_Settings/Startup_Code/startup_S32K144.o
                0x00000410                . = ALIGN (0x4)

.text           0x00000410     0x334c
                0x00000410                . = ALIGN (0x4)
 *(.text)
 .text          0x00000410       0x5c c:/nxp/s32ds_arm_v1.3/cross_tools/gcc-arm-none-eabi-4_9/bin/../lib/gcc/arm-none-eabi/4.9.3/armv7e-m/fpu/crtbegin.o
 .text          0x0000046c       0x44 ./Project_Settings/Startup_Code/startup_S32K144.o
                0x0000046c                Reset_Handler
                0x000004ac                DebugMon_Handler
                0x000004ac                Reserved88_IRQHandler
                0x000004ac                CAN0_ORed_IRQHandler
                0x000004ac                CAN2_Wake_Up_IRQHandler
                0x000004ac                HardFault_Handler
                0x000004ac                Reserved86_IRQHandler
                0x000004ac                FTM2_Ovf_Reload_IRQHandler
                0x000004ac                FTFC_Fault_IRQHandler
                0x000004ac                FTM0_Ch6_Ch7_IRQHandler
                0x000004ac                Reserved114_IRQHandler
                0x000004ac                PendSV_Handler
                0x000004ac                NMI_Handler
                0x000004ac                Reserved89_IRQHandler
                0x000004ac                ERM_double_fault_IRQHandler
                0x000004ac                Reserved59_IRQHandler
                0x000004ac                LPIT0_Ch0_IRQHandler
                0x000004ac                Reserved99_IRQHandler
                0x000004ac                FTM3_Ch6_Ch7_IRQHandler
                0x000004ac                CAN2_ORed_0_15_MB_IRQHandler
                0x000004ac                LPIT0_Ch3_IRQHandler
                0x000004ac                LPUART0_ERR_IRQHandler
                0x000004ac                Reserved92_IRQHandler
                0x000004ac                FTM0_Ch4_Ch5_IRQHandler
                0x000004ac                CAN1_Error_IRQHandler
                0x000004ac                FTM3_Ch0_Ch1_IRQHandler
                0x000004ac                SWI_IRQHandler
                0x000004ac                ADC0_IRQHandler
                0x000004ac                FTM2_Ch4_Ch5_IRQHandler
                0x000004ac                UsageFault_Handler
                0x000004ac                FTM0_Ovf_Reload_IRQHandler
                0x000004ac                DefaultISR
                0x000004ac                Reserved58_IRQHandler
                0x000004ac                CAN1_ORed_0_15_MB_IRQHandler
                0x000004ac                FTM1_Ch2_Ch3_IRQHandler
                0x000004ac                Reserved82_IRQHandler
                0x000004ac                CAN0_ORed_16_31_MB_IRQHandler
                0x000004ac                LPI2C0_Slave_IRQHandler
                0x000004ac                Reserved71_IRQHandler
                0x000004ac                PORTD_IRQHandler
                0x000004ac                Reserved69_IRQHandler
                0x000004ac                PORTB_IRQHandler
                0x000004ac                Reserved70_IRQHandler
                0x000004ac                ADC1_IRQHandler
                0x000004ac                FTM2_Ch2_Ch3_IRQHandler
                0x000004ac                Reserved53_IRQHandler
                0x000004ac                RTC_IRQHandler
                0x000004ac                PDB0_IRQHandler
                0x000004ac                Reserved54_IRQHandler
                0x000004ac                FTM2_Ch6_Ch7_IRQHandler
                0x000004ac                FTM3_Ch2_Ch3_IRQHandler
                0x000004ac                FTM2_Ch0_Ch1_IRQHandler
                0x000004ac                LPSPI1_IRQHandler
                0x000004ac                LPUART1_RxTx_IRQHandler
                0x000004ac                RTC_Seconds_IRQHandler
                0x000004ac                CAN2_ORed_IRQHandler
                0x000004ac                Reserved72_IRQHandler
                0x000004ac                Reserved107_IRQHandler
                0x000004ac                Read_Collision_IRQHandler
                0x000004ac                CAN2_Error_IRQHandler
                0x000004ac                FTFC_IRQHandler
                0x000004ac                FTM1_Ch6_Ch7_IRQHandler
                0x000004ac                LPUART1_ERR_IRQHandler
                0x000004ac                LPIT0_Ch1_IRQHandler
                0x000004ac                FTM1_Ch4_Ch5_IRQHandler
                0x000004ac                FTM3_Ovf_Reload_IRQHandler
                0x000004ac                LPUART2_RxTx_IRQHandler
                0x000004ac                LPSPI0_IRQHandler
                0x000004ac                WDOG_EWM_IRQHandler
                0x000004ac                MemManage_Handler
                0x000004ac                Reserved90_IRQHandler
                0x000004ac                Reserved83_IRQHandler
                0x000004ac                FTM0_Fault_IRQHandler
                0x000004ac                SVC_Handler
                0x000004ac                CAN1_Wake_Up_IRQHandler
                0x000004ac                ERM_single_fault_IRQHandler
                0x000004ac                FTM2_Fault_IRQHandler
                0x000004ac                FTM0_Ch2_Ch3_IRQHandler
                0x000004ac                FTM0_Ch0_Ch1_IRQHandler
                0x000004ac                FTM3_Fault_IRQHandler
                0x000004ac                RCM_IRQHandler
                0x000004ac                Reserved100_IRQHandler
                0x000004ac                Reserved91_IRQHandler
                0x000004ac                CAN1_ORed_IRQHandler
                0x000004ac                SCG_IRQHandler
                0x000004ac                PDB1_IRQHandler
                0x000004ac                Reserved81_IRQHandler
                0x000004ac                Reserved46_IRQHandler
                0x000004ac                Reserved45_IRQHandler
                0x000004ac                CAN2_ORed_16_31_MB_IRQHandler
                0x000004ac                CAN0_Error_IRQHandler
                0x000004ac                FTM1_Fault_IRQHandler
                0x000004ac                Reserved106_IRQHandler
                0x000004ac                LVD_LVW_IRQHandler
                0x000004ac                LPIT0_Ch2_IRQHandler
                0x000004ac                PORTA_IRQHandler
                0x000004ac                LPUART2_ERR_IRQHandler
                0x000004ac                CAN1_ORed_16_31_MB_IRQHandler
                0x000004ac                MCM_IRQHandler
                0x000004ac                LPSPI2_IRQHandler
                0x000004ac                FTM3_Ch4_Ch5_IRQHandler
                0x000004ac                CAN0_ORed_0_15_MB_IRQHandler
                0x000004ac                PORTE_IRQHandler
                0x000004ac                LPUART0_RxTx_IRQHandler
                0x000004ac                LPTMR0_IRQHandler
                0x000004ac                BusFault_Handler
                0x000004ac                Reserved87_IRQHandler
                0x000004ac                FTM1_Ovf_Reload_IRQHandler
                0x000004ac                Reserved93_IRQHandler
                0x000004ac                CAN0_Wake_Up_IRQHandler
                0x000004ac                CMP0_IRQHandler
                0x000004ac                PORTC_IRQHandler
                0x000004ac                FTM1_Ch0_Ch1_IRQHandler
                0x000004ac                FLEXIO_IRQHandler
                0x000004ac                Reserved113_IRQHandler
 *(.text*)
 .text.SystemInit
                0x000004b0       0x30 ./SDK/platform/devices/S32K144/startup/system_S32K144.o
                0x000004b0                SystemInit
 .text.init_data_bss
                0x000004e0       0xb4 ./SDK/platform/devices/startup.o
                0x000004e0                init_data_bss
 .text.CLOCK_SYS_SwitchSystemClock
                0x00000594       0x8c ./SDK/platform/drivers/src/clock/S32K144/fsl_clock_S32K144.o
 .text.CLOCK_SYS_GetScgClkOutFreq
                0x00000620       0x4c ./SDK/platform/drivers/src/clock/S32K144/fsl_clock_S32K144.o
 .text.CLOCK_SYS_GetPeripheralClock
                0x0000066c      0x118 ./SDK/platform/drivers/src/clock/S32K144/fsl_clock_S32K144.o
 .text.CLOCK_SYS_GetSimRtcClkFreq
                0x00000784       0x40 ./SDK/platform/drivers/src/clock/S32K144/fsl_clock_S32K144.o
 .text.CLOCK_SYS_GetSimClkOutFreq
                0x000007c4       0x98 ./SDK/platform/drivers/src/clock/S32K144/fsl_clock_S32K144.o
 .text.CLOCK_SYS_SetScgConfiguration
                0x0000085c      0x244 ./SDK/platform/drivers/src/clock/S32K144/fsl_clock_S32K144.o
                0x0000085c                CLOCK_SYS_SetScgConfiguration
 .text.CLOCK_SYS_SetPccConfiguration
                0x00000aa0       0x10 ./SDK/platform/drivers/src/clock/S32K144/fsl_clock_S32K144.o
                0x00000aa0                CLOCK_SYS_SetPccConfiguration
 .text.CLOCK_SYS_SetSimConfiguration
                0x00000ab0       0xec ./SDK/platform/drivers/src/clock/S32K144/fsl_clock_S32K144.o
                0x00000ab0                CLOCK_SYS_SetSimConfiguration
 .text.CLOCK_SYS_SetPmcConfiguration
                0x00000b9c       0x44 ./SDK/platform/drivers/src/clock/S32K144/fsl_clock_S32K144.o
                0x00000b9c                CLOCK_SYS_SetPmcConfiguration
 .text.CLOCK_SYS_SetConfiguration
                0x00000be0       0x2c ./SDK/platform/drivers/src/clock/S32K144/fsl_clock_S32K144.o
                0x00000be0                CLOCK_SYS_SetConfiguration
 .text.CLOCK_SYS_GetFreq
                0x00000c0c      0x26c ./SDK/platform/drivers/src/clock/S32K144/fsl_clock_S32K144.o
                0x00000c0c                CLOCK_SYS_GetFreq
 .text.CLOCK_SYS_Init
                0x00000e78       0x1c ./SDK/platform/drivers/src/clock/fsl_clock_manager.o
                0x00000e78                CLOCK_SYS_Init
 .text.CLOCK_SYS_UpdateConfiguration
                0x00000e94       0xf0 ./SDK/platform/drivers/src/clock/fsl_clock_manager.o
                0x00000e94                CLOCK_SYS_UpdateConfiguration
 .text.DMA0_IRQHandler
                0x00000f84        0xc ./SDK/platform/drivers/src/edma/fsl_edma_irq.o
                0x00000f84                DMA0_IRQHandler
 .text.DMA1_IRQHandler
                0x00000f90        0xc ./SDK/platform/drivers/src/edma/fsl_edma_irq.o
                0x00000f90                DMA1_IRQHandler
 .text.DMA2_IRQHandler
                0x00000f9c        0xc ./SDK/platform/drivers/src/edma/fsl_edma_irq.o
                0x00000f9c                DMA2_IRQHandler
 .text.DMA3_IRQHandler
                0x00000fa8        0xc ./SDK/platform/drivers/src/edma/fsl_edma_irq.o
                0x00000fa8                DMA3_IRQHandler
 .text.DMA4_IRQHandler
                0x00000fb4        0xc ./SDK/platform/drivers/src/edma/fsl_edma_irq.o
                0x00000fb4                DMA4_IRQHandler
 .text.DMA5_IRQHandler
                0x00000fc0        0xc ./SDK/platform/drivers/src/edma/fsl_edma_irq.o
                0x00000fc0                DMA5_IRQHandler
 .text.DMA6_IRQHandler
                0x00000fcc        0xc ./SDK/platform/drivers/src/edma/fsl_edma_irq.o
                0x00000fcc                DMA6_IRQHandler
 .text.DMA7_IRQHandler
                0x00000fd8        0xc ./SDK/platform/drivers/src/edma/fsl_edma_irq.o
                0x00000fd8                DMA7_IRQHandler
 .text.DMA8_IRQHandler
                0x00000fe4        0xc ./SDK/platform/drivers/src/edma/fsl_edma_irq.o
                0x00000fe4                DMA8_IRQHandler
 .text.DMA9_IRQHandler
                0x00000ff0        0xc ./SDK/platform/drivers/src/edma/fsl_edma_irq.o
                0x00000ff0                DMA9_IRQHandler
 .text.DMA10_IRQHandler
                0x00000ffc        0xc ./SDK/platform/drivers/src/edma/fsl_edma_irq.o
                0x00000ffc                DMA10_IRQHandler
 .text.DMA11_IRQHandler
                0x00001008        0xc ./SDK/platform/drivers/src/edma/fsl_edma_irq.o
                0x00001008                DMA11_IRQHandler
 .text.DMA12_IRQHandler
                0x00001014        0xc ./SDK/platform/drivers/src/edma/fsl_edma_irq.o
                0x00001014                DMA12_IRQHandler
 .text.DMA13_IRQHandler
                0x00001020        0xc ./SDK/platform/drivers/src/edma/fsl_edma_irq.o
                0x00001020                DMA13_IRQHandler
 .text.DMA14_IRQHandler
                0x0000102c        0xc ./SDK/platform/drivers/src/edma/fsl_edma_irq.o
                0x0000102c                DMA14_IRQHandler
 .text.DMA15_IRQHandler
                0x00001038        0xc ./SDK/platform/drivers/src/edma/fsl_edma_irq.o
                0x00001038                DMA15_IRQHandler
 .text.DMA_Error_IRQHandler
                0x00001044        0x8 ./SDK/platform/drivers/src/edma/fsl_edma_irq.o
                0x00001044                DMA_Error_IRQHandler
 .text.EDMA_DRV_ClaimChannel
                0x0000104c       0x6c ./SDK/platform/drivers/src/edma/fsl_edma_driver.o
 .text.EDMA_DRV_InstallCallback
                0x000010b8       0x10 ./SDK/platform/drivers/src/edma/fsl_edma_driver.o
                0x000010b8                EDMA_DRV_InstallCallback
 .text.EDMA_DRV_RequestChannel
                0x000010c8       0xf0 ./SDK/platform/drivers/src/edma/fsl_edma_driver.o
                0x000010c8                EDMA_DRV_RequestChannel
 .text.EDMA_DRV_ReleaseChannel
                0x000011b8       0x58 ./SDK/platform/drivers/src/edma/fsl_edma_driver.o
                0x000011b8                EDMA_DRV_ReleaseChannel
 .text.EDMA_DRV_IRQHandler
                0x00001210       0x2c ./SDK/platform/drivers/src/edma/fsl_edma_driver.o
                0x00001210                EDMA_DRV_IRQHandler
 .text.EDMA_DRV_ErrorIRQHandler
                0x0000123c       0x68 ./SDK/platform/drivers/src/edma/fsl_edma_driver.o
                0x0000123c                EDMA_DRV_ErrorIRQHandler
 .text.EDMA_DRV_ConfigSingleBlockTransfer
                0x000012a4      0x124 ./SDK/platform/drivers/src/edma/fsl_edma_driver.o
                0x000012a4                EDMA_DRV_ConfigSingleBlockTransfer
 .text.EDMA_DRV_StartChannel
                0x000013c8       0x20 ./SDK/platform/drivers/src/edma/fsl_edma_driver.o
                0x000013c8                EDMA_DRV_StartChannel
 .text.EDMA_DRV_StopChannel
                0x000013e8       0x20 ./SDK/platform/drivers/src/edma/fsl_edma_driver.o
                0x000013e8                EDMA_DRV_StopChannel
 .text.INT_SYS_InstallHandler
                0x00001408       0x38 ./SDK/platform/drivers/src/interrupt/fsl_interrupt_manager.o
                0x00001408                INT_SYS_InstallHandler
 .text.INT_SYS_EnableIRQGlobal
                0x00001440       0x1c ./SDK/platform/drivers/src/interrupt/fsl_interrupt_manager.o
                0x00001440                INT_SYS_EnableIRQGlobal
 .text.INT_SYS_DisableIRQGlobal
                0x0000145c       0x10 ./SDK/platform/drivers/src/interrupt/fsl_interrupt_manager.o
                0x0000145c                INT_SYS_DisableIRQGlobal
 .text.LPUART0_IrqHandler
                0x0000146c        0xc ./SDK/platform/drivers/src/lpuart/fsl_lpuart_irq.o
                0x0000146c                LPUART0_IrqHandler
 .text.LPUART1_IrqHandler
                0x00001478        0xc ./SDK/platform/drivers/src/lpuart/fsl_lpuart_irq.o
                0x00001478                LPUART1_IrqHandler
 .text.LPUART2_IrqHandler
                0x00001484        0xc ./SDK/platform/drivers/src/lpuart/fsl_lpuart_irq.o
                0x00001484                LPUART2_IrqHandler
 .text.LPUART_DRV_StartSendDataUsingInt
                0x00001490       0x40 ./SDK/platform/drivers/src/lpuart/fsl_lpuart_driver.o
 .text.LPUART_DRV_StartSendDataUsingDma
                0x000014d0       0xc4 ./SDK/platform/drivers/src/lpuart/fsl_lpuart_driver.o
 .text.LPUART_DRV_CompleteSendDataUsingInt
                0x00001594       0x38 ./SDK/platform/drivers/src/lpuart/fsl_lpuart_driver.o
 .text.LPUART_DRV_CompleteReceiveDataUsingInt
                0x000015cc       0x48 ./SDK/platform/drivers/src/lpuart/fsl_lpuart_driver.o
 .text.LPUART_DRV_CompleteSendDataUsingDma
                0x00001614       0x54 ./SDK/platform/drivers/src/lpuart/fsl_lpuart_driver.o
 .text.LPUART_DRV_Init
                0x00001668      0x10c ./SDK/platform/drivers/src/lpuart/fsl_lpuart_driver.o
                0x00001668                LPUART_DRV_Init
 .text.LPUART_DRV_SendData
                0x00001774       0x30 ./SDK/platform/drivers/src/lpuart/fsl_lpuart_driver.o
                0x00001774                LPUART_DRV_SendData
 .text.LPUART_DRV_GetTransmitStatus
                0x000017a4       0x4c ./SDK/platform/drivers/src/lpuart/fsl_lpuart_driver.o
                0x000017a4                LPUART_DRV_GetTransmitStatus
 .text.LPUART_DRV_IRQHandler
                0x000017f0       0xcc ./SDK/platform/drivers/src/lpuart/fsl_lpuart_driver.o
                0x000017f0                LPUART_DRV_IRQHandler
 .text.PINS_DRV_Init
                0x000018bc      0x148 ./SDK/platform/drivers/src/pins/fsl_pins_driver.o
                0x000018bc                PINS_DRV_Init
 .text.EDMA_HAL_SetErrorIntCmd
                0x00001a04        0xc ./SDK/platform/hal/src/edma/fsl_edma_hal.o
                0x00001a04                EDMA_HAL_SetErrorIntCmd
 .text.EDMA_HAL_SetDmaRequestCmd
                0x00001a10        0xc ./SDK/platform/hal/src/edma/fsl_edma_hal.o
                0x00001a10                EDMA_HAL_SetDmaRequestCmd
 .text.EDMA_HAL_TCDClearReg
                0x00001a1c       0x3c ./SDK/platform/hal/src/edma/fsl_edma_hal.o
                0x00001a1c                EDMA_HAL_TCDClearReg
 .text.EDMA_HAL_TCDSetAttribute
                0x00001a58       0x28 ./SDK/platform/hal/src/edma/fsl_edma_hal.o
                0x00001a58                EDMA_HAL_TCDSetAttribute
 .text.EDMA_HAL_TCDSetNbytes
                0x00001a80       0x5c ./SDK/platform/hal/src/edma/fsl_edma_hal.o
                0x00001a80                EDMA_HAL_TCDSetNbytes
 .text.EDMA_HAL_TCDSetMajorCount
                0x00001adc       0x60 ./SDK/platform/hal/src/edma/fsl_edma_hal.o
                0x00001adc                EDMA_HAL_TCDSetMajorCount
 .text.EDMA_HAL_TCDGetCurrentMajorCount
                0x00001b3c       0x34 ./SDK/platform/hal/src/edma/fsl_edma_hal.o
                0x00001b3c                EDMA_HAL_TCDGetCurrentMajorCount
 .text.LPUART_HAL_Init
                0x00001b70       0x24 ./SDK/platform/hal/src/lpuart/fsl_lpuart_hal.o
                0x00001b70                LPUART_HAL_Init
 .text.LPUART_HAL_SetBaudRate
                0x00001b94       0xac ./SDK/platform/hal/src/lpuart/fsl_lpuart_hal.o
                0x00001b94                LPUART_HAL_SetBaudRate
 .text.LPUART_HAL_SetBitCountPerChar
                0x00001c40       0x24 ./SDK/platform/hal/src/lpuart/fsl_lpuart_hal.o
                0x00001c40                LPUART_HAL_SetBitCountPerChar
 .text.LPUART_HAL_SetParityMode
                0x00001c64       0x20 ./SDK/platform/hal/src/lpuart/fsl_lpuart_hal.o
                0x00001c64                LPUART_HAL_SetParityMode
 .text.LPUART_HAL_SetIntMode
                0x00001c84       0xa8 ./SDK/platform/hal/src/lpuart/fsl_lpuart_hal.o
                0x00001c84                LPUART_HAL_SetIntMode
 .text.LPUART_HAL_GetIntMode
                0x00001d2c       0x6c ./SDK/platform/hal/src/lpuart/fsl_lpuart_hal.o
                0x00001d2c                LPUART_HAL_GetIntMode
 .text.LPUART_HAL_GetStatusFlag
                0x00001d98       0x60 ./SDK/platform/hal/src/lpuart/fsl_lpuart_hal.o
                0x00001d98                LPUART_HAL_GetStatusFlag
 .text.LPUART_HAL_ClearStatusFlag
                0x00001df8       0xe8 ./SDK/platform/hal/src/lpuart/fsl_lpuart_hal.o
                0x00001df8                LPUART_HAL_ClearStatusFlag
 .text.PCC_HAL_SetPeripheralClockConfig
                0x00001ee0       0x6c ./SDK/platform/hal/src/pcc/fsl_pcc_hal.o
                0x00001ee0                PCC_HAL_SetPeripheralClockConfig
 .text.SCG_HAL_SetSystemClockConfig
                0x00001f4c       0x40 ./SDK/platform/hal/src/scg/fsl_scg_hal.o
                0x00001f4c                SCG_HAL_SetSystemClockConfig
 .text.SCG_HAL_GetSystemClockConfig
                0x00001f8c       0x78 ./SDK/platform/hal/src/scg/fsl_scg_hal.o
                0x00001f8c                SCG_HAL_GetSystemClockConfig
 .text.SCG_HAL_InitSysOsc
                0x00002004       0x9c ./SDK/platform/hal/src/scg/fsl_scg_hal.o
                0x00002004                SCG_HAL_InitSysOsc
 .text.SCG_HAL_DeinitSysOsc
                0x000020a0       0x30 ./SDK/platform/hal/src/scg/fsl_scg_hal.o
                0x000020a0                SCG_HAL_DeinitSysOsc
 .text.SCG_HAL_GetSysOscFreq
                0x000020d0       0x18 ./SDK/platform/hal/src/scg/fsl_scg_hal.o
                0x000020d0                SCG_HAL_GetSysOscFreq
 .text.SCG_HAL_GetSysOscAsyncFreq
                0x000020e8       0x3c ./SDK/platform/hal/src/scg/fsl_scg_hal.o
                0x000020e8                SCG_HAL_GetSysOscAsyncFreq
 .text.SCG_HAL_InitSirc
                0x00002124       0x78 ./SDK/platform/hal/src/scg/fsl_scg_hal.o
                0x00002124                SCG_HAL_InitSirc
 .text.SCG_HAL_DeinitSirc
                0x0000219c       0x24 ./SDK/platform/hal/src/scg/fsl_scg_hal.o
                0x0000219c                SCG_HAL_DeinitSirc
 .text.SCG_HAL_GetSircFreq
                0x000021c0       0x2c ./SDK/platform/hal/src/scg/fsl_scg_hal.o
                0x000021c0                SCG_HAL_GetSircFreq
 .text.SCG_HAL_GetSircAsyncFreq
                0x000021ec       0x3c ./SDK/platform/hal/src/scg/fsl_scg_hal.o
                0x000021ec                SCG_HAL_GetSircAsyncFreq
 .text.SCG_HAL_InitFirc
                0x00002228       0xf4 ./SDK/platform/hal/src/scg/fsl_scg_hal.o
                0x00002228                SCG_HAL_InitFirc
 .text.SCG_HAL_DeinitFirc
                0x0000231c       0x28 ./SDK/platform/hal/src/scg/fsl_scg_hal.o
                0x0000231c                SCG_HAL_DeinitFirc
 .text.SCG_HAL_GetFircFreq
                0x00002344       0x24 ./SDK/platform/hal/src/scg/fsl_scg_hal.o
                0x00002344                SCG_HAL_GetFircFreq
 .text.SCG_HAL_GetFircAsyncFreq
                0x00002368       0x3c ./SDK/platform/hal/src/scg/fsl_scg_hal.o
                0x00002368                SCG_HAL_GetFircAsyncFreq
 .text.SCG_HAL_InitSysPll
                0x000023a4       0xb0 ./SDK/platform/hal/src/scg/fsl_scg_hal.o
                0x000023a4                SCG_HAL_InitSysPll
 .text.SCG_HAL_DeinitSysPll
                0x00002454       0x28 ./SDK/platform/hal/src/scg/fsl_scg_hal.o
                0x00002454                SCG_HAL_DeinitSysPll
 .text.SCG_HAL_GetSysPllFreq
                0x0000247c       0x40 ./SDK/platform/hal/src/scg/fsl_scg_hal.o
                0x0000247c                SCG_HAL_GetSysPllFreq
 .text.SCG_HAL_GetSystemClockFreq
                0x000024bc       0x74 ./SDK/platform/hal/src/scg/fsl_scg_hal.o
                0x000024bc                SCG_HAL_GetSystemClockFreq
 .text.SCG_HAL_GetSysPllAsyncFreq
                0x00002530       0x3c ./SDK/platform/hal/src/scg/fsl_scg_hal.o
                0x00002530                SCG_HAL_GetSysPllAsyncFreq
 .text.SCG_HAL_SetRtcClkInFreq
                0x0000256c        0xc ./SDK/platform/hal/src/scg/fsl_scg_hal.o
                0x0000256c                SCG_HAL_SetRtcClkInFreq
 .text.SCG_HAL_GetRtcClkInFreq
                0x00002578        0xc ./SDK/platform/hal/src/scg/fsl_scg_hal.o
                0x00002578                SCG_HAL_GetRtcClkInFreq
 .text.SIM_HAL_GetClkoutConfig
                0x00002584       0xa4 ./SDK/platform/hal/src/sim/S32K144/fsl_sim_hal_S32K144.o
                0x00002584                SIM_HAL_GetClkoutConfig
 .text.SIM_HAL_InitClkout
                0x00002628       0x30 ./SDK/platform/hal/src/sim/S32K144/fsl_sim_hal_S32K144.o
                0x00002628                SIM_HAL_InitClkout
 .text.SIM_HAL_GetFtmExternalClkPinMode
                0x00002658       0x6c ./SDK/platform/hal/src/sim/S32K144/fsl_sim_hal_S32K144.o
                0x00002658                SIM_HAL_GetFtmExternalClkPinMode
 .text.SIM_HAL_GetLpo32KFreq
                0x000026c4       0x14 ./SDK/platform/hal/src/sim/S32K144/fsl_sim_hal_S32K144.o
                0x000026c4                SIM_HAL_GetLpo32KFreq
 .text.SIM_HAL_GetLpo1KFreq
                0x000026d8       0x14 ./SDK/platform/hal/src/sim/S32K144/fsl_sim_hal_S32K144.o
                0x000026d8                SIM_HAL_GetLpo1KFreq
 .text.SIM_HAL_GetLpoFreq
                0x000026ec       0x28 ./SDK/platform/hal/src/sim/S32K144/fsl_sim_hal_S32K144.o
                0x000026ec                SIM_HAL_GetLpoFreq
 .text.SIM_HAL_InitTraceClock
                0x00002714       0x50 ./SDK/platform/hal/src/sim/S32K144/fsl_sim_hal_S32K144.o
                0x00002714                SIM_HAL_InitTraceClock
 .text.SysTick_Handler
                0x00002764       0x10 ./SDK/rtos/osif/fsl_osif_baremetal.o
                0x00002764                SysTick_Handler
 .text.OSIF_MutexLock
                0x00002774        0x4 ./SDK/rtos/osif/fsl_osif_baremetal.o
                0x00002774                OSIF_MutexLock
 .text.OSIF_MutexUnlock
                0x00002778        0x4 ./SDK/rtos/osif/fsl_osif_baremetal.o
                0x00002778                OSIF_MutexUnlock
 .text.OSIF_SemaPost
                0x0000277c       0x28 ./SDK/rtos/osif/fsl_osif_baremetal.o
                0x0000277c                OSIF_SemaPost
 .text.OSIF_SemaCreate
                0x000027a4       0x14 ./SDK/rtos/osif/fsl_osif_baremetal.o
                0x000027a4                OSIF_SemaCreate
 .text.SIRC_div
                0x000027b8       0x48 ./Sources/main.o
                0x000027b8                SIRC_div
 .text.PORT_conf
                0x00002800       0x6c ./Sources/main.o
                0x00002800                PORT_conf
 .text.main     0x0000286c      0x120 ./Sources/main.o
                0x0000286c                main
 .text.bus_busy
                0x0000298c       0x50 ./Sources/I2C.o
 .text.generate_stop
                0x000029dc       0x64 ./Sources/I2C.o
 .text.LPI2C0_init
                0x00002a40       0x34 ./Sources/I2C.o
                0x00002a40                LPI2C0_init
 .text.LPI2C0_clock
                0x00002a74       0x20 ./Sources/I2C.o
                0x00002a74                LPI2C0_clock
 .text.LPI2C0_write
                0x00002a94       0x40 ./Sources/I2C.o
                0x00002a94                LPI2C0_write
 .text.LPI2C0_read
                0x00002ad4       0xc8 ./Sources/I2C.o
                0x00002ad4                LPI2C0_read
 .text.LPI2C0_Master_IRQHandler
                0x00002b9c       0xb0 ./Sources/I2C.o
                0x00002b9c                LPI2C0_Master_IRQHandler
 .text.LPI2C0_IRQs
                0x00002c4c       0x18 ./Sources/I2C.o
                0x00002c4c                LPI2C0_IRQs
 .text.memset   0x00002c64       0x10 C:/nxp/S32DS_ARM_v1.3/Cross_Tools/gcc-arm-none-eabi-4_9/arm-none-eabi/newlib/lib/armv7e-m/fpu\libc_nano.a(lib_a-memset.o)
                0x00002c64                memset
 .text.sprintf  0x00002c74       0x48 C:/nxp/S32DS_ARM_v1.3/Cross_Tools/gcc-arm-none-eabi-4_9/arm-none-eabi/newlib/lib/armv7e-m/fpu\libc_nano.a(lib_a-sprintf.o)
                0x00002c74                siprintf
                0x00002c74                sprintf
 .text.strlen   0x00002cbc       0x10 C:/nxp/S32DS_ARM_v1.3/Cross_Tools/gcc-arm-none-eabi-4_9/arm-none-eabi/newlib/lib/armv7e-m/fpu\libc_nano.a(lib_a-strlen.o)
                0x00002cbc                strlen
 .text.__ssputs_r
                0x00002ccc       0xb2 C:/nxp/S32DS_ARM_v1.3/Cross_Tools/gcc-arm-none-eabi-4_9/arm-none-eabi/newlib/lib/armv7e-m/fpu\libc_nano.a(lib_a-nano-svfprintf.o)
                0x00002ccc                __ssputs_r
 *fill*         0x00002d7e        0x2 
 .text._svfprintf_r
                0x00002d80      0x1e4 C:/nxp/S32DS_ARM_v1.3/Cross_Tools/gcc-arm-none-eabi-4_9/arm-none-eabi/newlib/lib/armv7e-m/fpu\libc_nano.a(lib_a-nano-svfprintf.o)
                0x00002d80                _svfiprintf_r
                0x00002d80                _svfprintf_r
 .text._printf_common
                0x00002f64       0xea C:/nxp/S32DS_ARM_v1.3/Cross_Tools/gcc-arm-none-eabi-4_9/arm-none-eabi/newlib/lib/armv7e-m/fpu\libc_nano.a(lib_a-nano-vfprintf_i.o)
                0x00002f64                _printf_common
 *fill*         0x0000304e        0x2 
 .text._printf_i
                0x00003050      0x240 C:/nxp/S32DS_ARM_v1.3/Cross_Tools/gcc-arm-none-eabi-4_9/arm-none-eabi/newlib/lib/armv7e-m/fpu\libc_nano.a(lib_a-nano-vfprintf_i.o)
                0x00003050                _printf_i
 .text.memchr   0x00003290       0x1e C:/nxp/S32DS_ARM_v1.3/Cross_Tools/gcc-arm-none-eabi-4_9/arm-none-eabi/newlib/lib/armv7e-m/fpu\libc_nano.a(lib_a-memchr.o)
                0x00003290                memchr
 .text.memcpy   0x000032ae       0x16 C:/nxp/S32DS_ARM_v1.3/Cross_Tools/gcc-arm-none-eabi-4_9/arm-none-eabi/newlib/lib/armv7e-m/fpu\libc_nano.a(lib_a-memcpy.o)
                0x000032ae                memcpy
 .text.memmove  0x000032c4       0x36 C:/nxp/S32DS_ARM_v1.3/Cross_Tools/gcc-arm-none-eabi-4_9/arm-none-eabi/newlib/lib/armv7e-m/fpu\libc_nano.a(lib_a-memmove.o)
                0x000032c4                memmove
 *fill*         0x000032fa        0x2 
 .text._free_r  0x000032fc       0x88 C:/nxp/S32DS_ARM_v1.3/Cross_Tools/gcc-arm-none-eabi-4_9/arm-none-eabi/newlib/lib/armv7e-m/fpu\libc_nano.a(lib_a-nano-freer.o)
                0x000032fc                _free_r
 .text._malloc_r
                0x00003384       0xac C:/nxp/S32DS_ARM_v1.3/Cross_Tools/gcc-arm-none-eabi-4_9/arm-none-eabi/newlib/lib/armv7e-m/fpu\libc_nano.a(lib_a-nano-mallocr.o)
                0x00003384                _malloc_r
 .text._realloc_r
                0x00003430       0x4c C:/nxp/S32DS_ARM_v1.3/Cross_Tools/gcc-arm-none-eabi-4_9/arm-none-eabi/newlib/lib/armv7e-m/fpu\libc_nano.a(lib_a-nano-reallocr.o)
                0x00003430                _realloc_r
 .text._sbrk_r  0x0000347c       0x20 C:/nxp/S32DS_ARM_v1.3/Cross_Tools/gcc-arm-none-eabi-4_9/arm-none-eabi/newlib/lib/armv7e-m/fpu\libc_nano.a(lib_a-sbrkr.o)
                0x0000347c                _sbrk_r
 .text._malloc_usable_size_r
                0x0000349c       0x14 C:/nxp/S32DS_ARM_v1.3/Cross_Tools/gcc-arm-none-eabi-4_9/arm-none-eabi/newlib/lib/armv7e-m/fpu\libc_nano.a(lib_a-nano-msizer.o)
                0x0000349c                _malloc_usable_size_r
 .text._sbrk    0x000034b0       0x48 C:/nxp/S32DS_ARM_v1.3/Cross_Tools/gcc-arm-none-eabi-4_9/arm-none-eabi/newlib/lib/armv7e-m/fpu\librdimon_nano.a(rdimon-syscalls.o)
                0x000034b0                _sbrk
 .text.__errno  0x000034f8        0xc C:/nxp/S32DS_ARM_v1.3/Cross_Tools/gcc-arm-none-eabi-4_9/arm-none-eabi/newlib/lib/armv7e-m/fpu\libc_nano.a(lib_a-errno.o)
                0x000034f8                __errno
 *(.rodata)
 *(.rodata*)
 .rodata.lpuart1_InitConfig0
                0x00003504        0x8 ./Generated_Code/lpuart1.o
                0x00003504                lpuart1_InitConfig0
 .rodata.g_dmamuxBase
                0x0000350c        0x4 ./SDK/platform/drivers/src/edma/fsl_edma_common.o
                0x0000350c                g_dmamuxBase
 .rodata.g_edmaBase
                0x00003510        0x4 ./SDK/platform/drivers/src/edma/fsl_edma_common.o
                0x00003510                g_edmaBase
 .rodata.g_lpuartRxTxIrqId
                0x00003514        0x3 ./SDK/platform/drivers/src/lpuart/fsl_lpuart_common.o
                0x00003514                g_lpuartRxTxIrqId
 *fill*         0x00003517        0x1 
 .rodata.g_lpuartTxDMASrc
                0x00003518        0x3 ./SDK/platform/drivers/src/lpuart/fsl_lpuart_common.o
                0x00003518                g_lpuartTxDMASrc
 *fill*         0x0000351b        0x1 
 .rodata.g_lpuartIsr
                0x0000351c        0xc ./SDK/platform/drivers/src/lpuart/fsl_lpuart_common.o
                0x0000351c                g_lpuartIsr
 .rodata.g_lpuartBase
                0x00003528        0xc ./SDK/platform/drivers/src/lpuart/fsl_lpuart_common.o
                0x00003528                g_lpuartBase
 .rodata.g_lpuartClkNames
                0x00003534        0x3 ./SDK/platform/drivers/src/lpuart/fsl_lpuart_common.o
                0x00003534                g_lpuartClkNames
 *fill*         0x00003537        0x1 
 .rodata.clockNameMappings
                0x00003538       0x9e ./SDK/platform/hal/src/pcc/fsl_pcc_hal.o
                0x00003538                clockNameMappings
 *fill*         0x000035d6        0x2 
 .rodata.fircFreq.5330
                0x000035d8       0x10 ./SDK/platform/hal/src/scg/fsl_scg_hal.o
 .rodata.systemClockDividerValues.5242
                0x000035e8       0x10 ./SDK/platform/hal/src/scg/fsl_scg_hal.o
 .rodata.str1.4
                0x000035f8       0xb4 ./Sources/main.o
                                 0xb3 (size before relaxing)
 .rodata.str1.1
                0x000036ac        0x2 C:/nxp/S32DS_ARM_v1.3/Cross_Tools/gcc-arm-none-eabi-4_9/arm-none-eabi/newlib/lib/armv7e-m/fpu\libc_nano.a(lib_a-impure.o)
 .rodata.str1.1
                0x000036ae       0x11 C:/nxp/S32DS_ARM_v1.3/Cross_Tools/gcc-arm-none-eabi-4_9/arm-none-eabi/newlib/lib/armv7e-m/fpu\libc_nano.a(lib_a-nano-svfprintf.o)
 .rodata.str1.1
                0x000036bf       0x22 C:/nxp/S32DS_ARM_v1.3/Cross_Tools/gcc-arm-none-eabi-4_9/arm-none-eabi/newlib/lib/armv7e-m/fpu\libc_nano.a(lib_a-nano-vfprintf_i.o)
 *fill*         0x000036e1        0x3 
 .rodata.__sf_fake_stdin
                0x000036e4       0x20 C:/nxp/S32DS_ARM_v1.3/Cross_Tools/gcc-arm-none-eabi-4_9/arm-none-eabi/newlib/lib/armv7e-m/fpu\libc_nano.a(lib_a-findfp.o)
                0x000036e4                __sf_fake_stdin
 .rodata.__sf_fake_stdout
                0x00003704       0x20 C:/nxp/S32DS_ARM_v1.3/Cross_Tools/gcc-arm-none-eabi-4_9/arm-none-eabi/newlib/lib/armv7e-m/fpu\libc_nano.a(lib_a-findfp.o)
                0x00003704                __sf_fake_stdout
 .rodata.__sf_fake_stderr
                0x00003724       0x20 C:/nxp/S32DS_ARM_v1.3/Cross_Tools/gcc-arm-none-eabi-4_9/arm-none-eabi/newlib/lib/armv7e-m/fpu\libc_nano.a(lib_a-findfp.o)
                0x00003724                __sf_fake_stderr
 *(.glue_7)
 .glue_7        0x00000000        0x0 linker stubs
 *(.glue_7t)
 .glue_7t       0x00000000        0x0 linker stubs
 *(.eh_frame)
 .eh_frame      0x00003744        0x0 c:/nxp/s32ds_arm_v1.3/cross_tools/gcc-arm-none-eabi-4_9/bin/../lib/gcc/arm-none-eabi/4.9.3/armv7e-m/fpu/crtbegin.o
 *(.init)
 .init          0x00003744        0x4 c:/nxp/s32ds_arm_v1.3/cross_tools/gcc-arm-none-eabi-4_9/bin/../lib/gcc/arm-none-eabi/4.9.3/armv7e-m/fpu/crti.o
                0x00003744                _init
 .init          0x00003748        0x8 c:/nxp/s32ds_arm_v1.3/cross_tools/gcc-arm-none-eabi-4_9/bin/../lib/gcc/arm-none-eabi/4.9.3/armv7e-m/fpu/crtn.o
 *(.fini)
 .fini          0x00003750        0x4 c:/nxp/s32ds_arm_v1.3/cross_tools/gcc-arm-none-eabi-4_9/bin/../lib/gcc/arm-none-eabi/4.9.3/armv7e-m/fpu/crti.o
                0x00003750                _fini
 .fini          0x00003754        0x8 c:/nxp/s32ds_arm_v1.3/cross_tools/gcc-arm-none-eabi-4_9/bin/../lib/gcc/arm-none-eabi/4.9.3/armv7e-m/fpu/crtn.o
                0x0000375c                . = ALIGN (0x4)

.vfp11_veneer   0x0000375c        0x0
 .vfp11_veneer  0x00000000        0x0 linker stubs

.v4_bx          0x0000375c        0x0
 .v4_bx         0x00000000        0x0 linker stubs

.iplt           0x0000375c        0x0
 .iplt          0x00000000        0x0 c:/nxp/s32ds_arm_v1.3/cross_tools/gcc-arm-none-eabi-4_9/bin/../lib/gcc/arm-none-eabi/4.9.3/armv7e-m/fpu/crtbegin.o

.rel.dyn        0x0000375c        0x0
 .rel.iplt      0x00000000        0x0 c:/nxp/s32ds_arm_v1.3/cross_tools/gcc-arm-none-eabi-4_9/bin/../lib/gcc/arm-none-eabi/4.9.3/armv7e-m/fpu/crtbegin.o

.ARM.extab
 *(.ARM.extab* .gnu.linkonce.armextab.*)

.ARM            0x0000375c        0x0
                0x0000375c                __exidx_start = .
 *(.ARM.exidx*)
                0x0000375c                __exidx_end = .

.ctors          0x0000375c        0x0
                0x0000375c                __CTOR_LIST__ = .
 *crtbegin.o(.ctors)
 *crtbegin?.o(.ctors)
 *(EXCLUDE_FILE(*crtend.o *crtend?.o) .ctors)
 *(SORT(.ctors.*))
 *(.ctors)
                0x0000375c                __CTOR_END__ = .

.dtors          0x0000375c        0x0
                0x0000375c                __DTOR_LIST__ = .
 *crtbegin.o(.dtors)
 *crtbegin?.o(.dtors)
 *(EXCLUDE_FILE(*crtend.o *crtend?.o) .dtors)
 *(SORT(.dtors.*))
 *(.dtors)
                0x0000375c                __DTOR_END__ = .

.preinit_array  0x0000375c        0x0
                0x0000375c                PROVIDE (__preinit_array_start, .)
 *(.preinit_array*)
                0x0000375c                PROVIDE (__preinit_array_end, .)

.init_array     0x0000375c        0x4
                0x0000375c                PROVIDE (__init_array_start, .)
 *(SORT(.init_array.*))
 *(.init_array*)
 .init_array    0x0000375c        0x4 c:/nxp/s32ds_arm_v1.3/cross_tools/gcc-arm-none-eabi-4_9/bin/../lib/gcc/arm-none-eabi/4.9.3/armv7e-m/fpu/crtbegin.o
                0x00003760                PROVIDE (__init_array_end, .)

.fini_array     0x00003760        0x4
                0x00003760                PROVIDE (__fini_array_start, .)
 *(SORT(.fini_array.*))
 *(.fini_array*)
 .fini_array    0x00003760        0x4 c:/nxp/s32ds_arm_v1.3/cross_tools/gcc-arm-none-eabi-4_9/bin/../lib/gcc/arm-none-eabi/4.9.3/armv7e-m/fpu/crtbegin.o
                0x00003764                PROVIDE (__fini_array_end, .)
                0x00003764                __etext = .
                0x00003764                __DATA_ROM = .

.interrupts_ram
                0x1fff8000      0x400
                0x1fff8000                . = ALIGN (0x4)
                0x1fff8000                __VECTOR_RAM__ = .
                0x1fff8000                __interrupts_ram_start__ = .
 *(.m_interrupts_ram)
                0x1fff8400                . = (. + M_VECTOR_RAM_SIZE)
 *fill*         0x1fff8000      0x400 
                0x1fff8400                . = ALIGN (0x4)
                0x1fff8400                __interrupts_ram_end__ = .
                0x1fff8000                __VECTOR_RAM = DEFINED (__flash_vector_table__)?ORIGIN (m_interrupts):__VECTOR_RAM__
                0x00000400                __RAM_VECTOR_TABLE_SIZE = DEFINED (__flash_vector_table__)?0x0:(__interrupts_ram_end__ - __interrupts_ram_start__)

.data           0x1fff8400      0xab8 load address 0x00003764
                0x1fff8400                . = ALIGN (0x4)
                0x1fff8400                __DATA_RAM = .
                0x1fff8400                __data_start__ = .
 *(.data)
 *(.data*)
 .data.g_pin_mux_InitConfigArr
                0x1fff8400      0x858 ./Generated_Code/pin_mux.o
                0x1fff8400                g_pin_mux_InitConfigArr
 .data.clockMan1_InitConfig0
                0x1fff8c58       0x80 ./Generated_Code/clockMan1.o
                0x1fff8c58                clockMan1_InitConfig0
 .data.clockMan1_InitConfig1
                0x1fff8cd8       0x80 ./Generated_Code/clockMan1.o
                0x1fff8cd8                clockMan1_InitConfig1
 .data.clockMan1_InitConfig2
                0x1fff8d58       0x80 ./Generated_Code/clockMan1.o
                0x1fff8d58                clockMan1_InitConfig2
 .data.peripheralClockConfig0
                0x1fff8dd8       0x2d ./Generated_Code/clockMan1.o
                0x1fff8dd8                peripheralClockConfig0
 *fill*         0x1fff8e05        0x3 
 .data.peripheralClockConfig1
                0x1fff8e08       0x19 ./Generated_Code/clockMan1.o
                0x1fff8e08                peripheralClockConfig1
 *fill*         0x1fff8e21        0x3 
 .data.peripheralClockConfig2
                0x1fff8e24       0x19 ./Generated_Code/clockMan1.o
                0x1fff8e24                peripheralClockConfig2
 *fill*         0x1fff8e3d        0x3 
 .data.g_clockManConfigsArr
                0x1fff8e40        0xc ./Generated_Code/clockMan1.o
                0x1fff8e40                g_clockManConfigsArr
 .data.impure_data
                0x1fff8e4c       0x60 C:/nxp/S32DS_ARM_v1.3/Cross_Tools/gcc-arm-none-eabi-4_9/arm-none-eabi/newlib/lib/armv7e-m/fpu\libc_nano.a(lib_a-impure.o)
 .data._impure_ptr
                0x1fff8eac        0x4 C:/nxp/S32DS_ARM_v1.3/Cross_Tools/gcc-arm-none-eabi-4_9/arm-none-eabi/newlib/lib/armv7e-m/fpu\libc_nano.a(lib_a-impure.o)
                0x1fff8eac                _impure_ptr
 .data.__heap_limit
                0x1fff8eb0        0x4 C:/nxp/S32DS_ARM_v1.3/Cross_Tools/gcc-arm-none-eabi-4_9/arm-none-eabi/newlib/lib/armv7e-m/fpu\librdimon_nano.a(rdimon-syscalls.o)
 *(.jcr*)
 .jcr           0x1fff8eb4        0x0 c:/nxp/s32ds_arm_v1.3/cross_tools/gcc-arm-none-eabi-4_9/bin/../lib/gcc/arm-none-eabi/4.9.3/armv7e-m/fpu/crtbegin.o
 .jcr           0x1fff8eb4        0x4 c:/nxp/s32ds_arm_v1.3/cross_tools/gcc-arm-none-eabi-4_9/bin/../lib/gcc/arm-none-eabi/4.9.3/armv7e-m/fpu/crtend.o
                0x1fff8eb8                . = ALIGN (0x4)
                0x1fff8eb8                __data_end__ = .
                0x0000421c                __DATA_END = (__DATA_ROM + (__data_end__ - __data_start__))
                0x0000421c                __CODE_ROM = __DATA_END

.igot.plt       0x1fff8eb8        0x0 load address 0x0000421c
 .igot.plt      0x00000000        0x0 c:/nxp/s32ds_arm_v1.3/cross_tools/gcc-arm-none-eabi-4_9/bin/../lib/gcc/arm-none-eabi/4.9.3/armv7e-m/fpu/crtbegin.o

.code           0x1fff8eb8        0x0 load address 0x0000421c
                0x1fff8eb8                . = ALIGN (0x4)
                0x1fff8eb8                __CODE_RAM = .
                0x1fff8eb8                __code_start__ = .
 *(.code_ram)
                0x1fff8eb8                . = ALIGN (0x4)
                0x1fff8eb8                __code_end__ = .
                0x0000421c                __CODE_END = (__CODE_ROM + (__code_end__ - __code_start__))

.customSectionBlock
 *(.customSection)

.bss            0x20000000       0xdc
                0x20000000                . = ALIGN (0x4)
                0x20000000                __BSS_START = .
                0x20000000                __bss_start__ = .
 *(.bss)
 .bss           0x20000000       0x1c c:/nxp/s32ds_arm_v1.3/cross_tools/gcc-arm-none-eabi-4_9/bin/../lib/gcc/arm-none-eabi/4.9.3/armv7e-m/fpu/crtbegin.o
 *(.bss*)
 .bss.g_clockManCallbacksArr
                0x2000001c        0x4 ./Generated_Code/clockMan1.o
                0x2000001c                g_clockManCallbacksArr
 .bss.g_clockState
                0x20000020       0x10 ./SDK/platform/drivers/src/clock/fsl_clock_manager.o
 .bss.s_edma    0x20000030        0x4 ./SDK/platform/drivers/src/edma/fsl_edma_driver.o
 .bss.g_interruptDisableCount
                0x20000034        0x4 ./SDK/platform/drivers/src/interrupt/fsl_interrupt_manager.o
 .bss.g_lpuartStatePtr
                0x20000038        0xc ./SDK/platform/drivers/src/lpuart/fsl_lpuart_driver.o
                0x20000038                g_lpuartStatePtr
 .bss.s_osif_tick_cnt
                0x20000044        0x4 ./SDK/rtos/osif/fsl_osif_baremetal.o
 .bss.error     0x20000048        0x1 ./Sources/I2C.o
 *fill*         0x20000049        0x3 
 .bss.__malloc_sbrk_start
                0x2000004c        0x4 C:/nxp/S32DS_ARM_v1.3/Cross_Tools/gcc-arm-none-eabi-4_9/arm-none-eabi/newlib/lib/armv7e-m/fpu\libc_nano.a(lib_a-nano-mallocr.o)
                0x2000004c                __malloc_sbrk_start
 .bss.__malloc_free_list
                0x20000050        0x4 C:/nxp/S32DS_ARM_v1.3/Cross_Tools/gcc-arm-none-eabi-4_9/arm-none-eabi/newlib/lib/armv7e-m/fpu\libc_nano.a(lib_a-nano-mallocr.o)
                0x20000050                __malloc_free_list
 .bss.heap_end.6001
                0x20000054        0x4 C:/nxp/S32DS_ARM_v1.3/Cross_Tools/gcc-arm-none-eabi-4_9/arm-none-eabi/newlib/lib/armv7e-m/fpu\librdimon_nano.a(rdimon-syscalls.o)
 *(COMMON)
 COMMON         0x20000058       0x4c ./Generated_Code/lpuart1.o
                0x20000058                lpuart1_State
 COMMON         0x200000a4       0x14 ./SDK/platform/drivers/src/clock/S32K144/fsl_clock_S32K144.o
                0x200000a4                g_xtal0ClkFreq
                0x200000a8                g_RtcClkInFreq
                0x200000ac                g_TClkFreq
 COMMON         0x200000b8       0x1d ./Sources/main.o
                0x200000b8                altitude_meters
                0x200000ba                err_3
                0x200000bc                temperature
                0x200000be                err_1
                0x200000bf                temperature_c_deg
                0x200000c0                altitude_fraction
                0x200000c4                id
                0x200000c5                err_4
                0x200000c6                temperature_fraction
                0x200000c7                test
                0x200000c8                err_0
                0x200000cc                altitude
                0x200000cf                err_5
                0x200000d0                err_2
                0x200000d1                err_6
                0x200000d2                ready
                0x200000d4                status
 *fill*         0x200000d5        0x3 
 COMMON         0x200000d8        0x4 C:/nxp/S32DS_ARM_v1.3/Cross_Tools/gcc-arm-none-eabi-4_9/arm-none-eabi/newlib/lib/armv7e-m/fpu\libc_nano.a(lib_a-reent.o)
                0x200000d8                errno
                0x200000dc                . = ALIGN (0x4)
                0x200000dc                __bss_end__ = .
                0x200000dc                __BSS_END = .

.heap           0x200000dc      0x404
                0x200000e0                . = ALIGN (0x8)
 *fill*         0x200000dc        0x4 
                0x200000e0                __end__ = .
                0x200000e0                PROVIDE (end, .)
                0x200000e0                PROVIDE (_end, .)
                0x200000e0                PROVIDE (__end, .)
                0x200000e0                __HeapBase = .
                0x200004e0                . = (. + HEAP_SIZE)
 *fill*         0x200000e0      0x400 
                0x200004e0                __HeapLimit = .
                0x200004e0                __heap_limit = .

.stack          0x200004e0      0x400
                0x200004e0                . = ALIGN (0x8)
                0x200008e0                . = (. + STACK_SIZE)
 *fill*         0x200004e0      0x400 
                0x20007000                __StackTop = (ORIGIN (m_data_2) + 0x7000)
                0x20006c00                __StackLimit = (__StackTop - STACK_SIZE)
                0x20007000                PROVIDE (__stack, __StackTop)

.ARM.attributes
                0x00000000       0x30
 *(.ARM.attributes)
 .ARM.attributes
                0x00000000       0x22 c:/nxp/s32ds_arm_v1.3/cross_tools/gcc-arm-none-eabi-4_9/bin/../lib/gcc/arm-none-eabi/4.9.3/armv7e-m/fpu/crti.o
 .ARM.attributes
                0x00000022       0x34 c:/nxp/s32ds_arm_v1.3/cross_tools/gcc-arm-none-eabi-4_9/bin/../lib/gcc/arm-none-eabi/4.9.3/armv7e-m/fpu/crtbegin.o
 .ARM.attributes
                0x00000056       0x39 ./Generated_Code/pin_mux.o
 .ARM.attributes
                0x0000008f       0x39 ./Generated_Code/lpuart1.o
 .ARM.attributes
                0x000000c8       0x39 ./Generated_Code/clockMan1.o
 .ARM.attributes
                0x00000101       0x1f ./Project_Settings/Startup_Code/startup_S32K144.o
 .ARM.attributes
                0x00000120       0x39 ./SDK/platform/devices/S32K144/startup/system_S32K144.o
 .ARM.attributes
                0x00000159       0x39 ./SDK/platform/devices/startup.o
 .ARM.attributes
                0x00000192       0x39 ./SDK/platform/drivers/src/clock/S32K144/fsl_clock_S32K144.o
 .ARM.attributes
                0x000001cb       0x39 ./SDK/platform/drivers/src/clock/fsl_clock_manager.o
 .ARM.attributes
                0x00000204       0x39 ./SDK/platform/drivers/src/edma/fsl_edma_irq.o
 .ARM.attributes
                0x0000023d       0x39 ./SDK/platform/drivers/src/edma/fsl_edma_driver.o
 .ARM.attributes
                0x00000276       0x39 ./SDK/platform/drivers/src/edma/fsl_edma_common.o
 .ARM.attributes
                0x000002af       0x39 ./SDK/platform/drivers/src/interrupt/fsl_interrupt_manager.o
 .ARM.attributes
                0x000002e8       0x39 ./SDK/platform/drivers/src/lpuart/fsl_lpuart_irq.o
 .ARM.attributes
                0x00000321       0x39 ./SDK/platform/drivers/src/lpuart/fsl_lpuart_driver.o
 .ARM.attributes
                0x0000035a       0x39 ./SDK/platform/drivers/src/lpuart/fsl_lpuart_common.o
 .ARM.attributes
                0x00000393       0x39 ./SDK/platform/drivers/src/pins/fsl_pins_driver.o
 .ARM.attributes
                0x000003cc       0x39 ./SDK/platform/hal/src/edma/fsl_edma_hal.o
 .ARM.attributes
                0x00000405       0x39 ./SDK/platform/hal/src/lpuart/fsl_lpuart_hal.o
 .ARM.attributes
                0x0000043e       0x39 ./SDK/platform/hal/src/pcc/fsl_pcc_hal.o
 .ARM.attributes
                0x00000477       0x39 ./SDK/platform/hal/src/scg/fsl_scg_hal.o
 .ARM.attributes
                0x000004b0       0x39 ./SDK/platform/hal/src/sim/S32K144/fsl_sim_hal_S32K144.o
 .ARM.attributes
                0x000004e9       0x39 ./SDK/rtos/osif/fsl_osif_baremetal.o
 .ARM.attributes
                0x00000522       0x39 ./Sources/main.o
 .ARM.attributes
                0x0000055b       0x39 ./Sources/I2C.o
 .ARM.attributes
                0x00000594       0x34 C:/nxp/S32DS_ARM_v1.3/Cross_Tools/gcc-arm-none-eabi-4_9/arm-none-eabi/newlib/lib/armv7e-m/fpu\libc_nano.a(lib_a-impure.o)
 .ARM.attributes
                0x000005c8       0x34 C:/nxp/S32DS_ARM_v1.3/Cross_Tools/gcc-arm-none-eabi-4_9/arm-none-eabi/newlib/lib/armv7e-m/fpu\libc_nano.a(lib_a-memset.o)
 .ARM.attributes
                0x000005fc       0x34 C:/nxp/S32DS_ARM_v1.3/Cross_Tools/gcc-arm-none-eabi-4_9/arm-none-eabi/newlib/lib/armv7e-m/fpu\libc_nano.a(lib_a-sprintf.o)
 .ARM.attributes
                0x00000630       0x34 C:/nxp/S32DS_ARM_v1.3/Cross_Tools/gcc-arm-none-eabi-4_9/arm-none-eabi/newlib/lib/armv7e-m/fpu\libc_nano.a(lib_a-strlen.o)
 .ARM.attributes
                0x00000664       0x34 C:/nxp/S32DS_ARM_v1.3/Cross_Tools/gcc-arm-none-eabi-4_9/arm-none-eabi/newlib/lib/armv7e-m/fpu\libc_nano.a(lib_a-nano-svfprintf.o)
 .ARM.attributes
                0x00000698       0x34 C:/nxp/S32DS_ARM_v1.3/Cross_Tools/gcc-arm-none-eabi-4_9/arm-none-eabi/newlib/lib/armv7e-m/fpu\libc_nano.a(lib_a-nano-vfprintf_i.o)
 .ARM.attributes
                0x000006cc       0x34 C:/nxp/S32DS_ARM_v1.3/Cross_Tools/gcc-arm-none-eabi-4_9/arm-none-eabi/newlib/lib/armv7e-m/fpu\libc_nano.a(lib_a-memchr.o)
 .ARM.attributes
                0x00000700       0x34 C:/nxp/S32DS_ARM_v1.3/Cross_Tools/gcc-arm-none-eabi-4_9/arm-none-eabi/newlib/lib/armv7e-m/fpu\libc_nano.a(lib_a-memcpy.o)
 .ARM.attributes
                0x00000734       0x34 C:/nxp/S32DS_ARM_v1.3/Cross_Tools/gcc-arm-none-eabi-4_9/arm-none-eabi/newlib/lib/armv7e-m/fpu\libc_nano.a(lib_a-memmove.o)
 .ARM.attributes
                0x00000768       0x34 C:/nxp/S32DS_ARM_v1.3/Cross_Tools/gcc-arm-none-eabi-4_9/arm-none-eabi/newlib/lib/armv7e-m/fpu\libc_nano.a(lib_a-nano-freer.o)
 .ARM.attributes
                0x0000079c       0x34 C:/nxp/S32DS_ARM_v1.3/Cross_Tools/gcc-arm-none-eabi-4_9/arm-none-eabi/newlib/lib/armv7e-m/fpu\libc_nano.a(lib_a-nano-mallocr.o)
 .ARM.attributes
                0x000007d0       0x34 C:/nxp/S32DS_ARM_v1.3/Cross_Tools/gcc-arm-none-eabi-4_9/arm-none-eabi/newlib/lib/armv7e-m/fpu\libc_nano.a(lib_a-nano-reallocr.o)
 .ARM.attributes
                0x00000804       0x34 C:/nxp/S32DS_ARM_v1.3/Cross_Tools/gcc-arm-none-eabi-4_9/arm-none-eabi/newlib/lib/armv7e-m/fpu\libc_nano.a(lib_a-sbrkr.o)
 .ARM.attributes
                0x00000838       0x34 C:/nxp/S32DS_ARM_v1.3/Cross_Tools/gcc-arm-none-eabi-4_9/arm-none-eabi/newlib/lib/armv7e-m/fpu\libc_nano.a(lib_a-nano-msizer.o)
 .ARM.attributes
                0x0000086c       0x34 C:/nxp/S32DS_ARM_v1.3/Cross_Tools/gcc-arm-none-eabi-4_9/arm-none-eabi/newlib/lib/armv7e-m/fpu\libc_nano.a(lib_a-reent.o)
 .ARM.attributes
                0x000008a0       0x34 C:/nxp/S32DS_ARM_v1.3/Cross_Tools/gcc-arm-none-eabi-4_9/arm-none-eabi/newlib/lib/armv7e-m/fpu\librdimon_nano.a(rdimon-syscalls.o)
 .ARM.attributes
                0x000008d4       0x34 C:/nxp/S32DS_ARM_v1.3/Cross_Tools/gcc-arm-none-eabi-4_9/arm-none-eabi/newlib/lib/armv7e-m/fpu\libc_nano.a(lib_a-errno.o)
 .ARM.attributes
                0x00000908       0x34 C:/nxp/S32DS_ARM_v1.3/Cross_Tools/gcc-arm-none-eabi-4_9/arm-none-eabi/newlib/lib/armv7e-m/fpu\libc_nano.a(lib_a-findfp.o)
 .ARM.attributes
                0x0000093c       0x34 c:/nxp/s32ds_arm_v1.3/cross_tools/gcc-arm-none-eabi-4_9/bin/../lib/gcc/arm-none-eabi/4.9.3/armv7e-m/fpu/crtend.o
 .ARM.attributes
                0x00000970       0x22 c:/nxp/s32ds_arm_v1.3/cross_tools/gcc-arm-none-eabi-4_9/bin/../lib/gcc/arm-none-eabi/4.9.3/armv7e-m/fpu/crtn.o
                0x00000001                ASSERT ((__StackLimit >= __HeapLimit), region m_data_2 overflowed with stack and heap)
OUTPUT(LPUART_Example.elf elf32-littlearm)

.debug_info     0x00000000    0x1433a
 .debug_info    0x00000000      0x39d ./Generated_Code/pin_mux.o
 .debug_info    0x0000039d      0x565 ./Generated_Code/lpuart1.o
 .debug_info    0x00000902      0xf90 ./Generated_Code/clockMan1.o
 .debug_info    0x00001892       0xca ./Project_Settings/Startup_Code/startup_S32K144.o
 .debug_info    0x0000195c      0x540 ./SDK/platform/devices/S32K144/startup/system_S32K144.o
 .debug_info    0x00001e9c      0x3fa ./SDK/platform/devices/startup.o
 .debug_info    0x00002296     0x2cd8 ./SDK/platform/drivers/src/clock/S32K144/fsl_clock_S32K144.o
 .debug_info    0x00004f6e     0x10a0 ./SDK/platform/drivers/src/clock/fsl_clock_manager.o
 .debug_info    0x0000600e      0x380 ./SDK/platform/drivers/src/edma/fsl_edma_irq.o
 .debug_info    0x0000638e     0x2e8c ./SDK/platform/drivers/src/edma/fsl_edma_driver.o
 .debug_info    0x0000921a      0x9c0 ./SDK/platform/drivers/src/edma/fsl_edma_common.o
 .debug_info    0x00009bda      0x6c5 ./SDK/platform/drivers/src/interrupt/fsl_interrupt_manager.o
 .debug_info    0x0000a29f      0x105 ./SDK/platform/drivers/src/lpuart/fsl_lpuart_irq.o
 .debug_info    0x0000a3a4     0x297b ./SDK/platform/drivers/src/lpuart/fsl_lpuart_driver.o
 .debug_info    0x0000cd1f      0x8f1 ./SDK/platform/drivers/src/lpuart/fsl_lpuart_common.o
 .debug_info    0x0000d610      0x84b ./SDK/platform/drivers/src/pins/fsl_pins_driver.o
 .debug_info    0x0000de5b      0xb3e ./SDK/platform/hal/src/edma/fsl_edma_hal.o
 .debug_info    0x0000e999      0xb65 ./SDK/platform/hal/src/lpuart/fsl_lpuart_hal.o
 .debug_info    0x0000f4fe      0x452 ./SDK/platform/hal/src/pcc/fsl_pcc_hal.o
 .debug_info    0x0000f950     0x10dd ./SDK/platform/hal/src/scg/fsl_scg_hal.o
 .debug_info    0x00010a2d      0xc2e ./SDK/platform/hal/src/sim/S32K144/fsl_sim_hal_S32K144.o
 .debug_info    0x0001165b      0x788 ./SDK/rtos/osif/fsl_osif_baremetal.o
 .debug_info    0x00011de3     0x1c8f ./Sources/main.o
 .debug_info    0x00013a72      0x8c8 ./Sources/I2C.o

.debug_abbrev   0x00000000     0x2a37
 .debug_abbrev  0x00000000       0xe9 ./Generated_Code/pin_mux.o
 .debug_abbrev  0x000000e9       0xd7 ./Generated_Code/lpuart1.o
 .debug_abbrev  0x000001c0      0x12a ./Generated_Code/clockMan1.o
 .debug_abbrev  0x000002ea       0x14 ./Project_Settings/Startup_Code/startup_S32K144.o
 .debug_abbrev  0x000002fe      0x134 ./SDK/platform/devices/S32K144/startup/system_S32K144.o
 .debug_abbrev  0x00000432      0x10c ./SDK/platform/devices/startup.o
 .debug_abbrev  0x0000053e      0x391 ./SDK/platform/drivers/src/clock/S32K144/fsl_clock_S32K144.o
 .debug_abbrev  0x000008cf      0x1c9 ./SDK/platform/drivers/src/clock/fsl_clock_manager.o
 .debug_abbrev  0x00000a98       0xc9 ./SDK/platform/drivers/src/edma/fsl_edma_irq.o
 .debug_abbrev  0x00000b61      0x479 ./SDK/platform/drivers/src/edma/fsl_edma_driver.o
 .debug_abbrev  0x00000fda      0x11b ./SDK/platform/drivers/src/edma/fsl_edma_common.o
 .debug_abbrev  0x000010f5      0x15c ./SDK/platform/drivers/src/interrupt/fsl_interrupt_manager.o
 .debug_abbrev  0x00001251       0x81 ./SDK/platform/drivers/src/lpuart/fsl_lpuart_irq.o
 .debug_abbrev  0x000012d2      0x37d ./SDK/platform/drivers/src/lpuart/fsl_lpuart_driver.o
 .debug_abbrev  0x0000164f       0xc5 ./SDK/platform/drivers/src/lpuart/fsl_lpuart_common.o
 .debug_abbrev  0x00001714      0x1ec ./SDK/platform/drivers/src/pins/fsl_pins_driver.o
 .debug_abbrev  0x00001900      0x220 ./SDK/platform/hal/src/edma/fsl_edma_hal.o
 .debug_abbrev  0x00001b20      0x269 ./SDK/platform/hal/src/lpuart/fsl_lpuart_hal.o
 .debug_abbrev  0x00001d89      0x130 ./SDK/platform/hal/src/pcc/fsl_pcc_hal.o
 .debug_abbrev  0x00001eb9      0x289 ./SDK/platform/hal/src/scg/fsl_scg_hal.o
 .debug_abbrev  0x00002142      0x205 ./SDK/platform/hal/src/sim/S32K144/fsl_sim_hal_S32K144.o
 .debug_abbrev  0x00002347      0x257 ./SDK/rtos/osif/fsl_osif_baremetal.o
 .debug_abbrev  0x0000259e      0x28d ./Sources/main.o
 .debug_abbrev  0x0000282b      0x20c ./Sources/I2C.o

.debug_aranges  0x00000000      0x830
 .debug_aranges
                0x00000000       0x18 ./Generated_Code/pin_mux.o
 .debug_aranges
                0x00000018       0x18 ./Generated_Code/lpuart1.o
 .debug_aranges
                0x00000030       0x18 ./Generated_Code/clockMan1.o
 .debug_aranges
                0x00000048       0x20 ./Project_Settings/Startup_Code/startup_S32K144.o
 .debug_aranges
                0x00000068       0x30 ./SDK/platform/devices/S32K144/startup/system_S32K144.o
 .debug_aranges
                0x00000098       0x20 ./SDK/platform/devices/startup.o
 .debug_aranges
                0x000000b8       0x70 ./SDK/platform/drivers/src/clock/S32K144/fsl_clock_S32K144.o
 .debug_aranges
                0x00000128       0x38 ./SDK/platform/drivers/src/clock/fsl_clock_manager.o
 .debug_aranges
                0x00000160       0xa0 ./SDK/platform/drivers/src/edma/fsl_edma_irq.o
 .debug_aranges
                0x00000200       0x98 ./SDK/platform/drivers/src/edma/fsl_edma_driver.o
 .debug_aranges
                0x00000298       0x18 ./SDK/platform/drivers/src/edma/fsl_edma_common.o
 .debug_aranges
                0x000002b0       0x30 ./SDK/platform/drivers/src/interrupt/fsl_interrupt_manager.o
 .debug_aranges
                0x000002e0       0x30 ./SDK/platform/drivers/src/lpuart/fsl_lpuart_irq.o
 .debug_aranges
                0x00000310       0xc0 ./SDK/platform/drivers/src/lpuart/fsl_lpuart_driver.o
 .debug_aranges
                0x000003d0       0x18 ./SDK/platform/drivers/src/lpuart/fsl_lpuart_common.o
 .debug_aranges
                0x000003e8       0x20 ./SDK/platform/drivers/src/pins/fsl_pins_driver.o
 .debug_aranges
                0x00000408       0xa0 ./SDK/platform/hal/src/edma/fsl_edma_hal.o
 .debug_aranges
                0x000004a8       0xc0 ./SDK/platform/hal/src/lpuart/fsl_lpuart_hal.o
 .debug_aranges
                0x00000568       0x20 ./SDK/platform/hal/src/pcc/fsl_pcc_hal.o
 .debug_aranges
                0x00000588       0xe0 ./SDK/platform/hal/src/scg/fsl_scg_hal.o
 .debug_aranges
                0x00000668       0xd0 ./SDK/platform/hal/src/sim/S32K144/fsl_sim_hal_S32K144.o
 .debug_aranges
                0x00000738       0x70 ./SDK/rtos/osif/fsl_osif_baremetal.o
 .debug_aranges
                0x000007a8       0x30 ./Sources/main.o
 .debug_aranges
                0x000007d8       0x58 ./Sources/I2C.o

.debug_macro    0x00000000    0x1df4d
 .debug_macro   0x00000000      0xa15 ./Generated_Code/pin_mux.o
 .debug_macro   0x00000a15       0x10 ./Generated_Code/pin_mux.o
 .debug_macro   0x00000a25       0x19 ./Generated_Code/pin_mux.o
 .debug_macro   0x00000a3e       0x22 ./Generated_Code/pin_mux.o
 .debug_macro   0x00000a60       0x44 ./Generated_Code/pin_mux.o
 .debug_macro   0x00000aa4       0xe3 ./Generated_Code/pin_mux.o
 .debug_macro   0x00000b87       0x22 ./Generated_Code/pin_mux.o
 .debug_macro   0x00000ba9      0x1df ./Generated_Code/pin_mux.o
 .debug_macro   0x00000d88     0xe2a4 ./Generated_Code/pin_mux.o
 .debug_macro   0x0000f02c      0x63f ./Generated_Code/pin_mux.o
 .debug_macro   0x0000f66b       0x4c ./Generated_Code/pin_mux.o
 .debug_macro   0x0000f6b7       0x10 ./Generated_Code/pin_mux.o
 .debug_macro   0x0000f6c7       0x22 ./Generated_Code/pin_mux.o
 .debug_macro   0x0000f6e9      0xae7 ./Generated_Code/lpuart1.o
 .debug_macro   0x000101d0      0xac3 ./Generated_Code/clockMan1.o
 .debug_macro   0x00010c93      0x9eb ./SDK/platform/devices/S32K144/startup/system_S32K144.o
 .debug_macro   0x0001167e      0x9e3 ./SDK/platform/devices/startup.o
 .debug_macro   0x00012061      0xa3e ./SDK/platform/drivers/src/clock/S32K144/fsl_clock_S32K144.o
 .debug_macro   0x00012a9f      0xa3a ./SDK/platform/drivers/src/clock/fsl_clock_manager.o
 .debug_macro   0x000134d9      0xa66 ./SDK/platform/drivers/src/edma/fsl_edma_irq.o
 .debug_macro   0x00013f3f      0xa74 ./SDK/platform/drivers/src/edma/fsl_edma_driver.o
 .debug_macro   0x000149b3      0xa64 ./SDK/platform/drivers/src/edma/fsl_edma_common.o
 .debug_macro   0x00015417      0x9e3 ./SDK/platform/drivers/src/interrupt/fsl_interrupt_manager.o
 .debug_macro   0x00015dfa      0x9d9 ./SDK/platform/drivers/src/lpuart/fsl_lpuart_irq.o
 .debug_macro   0x000167d3      0xa8d ./SDK/platform/drivers/src/lpuart/fsl_lpuart_driver.o
 .debug_macro   0x00017260       0x3a ./SDK/platform/drivers/src/lpuart/fsl_lpuart_driver.o
 .debug_macro   0x0001729a      0xa74 ./SDK/platform/drivers/src/lpuart/fsl_lpuart_common.o
 .debug_macro   0x00017d0e      0x9fa ./SDK/platform/drivers/src/pins/fsl_pins_driver.o
 .debug_macro   0x00018708      0x9e6 ./SDK/platform/hal/src/edma/fsl_edma_hal.o
 .debug_macro   0x000190ee      0x9f1 ./SDK/platform/hal/src/lpuart/fsl_lpuart_hal.o
 .debug_macro   0x00019adf      0x9f5 ./SDK/platform/hal/src/pcc/fsl_pcc_hal.o
 .debug_macro   0x0001a4d4      0xa04 ./SDK/platform/hal/src/scg/fsl_scg_hal.o
 .debug_macro   0x0001aed8      0x9f5 ./SDK/platform/hal/src/sim/S32K144/fsl_sim_hal_S32K144.o
 .debug_macro   0x0001b8cd      0xa4f ./SDK/rtos/osif/fsl_osif_baremetal.o
 .debug_macro   0x0001c31c      0xbe3 ./Sources/main.o
 .debug_macro   0x0001ceff       0x3a ./Sources/main.o
 .debug_macro   0x0001cf39       0x16 ./Sources/main.o
 .debug_macro   0x0001cf4f       0x58 ./Sources/main.o
 .debug_macro   0x0001cfa7       0x35 ./Sources/main.o
 .debug_macro   0x0001cfdc       0x9c ./Sources/main.o
 .debug_macro   0x0001d078       0x52 ./Sources/main.o
 .debug_macro   0x0001d0ca       0x16 ./Sources/main.o
 .debug_macro   0x0001d0e0       0x43 ./Sources/main.o
 .debug_macro   0x0001d123      0x180 ./Sources/main.o
 .debug_macro   0x0001d2a3      0x29d ./Sources/main.o
 .debug_macro   0x0001d540       0x10 ./Sources/main.o
 .debug_macro   0x0001d550       0x35 ./Sources/main.o
 .debug_macro   0x0001d585      0x9c8 ./Sources/I2C.o

.debug_line     0x00000000     0x81c5
 .debug_line    0x00000000      0x3a3 ./Generated_Code/pin_mux.o
 .debug_line    0x000003a3      0x633 ./Generated_Code/lpuart1.o
 .debug_line    0x000009d6      0x609 ./Generated_Code/clockMan1.o
 .debug_line    0x00000fdf       0xb5 ./Project_Settings/Startup_Code/startup_S32K144.o
 .debug_line    0x00001094      0x383 ./SDK/platform/devices/S32K144/startup/system_S32K144.o
 .debug_line    0x00001417      0x2fc ./SDK/platform/devices/startup.o
 .debug_line    0x00001713      0x848 ./SDK/platform/drivers/src/clock/S32K144/fsl_clock_S32K144.o
 .debug_line    0x00001f5b      0x597 ./SDK/platform/drivers/src/clock/fsl_clock_manager.o
 .debug_line    0x000024f2      0x67e ./SDK/platform/drivers/src/edma/fsl_edma_irq.o
 .debug_line    0x00002b70      0xa56 ./SDK/platform/drivers/src/edma/fsl_edma_driver.o
 .debug_line    0x000035c6      0x560 ./SDK/platform/drivers/src/edma/fsl_edma_common.o
 .debug_line    0x00003b26      0x3b4 ./SDK/platform/drivers/src/interrupt/fsl_interrupt_manager.o
 .debug_line    0x00003eda      0x33f ./SDK/platform/drivers/src/lpuart/fsl_lpuart_irq.o
 .debug_line    0x00004219      0x948 ./SDK/platform/drivers/src/lpuart/fsl_lpuart_driver.o
 .debug_line    0x00004b61      0x57f ./SDK/platform/drivers/src/lpuart/fsl_lpuart_common.o
 .debug_line    0x000050e0      0x459 ./SDK/platform/drivers/src/pins/fsl_pins_driver.o
 .debug_line    0x00005539      0x505 ./SDK/platform/hal/src/edma/fsl_edma_hal.o
 .debug_line    0x00005a3e      0x600 ./SDK/platform/hal/src/lpuart/fsl_lpuart_hal.o
 .debug_line    0x0000603e      0x39d ./SDK/platform/hal/src/pcc/fsl_pcc_hal.o
 .debug_line    0x000063db      0x69d ./SDK/platform/hal/src/scg/fsl_scg_hal.o
 .debug_line    0x00006a78      0x65f ./SDK/platform/hal/src/sim/S32K144/fsl_sim_hal_S32K144.o
 .debug_line    0x000070d7      0x5ef ./SDK/rtos/osif/fsl_osif_baremetal.o
 .debug_line    0x000076c6      0x7a9 ./Sources/main.o
 .debug_line    0x00007e6f      0x356 ./Sources/I2C.o

.debug_str      0x00000000    0x6a7b4
 .debug_str     0x00000000    0x614ed ./Generated_Code/pin_mux.o
                              0x61675 (size before relaxing)
 .debug_str     0x000614ed      0xd55 ./Generated_Code/lpuart1.o
                              0x6217e (size before relaxing)
 .debug_str     0x00062242     0x1242 ./Generated_Code/clockMan1.o
                              0x6306b (size before relaxing)
 .debug_str     0x00063484      0x230 ./SDK/platform/devices/S32K144/startup/system_S32K144.o
                              0x61527 (size before relaxing)
 .debug_str     0x000636b4      0x13e ./SDK/platform/devices/startup.o
                              0x613ea (size before relaxing)
 .debug_str     0x000637f2      0xb3d ./SDK/platform/drivers/src/clock/S32K144/fsl_clock_S32K144.o
                              0x63686 (size before relaxing)
 .debug_str     0x0006432f      0x1bc ./SDK/platform/drivers/src/clock/fsl_clock_manager.o
                              0x62e01 (size before relaxing)
 .debug_str     0x000644eb      0x19f ./SDK/platform/drivers/src/edma/fsl_edma_irq.o
                              0x618c9 (size before relaxing)
 .debug_str     0x0006468a     0x1eaa ./SDK/platform/drivers/src/edma/fsl_edma_driver.o
                              0x63cbf (size before relaxing)
 .debug_str     0x00066534       0x5a ./SDK/platform/drivers/src/edma/fsl_edma_common.o
                              0x62507 (size before relaxing)
 .debug_str     0x0006658e      0x132 ./SDK/platform/drivers/src/interrupt/fsl_interrupt_manager.o
                              0x61c2d (size before relaxing)
 .debug_str     0x000666c0       0xaa ./SDK/platform/drivers/src/lpuart/fsl_lpuart_irq.o
                              0x6129f (size before relaxing)
 .debug_str     0x0006676a      0xb1f ./SDK/platform/drivers/src/lpuart/fsl_lpuart_driver.o
                              0x63d11 (size before relaxing)
 .debug_str     0x00067289       0x5e ./SDK/platform/drivers/src/lpuart/fsl_lpuart_common.o
                              0x628e9 (size before relaxing)
 .debug_str     0x000672e7      0x19f ./SDK/platform/drivers/src/pins/fsl_pins_driver.o
                              0x61792 (size before relaxing)
 .debug_str     0x00067486      0x148 ./SDK/platform/hal/src/edma/fsl_edma_hal.o
                              0x61a14 (size before relaxing)
 .debug_str     0x000675ce      0x3d4 ./SDK/platform/hal/src/lpuart/fsl_lpuart_hal.o
                              0x61e78 (size before relaxing)
 .debug_str     0x000679a2       0x69 ./SDK/platform/hal/src/pcc/fsl_pcc_hal.o
                              0x61bd5 (size before relaxing)
 .debug_str     0x00067a0b      0x18b ./SDK/platform/hal/src/scg/fsl_scg_hal.o
                              0x61f4c (size before relaxing)
 .debug_str     0x00067b96      0x49e ./SDK/platform/hal/src/sim/S32K144/fsl_sim_hal_S32K144.o
                              0x61bfd (size before relaxing)
 .debug_str     0x00068034      0x16d ./SDK/rtos/osif/fsl_osif_baremetal.o
                              0x61b8c (size before relaxing)
 .debug_str     0x000681a1     0x245c ./Sources/main.o
                              0x65ea0 (size before relaxing)
 .debug_str     0x0006a5fd      0x1b7 ./Sources/I2C.o
                              0x5e8d5 (size before relaxing)

.comment        0x00000000       0x70
 .comment       0x00000000       0x70 ./Generated_Code/pin_mux.o
                                 0x71 (size before relaxing)
 .comment       0x00000000       0x71 ./Generated_Code/lpuart1.o
 .comment       0x00000000       0x71 ./Generated_Code/clockMan1.o
 .comment       0x00000000       0x71 ./SDK/platform/devices/S32K144/startup/system_S32K144.o
 .comment       0x00000000       0x71 ./SDK/platform/devices/startup.o
 .comment       0x00000000       0x71 ./SDK/platform/drivers/src/clock/S32K144/fsl_clock_S32K144.o
 .comment       0x00000000       0x71 ./SDK/platform/drivers/src/clock/fsl_clock_manager.o
 .comment       0x00000000       0x71 ./SDK/platform/drivers/src/edma/fsl_edma_irq.o
 .comment       0x00000000       0x71 ./SDK/platform/drivers/src/edma/fsl_edma_driver.o
 .comment       0x00000000       0x71 ./SDK/platform/drivers/src/edma/fsl_edma_common.o
 .comment       0x00000000       0x71 ./SDK/platform/drivers/src/interrupt/fsl_interrupt_manager.o
 .comment       0x00000000       0x71 ./SDK/platform/drivers/src/lpuart/fsl_lpuart_irq.o
 .comment       0x00000000       0x71 ./SDK/platform/drivers/src/lpuart/fsl_lpuart_driver.o
 .comment       0x00000000       0x71 ./SDK/platform/drivers/src/lpuart/fsl_lpuart_common.o
 .comment       0x00000000       0x71 ./SDK/platform/drivers/src/pins/fsl_pins_driver.o
 .comment       0x00000000       0x71 ./SDK/platform/hal/src/edma/fsl_edma_hal.o
 .comment       0x00000000       0x71 ./SDK/platform/hal/src/lpuart/fsl_lpuart_hal.o
 .comment       0x00000000       0x71 ./SDK/platform/hal/src/pcc/fsl_pcc_hal.o
 .comment       0x00000000       0x71 ./SDK/platform/hal/src/scg/fsl_scg_hal.o
 .comment       0x00000000       0x71 ./SDK/platform/hal/src/sim/S32K144/fsl_sim_hal_S32K144.o
 .comment       0x00000000       0x71 ./SDK/rtos/osif/fsl_osif_baremetal.o
 .comment       0x00000000       0x71 ./Sources/main.o
 .comment       0x00000000       0x71 ./Sources/I2C.o

.debug_loc      0x00000000     0x96cf
 .debug_loc     0x00000000      0x115 ./SDK/platform/devices/S32K144/startup/system_S32K144.o
 .debug_loc     0x00000115       0xae ./SDK/platform/devices/startup.o
 .debug_loc     0x000001c3     0x1ebe ./SDK/platform/drivers/src/clock/S32K144/fsl_clock_S32K144.o
 .debug_loc     0x00002081      0x244 ./SDK/platform/drivers/src/clock/fsl_clock_manager.o
 .debug_loc     0x000022c5     0x1f42 ./SDK/platform/drivers/src/edma/fsl_edma_driver.o
 .debug_loc     0x00004207       0x59 ./SDK/platform/drivers/src/interrupt/fsl_interrupt_manager.o
 .debug_loc     0x00004260     0x17a5 ./SDK/platform/drivers/src/lpuart/fsl_lpuart_driver.o
 .debug_loc     0x00005a05      0x4aa ./SDK/platform/drivers/src/pins/fsl_pins_driver.o
 .debug_loc     0x00005eaf      0x8fe ./SDK/platform/hal/src/edma/fsl_edma_hal.o
 .debug_loc     0x000067ad      0xe7c ./SDK/platform/hal/src/lpuart/fsl_lpuart_hal.o
 .debug_loc     0x00007629       0x92 ./SDK/platform/hal/src/pcc/fsl_pcc_hal.o
 .debug_loc     0x000076bb      0xe53 ./SDK/platform/hal/src/scg/fsl_scg_hal.o
 .debug_loc     0x0000850e      0xb7d ./SDK/platform/hal/src/sim/S32K144/fsl_sim_hal_S32K144.o
 .debug_loc     0x0000908b      0x285 ./SDK/rtos/osif/fsl_osif_baremetal.o
 .debug_loc     0x00009310       0x36 ./Sources/main.o
 .debug_loc     0x00009346      0x389 ./Sources/I2C.o

.debug_ranges   0x00000000      0x8b0
 .debug_ranges  0x00000000       0x20 ./SDK/platform/devices/S32K144/startup/system_S32K144.o
 .debug_ranges  0x00000020       0x10 ./SDK/platform/devices/startup.o
 .debug_ranges  0x00000030      0x178 ./SDK/platform/drivers/src/clock/S32K144/fsl_clock_S32K144.o
 .debug_ranges  0x000001a8       0x28 ./SDK/platform/drivers/src/clock/fsl_clock_manager.o
 .debug_ranges  0x000001d0       0x90 ./SDK/platform/drivers/src/edma/fsl_edma_irq.o
 .debug_ranges  0x00000260      0x140 ./SDK/platform/drivers/src/edma/fsl_edma_driver.o
 .debug_ranges  0x000003a0       0x20 ./SDK/platform/drivers/src/interrupt/fsl_interrupt_manager.o
 .debug_ranges  0x000003c0       0x20 ./SDK/platform/drivers/src/lpuart/fsl_lpuart_irq.o
 .debug_ranges  0x000003e0       0xb0 ./SDK/platform/drivers/src/lpuart/fsl_lpuart_driver.o
 .debug_ranges  0x00000490       0x28 ./SDK/platform/drivers/src/pins/fsl_pins_driver.o
 .debug_ranges  0x000004b8       0xa8 ./SDK/platform/hal/src/edma/fsl_edma_hal.o
 .debug_ranges  0x00000560       0xb0 ./SDK/platform/hal/src/lpuart/fsl_lpuart_hal.o
 .debug_ranges  0x00000610       0x10 ./SDK/platform/hal/src/pcc/fsl_pcc_hal.o
 .debug_ranges  0x00000620       0xd0 ./SDK/platform/hal/src/scg/fsl_scg_hal.o
 .debug_ranges  0x000006f0       0xc0 ./SDK/platform/hal/src/sim/S32K144/fsl_sim_hal_S32K144.o
 .debug_ranges  0x000007b0       0x98 ./SDK/rtos/osif/fsl_osif_baremetal.o
 .debug_ranges  0x00000848       0x20 ./Sources/main.o
 .debug_ranges  0x00000868       0x48 ./Sources/I2C.o

.debug_frame    0x00000000     0x1b14
 .debug_frame   0x00000000       0x40 ./SDK/platform/devices/S32K144/startup/system_S32K144.o
 .debug_frame   0x00000040       0x2c ./SDK/platform/devices/startup.o
 .debug_frame   0x0000006c      0x134 ./SDK/platform/drivers/src/clock/S32K144/fsl_clock_S32K144.o
 .debug_frame   0x000001a0       0x74 ./SDK/platform/drivers/src/clock/fsl_clock_manager.o
 .debug_frame   0x00000214      0x1a8 ./SDK/platform/drivers/src/edma/fsl_edma_irq.o
 .debug_frame   0x000003bc      0x268 ./SDK/platform/drivers/src/edma/fsl_edma_driver.o
 .debug_frame   0x00000624       0x4c ./SDK/platform/drivers/src/interrupt/fsl_interrupt_manager.o
 .debug_frame   0x00000670       0x58 ./SDK/platform/drivers/src/lpuart/fsl_lpuart_irq.o
 .debug_frame   0x000006c8      0x2e4 ./SDK/platform/drivers/src/lpuart/fsl_lpuart_driver.o
 .debug_frame   0x000009ac       0x34 ./SDK/platform/drivers/src/pins/fsl_pins_driver.o
 .debug_frame   0x000009e0      0x194 ./SDK/platform/hal/src/edma/fsl_edma_hal.o
 .debug_frame   0x00000b74      0x1ac ./SDK/platform/hal/src/lpuart/fsl_lpuart_hal.o
 .debug_frame   0x00000d20       0x38 ./SDK/platform/hal/src/pcc/fsl_pcc_hal.o
 .debug_frame   0x00000d58      0x244 ./SDK/platform/hal/src/scg/fsl_scg_hal.o
 .debug_frame   0x00000f9c      0x1d4 ./SDK/platform/hal/src/sim/S32K144/fsl_sim_hal_S32K144.o
 .debug_frame   0x00001170       0xf4 ./SDK/rtos/osif/fsl_osif_baremetal.o
 .debug_frame   0x00001264       0x54 ./Sources/main.o
 .debug_frame   0x000012b8       0xb4 ./Sources/I2C.o
 .debug_frame   0x0000136c       0x20 C:/nxp/S32DS_ARM_v1.3/Cross_Tools/gcc-arm-none-eabi-4_9/arm-none-eabi/newlib/lib/armv7e-m/fpu\libc_nano.a(lib_a-memset.o)
 .debug_frame   0x0000138c       0x70 C:/nxp/S32DS_ARM_v1.3/Cross_Tools/gcc-arm-none-eabi-4_9/arm-none-eabi/newlib/lib/armv7e-m/fpu\libc_nano.a(lib_a-sprintf.o)
 .debug_frame   0x000013fc       0x20 C:/nxp/S32DS_ARM_v1.3/Cross_Tools/gcc-arm-none-eabi-4_9/arm-none-eabi/newlib/lib/armv7e-m/fpu\libc_nano.a(lib_a-strlen.o)
 .debug_frame   0x0000141c       0x8c C:/nxp/S32DS_ARM_v1.3/Cross_Tools/gcc-arm-none-eabi-4_9/arm-none-eabi/newlib/lib/armv7e-m/fpu\libc_nano.a(lib_a-nano-svfprintf.o)
 .debug_frame   0x000014a8       0x58 C:/nxp/S32DS_ARM_v1.3/Cross_Tools/gcc-arm-none-eabi-4_9/arm-none-eabi/newlib/lib/armv7e-m/fpu\libc_nano.a(lib_a-nano-vfprintf_i.o)
 .debug_frame   0x00001500       0x28 C:/nxp/S32DS_ARM_v1.3/Cross_Tools/gcc-arm-none-eabi-4_9/arm-none-eabi/newlib/lib/armv7e-m/fpu\libc_nano.a(lib_a-memchr.o)
 .debug_frame   0x00001528       0x28 C:/nxp/S32DS_ARM_v1.3/Cross_Tools/gcc-arm-none-eabi-4_9/arm-none-eabi/newlib/lib/armv7e-m/fpu\libc_nano.a(lib_a-memcpy.o)
 .debug_frame   0x00001550       0x28 C:/nxp/S32DS_ARM_v1.3/Cross_Tools/gcc-arm-none-eabi-4_9/arm-none-eabi/newlib/lib/armv7e-m/fpu\libc_nano.a(lib_a-memmove.o)
 .debug_frame   0x00001578       0x2c C:/nxp/S32DS_ARM_v1.3/Cross_Tools/gcc-arm-none-eabi-4_9/arm-none-eabi/newlib/lib/armv7e-m/fpu\libc_nano.a(lib_a-nano-freer.o)
 .debug_frame   0x000015a4       0x2c C:/nxp/S32DS_ARM_v1.3/Cross_Tools/gcc-arm-none-eabi-4_9/arm-none-eabi/newlib/lib/armv7e-m/fpu\libc_nano.a(lib_a-nano-mallocr.o)
 .debug_frame   0x000015d0       0x3c C:/nxp/S32DS_ARM_v1.3/Cross_Tools/gcc-arm-none-eabi-4_9/arm-none-eabi/newlib/lib/armv7e-m/fpu\libc_nano.a(lib_a-nano-reallocr.o)
 .debug_frame   0x0000160c       0x2c C:/nxp/S32DS_ARM_v1.3/Cross_Tools/gcc-arm-none-eabi-4_9/arm-none-eabi/newlib/lib/armv7e-m/fpu\libc_nano.a(lib_a-sbrkr.o)
 .debug_frame   0x00001638       0x20 C:/nxp/S32DS_ARM_v1.3/Cross_Tools/gcc-arm-none-eabi-4_9/arm-none-eabi/newlib/lib/armv7e-m/fpu\libc_nano.a(lib_a-nano-msizer.o)
 .debug_frame   0x00001658       0x5c C:/nxp/S32DS_ARM_v1.3/Cross_Tools/gcc-arm-none-eabi-4_9/arm-none-eabi/newlib/lib/armv7e-m/fpu\libc_nano.a(lib_a-reent.o)
 .debug_frame   0x000016b4      0x324 C:/nxp/S32DS_ARM_v1.3/Cross_Tools/gcc-arm-none-eabi-4_9/arm-none-eabi/newlib/lib/armv7e-m/fpu\librdimon_nano.a(rdimon-syscalls.o)
 .debug_frame   0x000019d8       0x20 C:/nxp/S32DS_ARM_v1.3/Cross_Tools/gcc-arm-none-eabi-4_9/arm-none-eabi/newlib/lib/armv7e-m/fpu\libc_nano.a(lib_a-errno.o)
 .debug_frame   0x000019f8      0x11c C:/nxp/S32DS_ARM_v1.3/Cross_Tools/gcc-arm-none-eabi-4_9/arm-none-eabi/newlib/lib/armv7e-m/fpu\libc_nano.a(lib_a-findfp.o)
