Archive member included because of file (symbol)

C:/nxp/S32DS_ARM_v1.3/Cross_Tools/gcc-arm-none-eabi-4_9/arm-none-eabi/newlib/lib/armv7e-m/fpu\libc_nano.a(lib_a-exit.o)
                              C:/nxp/S32DS_ARM_v1.3/Cross_Tools/gcc-arm-none-eabi-4_9/arm-none-eabi/newlib/lib/armv7e-m/fpu/crt0.o (exit)
C:/nxp/S32DS_ARM_v1.3/Cross_Tools/gcc-arm-none-eabi-4_9/arm-none-eabi/newlib/lib/armv7e-m/fpu\libc_nano.a(lib_a-impure.o)
                              C:/nxp/S32DS_ARM_v1.3/Cross_Tools/gcc-arm-none-eabi-4_9/arm-none-eabi/newlib/lib/armv7e-m/fpu\libc_nano.a(lib_a-exit.o) (_global_impure_ptr)
C:/nxp/S32DS_ARM_v1.3/Cross_Tools/gcc-arm-none-eabi-4_9/arm-none-eabi/newlib/lib/armv7e-m/fpu\libc_nano.a(lib_a-init.o)
                              C:/nxp/S32DS_ARM_v1.3/Cross_Tools/gcc-arm-none-eabi-4_9/arm-none-eabi/newlib/lib/armv7e-m/fpu/crt0.o (__libc_init_array)
C:/nxp/S32DS_ARM_v1.3/Cross_Tools/gcc-arm-none-eabi-4_9/arm-none-eabi/newlib/lib/armv7e-m/fpu\libc_nano.a(lib_a-memset.o)
                              C:/nxp/S32DS_ARM_v1.3/Cross_Tools/gcc-arm-none-eabi-4_9/arm-none-eabi/newlib/lib/armv7e-m/fpu/crt0.o (memset)
C:/nxp/S32DS_ARM_v1.3/Cross_Tools/gcc-arm-none-eabi-4_9/arm-none-eabi/newlib/lib/armv7e-m/fpu\libc_nano.a(lib_a-sprintf.o)
                              ./Sources/main.o (sprintf)
C:/nxp/S32DS_ARM_v1.3/Cross_Tools/gcc-arm-none-eabi-4_9/arm-none-eabi/newlib/lib/armv7e-m/fpu\libc_nano.a(lib_a-strlen.o)
                              ./Sources/main.o (strlen)
C:/nxp/S32DS_ARM_v1.3/Cross_Tools/gcc-arm-none-eabi-4_9/arm-none-eabi/newlib/lib/armv7e-m/fpu\libc_nano.a(lib_a-nano-svfprintf.o)
                              C:/nxp/S32DS_ARM_v1.3/Cross_Tools/gcc-arm-none-eabi-4_9/arm-none-eabi/newlib/lib/armv7e-m/fpu\libc_nano.a(lib_a-sprintf.o) (_svfprintf_r)
C:/nxp/S32DS_ARM_v1.3/Cross_Tools/gcc-arm-none-eabi-4_9/arm-none-eabi/newlib/lib/armv7e-m/fpu\libc_nano.a(lib_a-nano-vfprintf_i.o)
                              C:/nxp/S32DS_ARM_v1.3/Cross_Tools/gcc-arm-none-eabi-4_9/arm-none-eabi/newlib/lib/armv7e-m/fpu\libc_nano.a(lib_a-nano-svfprintf.o) (_printf_i)
C:/nxp/S32DS_ARM_v1.3/Cross_Tools/gcc-arm-none-eabi-4_9/arm-none-eabi/newlib/lib/armv7e-m/fpu\libc_nano.a(lib_a-memchr.o)
                              C:/nxp/S32DS_ARM_v1.3/Cross_Tools/gcc-arm-none-eabi-4_9/arm-none-eabi/newlib/lib/armv7e-m/fpu\libc_nano.a(lib_a-nano-svfprintf.o) (memchr)
C:/nxp/S32DS_ARM_v1.3/Cross_Tools/gcc-arm-none-eabi-4_9/arm-none-eabi/newlib/lib/armv7e-m/fpu\libc_nano.a(lib_a-memcpy.o)
                              C:/nxp/S32DS_ARM_v1.3/Cross_Tools/gcc-arm-none-eabi-4_9/arm-none-eabi/newlib/lib/armv7e-m/fpu\libc_nano.a(lib_a-nano-svfprintf.o) (memcpy)
C:/nxp/S32DS_ARM_v1.3/Cross_Tools/gcc-arm-none-eabi-4_9/arm-none-eabi/newlib/lib/armv7e-m/fpu\libc_nano.a(lib_a-memmove.o)
                              C:/nxp/S32DS_ARM_v1.3/Cross_Tools/gcc-arm-none-eabi-4_9/arm-none-eabi/newlib/lib/armv7e-m/fpu\libc_nano.a(lib_a-nano-svfprintf.o) (memmove)
C:/nxp/S32DS_ARM_v1.3/Cross_Tools/gcc-arm-none-eabi-4_9/arm-none-eabi/newlib/lib/armv7e-m/fpu\libc_nano.a(lib_a-nano-freer.o)
                              C:/nxp/S32DS_ARM_v1.3/Cross_Tools/gcc-arm-none-eabi-4_9/arm-none-eabi/newlib/lib/armv7e-m/fpu\libc_nano.a(lib_a-nano-svfprintf.o) (_free_r)
C:/nxp/S32DS_ARM_v1.3/Cross_Tools/gcc-arm-none-eabi-4_9/arm-none-eabi/newlib/lib/armv7e-m/fpu\libc_nano.a(lib_a-nano-mallocr.o)
                              C:/nxp/S32DS_ARM_v1.3/Cross_Tools/gcc-arm-none-eabi-4_9/arm-none-eabi/newlib/lib/armv7e-m/fpu\libc_nano.a(lib_a-nano-svfprintf.o) (_malloc_r)
C:/nxp/S32DS_ARM_v1.3/Cross_Tools/gcc-arm-none-eabi-4_9/arm-none-eabi/newlib/lib/armv7e-m/fpu\libc_nano.a(lib_a-nano-reallocr.o)
                              C:/nxp/S32DS_ARM_v1.3/Cross_Tools/gcc-arm-none-eabi-4_9/arm-none-eabi/newlib/lib/armv7e-m/fpu\libc_nano.a(lib_a-nano-svfprintf.o) (_realloc_r)
C:/nxp/S32DS_ARM_v1.3/Cross_Tools/gcc-arm-none-eabi-4_9/arm-none-eabi/newlib/lib/armv7e-m/fpu\libc_nano.a(lib_a-sbrkr.o)
                              C:/nxp/S32DS_ARM_v1.3/Cross_Tools/gcc-arm-none-eabi-4_9/arm-none-eabi/newlib/lib/armv7e-m/fpu\libc_nano.a(lib_a-nano-mallocr.o) (_sbrk_r)
C:/nxp/S32DS_ARM_v1.3/Cross_Tools/gcc-arm-none-eabi-4_9/arm-none-eabi/newlib/lib/armv7e-m/fpu\libc_nano.a(lib_a-nano-msizer.o)
                              C:/nxp/S32DS_ARM_v1.3/Cross_Tools/gcc-arm-none-eabi-4_9/arm-none-eabi/newlib/lib/armv7e-m/fpu\libc_nano.a(lib_a-nano-reallocr.o) (_malloc_usable_size_r)
C:/nxp/S32DS_ARM_v1.3/Cross_Tools/gcc-arm-none-eabi-4_9/arm-none-eabi/newlib/lib/armv7e-m/fpu\libc_nano.a(lib_a-reent.o)
                              C:/nxp/S32DS_ARM_v1.3/Cross_Tools/gcc-arm-none-eabi-4_9/arm-none-eabi/newlib/lib/armv7e-m/fpu\libc_nano.a(lib_a-sbrkr.o) (errno)
C:/nxp/S32DS_ARM_v1.3/Cross_Tools/gcc-arm-none-eabi-4_9/arm-none-eabi/newlib/lib/armv7e-m/fpu\librdimon_nano.a(rdimon-syscalls.o)
[...]
Memory Configuration

Name             Origin             Length             Attributes
m_interrupts     0x1fff8000         0x00000400         xr
m_text           0x1fff8400         0x00007c00         xr
m_data           0x20000000         0x00007000         rw
*default*        0x00000000         0xffffffff

Linker script and memory map

LOAD c:/nxp/s32ds_arm_v1.3/cross_tools/gcc-arm-none-eabi-4_9/bin/../lib/gcc/arm-none-eabi/4.9.3/armv7e-m/fpu/crti.o
LOAD c:/nxp/s32ds_arm_v1.3/cross_tools/gcc-arm-none-eabi-4_9/bin/../lib/gcc/arm-none-eabi/4.9.3/armv7e-m/fpu/crtbegin.o
LOAD C:/nxp/S32DS_ARM_v1.3/Cross_Tools/gcc-arm-none-eabi-4_9/arm-none-eabi/newlib/lib/armv7e-m/fpu/crt0.o
LOAD ./Generated_Code/pin_mux.o
LOAD ./Generated_Code/osif1.o
LOAD ./Generated_Code/lpuart1.o
LOAD ./Generated_Code/dmaController1.o
LOAD ./Generated_Code/clockMan1.o
LOAD ./Generated_Code/Cpu.o
LOAD ./Project_Settings/Startup_Code/startup_S32K144.o
LOAD ./SDK/platform/devices/S32K144/startup/system_S32K144.o
LOAD ./SDK/platform/devices/startup.o
LOAD ./SDK/platform/drivers/src/clock/S32K144/fsl_clock_S32K144.o
LOAD ./SDK/platform/drivers/src/clock/fsl_clock_manager.o
LOAD ./SDK/platform/drivers/src/edma/fsl_edma_irq.o
LOAD ./SDK/platform/drivers/src/edma/fsl_edma_driver.o
LOAD ./SDK/platform/drivers/src/edma/fsl_edma_common.o
LOAD ./SDK/platform/drivers/src/interrupt/fsl_interrupt_manager.o
LOAD ./SDK/platform/drivers/src/lpuart/fsl_lpuart_irq.o
LOAD ./SDK/platform/drivers/src/lpuart/fsl_lpuart_driver.o
LOAD ./SDK/platform/drivers/src/lpuart/fsl_lpuart_common.o
LOAD ./SDK/platform/drivers/src/pins/fsl_pins_driver.o
LOAD ./SDK/platform/hal/src/dmamux/fsl_dmamux_hal.o
LOAD ./SDK/platform/hal/src/edma/fsl_edma_hal.o
LOAD ./SDK/platform/hal/src/lpuart/fsl_lpuart_hal.o
LOAD ./SDK/platform/hal/src/pcc/fsl_pcc_hal.o
LOAD ./SDK/platform/hal/src/pmc/fsl_pmc_hal.o
LOAD ./SDK/platform/hal/src/port/fsl_port_hal.o
LOAD ./SDK/platform/hal/src/scg/fsl_scg_hal.o
LOAD ./SDK/platform/hal/src/sim/S32K144/fsl_sim_hal_S32K144.o
LOAD ./SDK/platform/hal/src/smc/fsl_smc_hal.o
LOAD ./SDK/rtos/osif/fsl_osif_baremetal.o
LOAD ./Sources/main.o
LOAD ./Sources/I2C.o
LOAD C:/nxp/S32DS_ARM_v1.3/Cross_Tools/gcc-arm-none-eabi-4_9/arm-none-eabi/newlib/lib/armv7e-m/fpu\libc_nano.a
LOAD c:/nxp/s32ds_arm_v1.3/cross_tools/gcc-arm-none-eabi-4_9/bin/../lib/gcc/arm-none-eabi/4.9.3/armv7e-m/fpu\libgcc.a
LOAD C:/nxp/S32DS_ARM_v1.3/Cross_Tools/gcc-arm-none-eabi-4_9/arm-none-eabi/newlib/lib/armv7e-m/fpu\libm.a
LOAD C:/nxp/S32DS_ARM_v1.3/Cross_Tools/gcc-arm-none-eabi-4_9/arm-none-eabi/newlib/lib/armv7e-m/fpu\librdimon_nano.a
START GROUP
LOAD c:/nxp/s32ds_arm_v1.3/cross_tools/gcc-arm-none-eabi-4_9/bin/../lib/gcc/arm-none-eabi/4.9.3/armv7e-m/fpu\libgcc.a
LOAD C:/nxp/S32DS_ARM_v1.3/Cross_Tools/gcc-arm-none-eabi-4_9/arm-none-eabi/newlib/lib/armv7e-m/fpu\libc_nano.a
END GROUP
START GROUP
LOAD c:/nxp/s32ds_arm_v1.3/cross_tools/gcc-arm-none-eabi-4_9/bin/../lib/gcc/arm-none-eabi/4.9.3/armv7e-m/fpu\libgcc.a
LOAD C:/nxp/S32DS_ARM_v1.3/Cross_Tools/gcc-arm-none-eabi-4_9/arm-none-eabi/newlib/lib/armv7e-m/fpu\libc_nano.a
LOAD C:/nxp/S32DS_ARM_v1.3/Cross_Tools/gcc-arm-none-eabi-4_9/arm-none-eabi/newlib/lib/armv7e-m/fpu\libnosys.a
END GROUP
START GROUP
LOAD c:/nxp/s32ds_arm_v1.3/cross_tools/gcc-arm-none-eabi-4_9/bin/../lib/gcc/arm-none-eabi/4.9.3/armv7e-m/fpu\libgcc.a
LOAD C:/nxp/S32DS_ARM_v1.3/Cross_Tools/gcc-arm-none-eabi-4_9/arm-none-eabi/newlib/lib/armv7e-m/fpu\libc_nano.a
LOAD C:/nxp/S32DS_ARM_v1.3/Cross_Tools/gcc-arm-none-eabi-4_9/arm-none-eabi/newlib/lib/armv7e-m/fpu\libnosys.a
END GROUP
LOAD c:/nxp/s32ds_arm_v1.3/cross_tools/gcc-arm-none-eabi-4_9/bin/../lib/gcc/arm-none-eabi/4.9.3/armv7e-m/fpu/crtend.o
LOAD c:/nxp/s32ds_arm_v1.3/cross_tools/gcc-arm-none-eabi-4_9/bin/../lib/gcc/arm-none-eabi/4.9.3/armv7e-m/fpu/crtn.o
                0x00000400                HEAP_SIZE = DEFINED (__heap_size__)?__heap_size__:0x400
                0x00000400                STACK_SIZE = DEFINED (__stack_size__)?__stack_size__:0x400

.interrupts     0x1fff8000      0x400
                0x1fff8000                __VECTOR_TABLE = .
                0x1fff8000                . = ALIGN (0x4)
 *(.isr_vector)
 .isr_vector    0x1fff8000      0x400 ./Project_Settings/Startup_Code/startup_S32K144.o
                0x1fff8000                __isr_vector
                0x1fff8400                . = ALIGN (0x4)
                0x1fff8000                __VECTOR_RAM = __VECTOR_TABLE
                0x00000000                __RAM_VECTOR_TABLE_SIZE = 0x0

.text           0x1fff8400     0x3298
                0x1fff8400                . = ALIGN (0x4)
 *(.text)
 .text          0x1fff8400       0x5c c:/nxp/s32ds_arm_v1.3/cross_tools/gcc-arm-none-eabi-4_9/bin/../lib/gcc/arm-none-eabi/4.9.3/armv7e-m/fpu/crtbegin.o
 .text          0x1fff845c       0x44 ./Project_Settings/Startup_Code/startup_S32K144.o
                0x1fff845c                Reset_Handler
                0x1fff849c                DebugMon_Handler
                0x1fff849c                Reserved88_IRQHandler
                0x1fff849c                CAN0_ORed_IRQHandler
                0x1fff849c                CAN2_Wake_Up_IRQHandler
                0x1fff849c                HardFault_Handler
                0x1fff849c                Reserved86_IRQHandler
                0x1fff849c                FTM2_Ovf_Reload_IRQHandler
                0x1fff849c                FTFC_Fault_IRQHandler
                0x1fff849c                FTM0_Ch6_Ch7_IRQHandler
                0x1fff849c                Reserved114_IRQHandler
                0x1fff849c                PendSV_Handler
                0x1fff849c                NMI_Handler
                0x1fff849c                Reserved89_IRQHandler
                0x1fff849c                ERM_double_fault_IRQHandler
                0x1fff849c                Reserved59_IRQHandler
                0x1fff849c                LPIT0_Ch0_IRQHandler
                0x1fff849c                Reserved99_IRQHandler
                0x1fff849c                FTM3_Ch6_Ch7_IRQHandler
                0x1fff849c                CAN2_ORed_0_15_MB_IRQHandler
                0x1fff849c                LPIT0_Ch3_IRQHandler
                0x1fff849c                LPUART0_ERR_IRQHandler
                0x1fff849c                Reserved92_IRQHandler
                0x1fff849c                FTM0_Ch4_Ch5_IRQHandler
                0x1fff849c                CAN1_Error_IRQHandler
                0x1fff849c                FTM3_Ch0_Ch1_IRQHandler
                0x1fff849c                SWI_IRQHandler
                0x1fff849c                ADC0_IRQHandler
                0x1fff849c                FTM2_Ch4_Ch5_IRQHandler
                0x1fff849c                UsageFault_Handler
                0x1fff849c                FTM0_Ovf_Reload_IRQHandler
                0x1fff849c                DefaultISR
                0x1fff849c                Reserved58_IRQHandler
                0x1fff849c                CAN1_ORed_0_15_MB_IRQHandler
                0x1fff849c                FTM1_Ch2_Ch3_IRQHandler
                0x1fff849c                Reserved82_IRQHandler
                0x1fff849c                CAN0_ORed_16_31_MB_IRQHandler
                0x1fff849c                LPI2C0_Slave_IRQHandler
                0x1fff849c                Reserved71_IRQHandler
                0x1fff849c                PORTD_IRQHandler
                0x1fff849c                Reserved69_IRQHandler
                0x1fff849c                PORTB_IRQHandler
                0x1fff849c                Reserved70_IRQHandler
                0x1fff849c                ADC1_IRQHandler
                0x1fff849c                FTM2_Ch2_Ch3_IRQHandler
                0x1fff849c                Reserved53_IRQHandler
                0x1fff849c                RTC_IRQHandler
                0x1fff849c                PDB0_IRQHandler
                0x1fff849c                Reserved54_IRQHandler
                0x1fff849c                FTM2_Ch6_Ch7_IRQHandler
                0x1fff849c                FTM3_Ch2_Ch3_IRQHandler
                0x1fff849c                FTM2_Ch0_Ch1_IRQHandler
                0x1fff849c                LPSPI1_IRQHandler
                0x1fff849c                LPUART1_RxTx_IRQHandler
                0x1fff849c                RTC_Seconds_IRQHandler
                0x1fff849c                CAN2_ORed_IRQHandler
                0x1fff849c                Reserved72_IRQHandler
                0x1fff849c                Reserved107_IRQHandler
                0x1fff849c                Read_Collision_IRQHandler
                0x1fff849c                CAN2_Error_IRQHandler
                0x1fff849c                FTFC_IRQHandler
                0x1fff849c                FTM1_Ch6_Ch7_IRQHandler
                0x1fff849c                LPUART1_ERR_IRQHandler
                0x1fff849c                LPIT0_Ch1_IRQHandler
                0x1fff849c                FTM1_Ch4_Ch5_IRQHandler
                0x1fff849c                FTM3_Ovf_Reload_IRQHandler
                0x1fff849c                LPUART2_RxTx_IRQHandler
                0x1fff849c                LPSPI0_IRQHandler
                0x1fff849c                WDOG_EWM_IRQHandler
                0x1fff849c                MemManage_Handler
                0x1fff849c                Reserved90_IRQHandler
                0x1fff849c                Reserved83_IRQHandler
                0x1fff849c                FTM0_Fault_IRQHandler
                0x1fff849c                SVC_Handler
                0x1fff849c                CAN1_Wake_Up_IRQHandler
                0x1fff849c                ERM_single_fault_IRQHandler
                0x1fff849c                FTM2_Fault_IRQHandler
                0x1fff849c                FTM0_Ch2_Ch3_IRQHandler
                0x1fff849c                FTM0_Ch0_Ch1_IRQHandler
                0x1fff849c                FTM3_Fault_IRQHandler
                0x1fff849c                RCM_IRQHandler
                0x1fff849c                Reserved100_IRQHandler
                0x1fff849c                Reserved91_IRQHandler
                0x1fff849c                CAN1_ORed_IRQHandler
                0x1fff849c                SCG_IRQHandler
                0x1fff849c                PDB1_IRQHandler
                0x1fff849c                Reserved81_IRQHandler
                0x1fff849c                Reserved46_IRQHandler
                0x1fff849c                Reserved45_IRQHandler
                0x1fff849c                CAN2_ORed_16_31_MB_IRQHandler
                0x1fff849c                CAN0_Error_IRQHandler
                0x1fff849c                FTM1_Fault_IRQHandler
                0x1fff849c                Reserved106_IRQHandler
                0x1fff849c                LVD_LVW_IRQHandler
                0x1fff849c                LPIT0_Ch2_IRQHandler
                0x1fff849c                PORTA_IRQHandler
                0x1fff849c                LPUART2_ERR_IRQHandler
                0x1fff849c                CAN1_ORed_16_31_MB_IRQHandler
                0x1fff849c                MCM_IRQHandler
                0x1fff849c                LPSPI2_IRQHandler
                0x1fff849c                FTM3_Ch4_Ch5_IRQHandler
                0x1fff849c                CAN0_ORed_0_15_MB_IRQHandler
                0x1fff849c                PORTE_IRQHandler
                0x1fff849c                LPUART0_RxTx_IRQHandler
                0x1fff849c                LPTMR0_IRQHandler
                0x1fff849c                BusFault_Handler
                0x1fff849c                Reserved87_IRQHandler
                0x1fff849c                FTM1_Ovf_Reload_IRQHandler
                0x1fff849c                Reserved93_IRQHandler
                0x1fff849c                CAN0_Wake_Up_IRQHandler
                0x1fff849c                CMP0_IRQHandler
                0x1fff849c                PORTC_IRQHandler
                0x1fff849c                FTM1_Ch0_Ch1_IRQHandler
                0x1fff849c                FLEXIO_IRQHandler
                0x1fff849c                Reserved113_IRQHandler
 *(.text*)
 .text.SystemInit
                0x1fff84a0       0x30 ./SDK/platform/devices/S32K144/startup/system_S32K144.o
                0x1fff84a0                SystemInit
 .text.init_data_bss
                0x1fff84d0       0xb4 ./SDK/platform/devices/startup.o
                0x1fff84d0                init_data_bss
 .text.CLOCK_SYS_SwitchSystemClock
                0x1fff8584       0x8c ./SDK/platform/drivers/src/clock/S32K144/fsl_clock_S32K144.o
 .text.CLOCK_SYS_GetScgClkOutFreq
                0x1fff8610       0x4c ./SDK/platform/drivers/src/clock/S32K144/fsl_clock_S32K144.o
 .text.CLOCK_SYS_GetPeripheralClock
                0x1fff865c      0x118 ./SDK/platform/drivers/src/clock/S32K144/fsl_clock_S32K144.o
 .text.CLOCK_SYS_GetSimRtcClkFreq
                0x1fff8774       0x40 ./SDK/platform/drivers/src/clock/S32K144/fsl_clock_S32K144.o
 .text.CLOCK_SYS_GetSimClkOutFreq
                0x1fff87b4       0x98 ./SDK/platform/drivers/src/clock/S32K144/fsl_clock_S32K144.o
 .text.CLOCK_SYS_SetScgConfiguration
                0x1fff884c      0x244 ./SDK/platform/drivers/src/clock/S32K144/fsl_clock_S32K144.o
                0x1fff884c                CLOCK_SYS_SetScgConfiguration
 .text.CLOCK_SYS_SetPccConfiguration
                0x1fff8a90       0x10 ./SDK/platform/drivers/src/clock/S32K144/fsl_clock_S32K144.o
                0x1fff8a90                CLOCK_SYS_SetPccConfiguration
 .text.CLOCK_SYS_SetSimConfiguration
                0x1fff8aa0       0xec ./SDK/platform/drivers/src/clock/S32K144/fsl_clock_S32K144.o
                0x1fff8aa0                CLOCK_SYS_SetSimConfiguration
 .text.CLOCK_SYS_SetPmcConfiguration
                0x1fff8b8c       0x44 ./SDK/platform/drivers/src/clock/S32K144/fsl_clock_S32K144.o
                0x1fff8b8c                CLOCK_SYS_SetPmcConfiguration
 .text.CLOCK_SYS_SetConfiguration
                0x1fff8bd0       0x2c ./SDK/platform/drivers/src/clock/S32K144/fsl_clock_S32K144.o
                0x1fff8bd0                CLOCK_SYS_SetConfiguration
 .text.CLOCK_SYS_GetFreq
                0x1fff8bfc      0x26c ./SDK/platform/drivers/src/clock/S32K144/fsl_clock_S32K144.o
                0x1fff8bfc                CLOCK_SYS_GetFreq
 .text.CLOCK_SYS_Init
                0x1fff8e68       0x1c ./SDK/platform/drivers/src/clock/fsl_clock_manager.o
                0x1fff8e68                CLOCK_SYS_Init
 .text.CLOCK_SYS_UpdateConfiguration
                0x1fff8e84       0xf0 ./SDK/platform/drivers/src/clock/fsl_clock_manager.o
                0x1fff8e84                CLOCK_SYS_UpdateConfiguration
 .text.DMA0_IRQHandler
                0x1fff8f74        0xc ./SDK/platform/drivers/src/edma/fsl_edma_irq.o
                0x1fff8f74                DMA0_IRQHandler
 .text.DMA1_IRQHandler
                0x1fff8f80        0xc ./SDK/platform/drivers/src/edma/fsl_edma_irq.o
                0x1fff8f80                DMA1_IRQHandler
 .text.DMA2_IRQHandler
                0x1fff8f8c        0xc ./SDK/platform/drivers/src/edma/fsl_edma_irq.o
                0x1fff8f8c                DMA2_IRQHandler
 .text.DMA3_IRQHandler
                0x1fff8f98        0xc ./SDK/platform/drivers/src/edma/fsl_edma_irq.o
                0x1fff8f98                DMA3_IRQHandler
 .text.DMA4_IRQHandler
                0x1fff8fa4        0xc ./SDK/platform/drivers/src/edma/fsl_edma_irq.o
                0x1fff8fa4                DMA4_IRQHandler
 .text.DMA5_IRQHandler
                0x1fff8fb0        0xc ./SDK/platform/drivers/src/edma/fsl_edma_irq.o
                0x1fff8fb0                DMA5_IRQHandler
 .text.DMA6_IRQHandler
                0x1fff8fbc        0xc ./SDK/platform/drivers/src/edma/fsl_edma_irq.o
                0x1fff8fbc                DMA6_IRQHandler
 .text.DMA7_IRQHandler
                0x1fff8fc8        0xc ./SDK/platform/drivers/src/edma/fsl_edma_irq.o
                0x1fff8fc8                DMA7_IRQHandler
 .text.DMA8_IRQHandler
                0x1fff8fd4        0xc ./SDK/platform/drivers/src/edma/fsl_edma_irq.o
                0x1fff8fd4                DMA8_IRQHandler
 .text.DMA9_IRQHandler
                0x1fff8fe0        0xc ./SDK/platform/drivers/src/edma/fsl_edma_irq.o
                0x1fff8fe0                DMA9_IRQHandler
 .text.DMA10_IRQHandler
                0x1fff8fec        0xc ./SDK/platform/drivers/src/edma/fsl_edma_irq.o
                0x1fff8fec                DMA10_IRQHandler
 .text.DMA11_IRQHandler
                0x1fff8ff8        0xc ./SDK/platform/drivers/src/edma/fsl_edma_irq.o
                0x1fff8ff8                DMA11_IRQHandler
 .text.DMA12_IRQHandler
                0x1fff9004        0xc ./SDK/platform/drivers/src/edma/fsl_edma_irq.o
                0x1fff9004                DMA12_IRQHandler
 .text.DMA13_IRQHandler
                0x1fff9010        0xc ./SDK/platform/drivers/src/edma/fsl_edma_irq.o
                0x1fff9010                DMA13_IRQHandler
 .text.DMA14_IRQHandler
                0x1fff901c        0xc ./SDK/platform/drivers/src/edma/fsl_edma_irq.o
                0x1fff901c                DMA14_IRQHandler
 .text.DMA15_IRQHandler
                0x1fff9028        0xc ./SDK/platform/drivers/src/edma/fsl_edma_irq.o
                0x1fff9028                DMA15_IRQHandler
 .text.DMA_Error_IRQHandler
                0x1fff9034        0x8 ./SDK/platform/drivers/src/edma/fsl_edma_irq.o
                0x1fff9034                DMA_Error_IRQHandler
 .text.EDMA_DRV_ClaimChannel
                0x1fff903c       0x6c ./SDK/platform/drivers/src/edma/fsl_edma_driver.o
 .text.EDMA_DRV_InstallCallback
                0x1fff90a8       0x10 ./SDK/platform/drivers/src/edma/fsl_edma_driver.o
                0x1fff90a8                EDMA_DRV_InstallCallback
 .text.EDMA_DRV_RequestChannel
                0x1fff90b8       0xf0 ./SDK/platform/drivers/src/edma/fsl_edma_driver.o
                0x1fff90b8                EDMA_DRV_RequestChannel
 .text.EDMA_DRV_ReleaseChannel
                0x1fff91a8       0x58 ./SDK/platform/drivers/src/edma/fsl_edma_driver.o
                0x1fff91a8                EDMA_DRV_ReleaseChannel
 .text.EDMA_DRV_IRQHandler
                0x1fff9200       0x2c ./SDK/platform/drivers/src/edma/fsl_edma_driver.o
                0x1fff9200                EDMA_DRV_IRQHandler
 .text.EDMA_DRV_ErrorIRQHandler
                0x1fff922c       0x68 ./SDK/platform/drivers/src/edma/fsl_edma_driver.o
                0x1fff922c                EDMA_DRV_ErrorIRQHandler
 .text.EDMA_DRV_ConfigSingleBlockTransfer
                0x1fff9294      0x124 ./SDK/platform/drivers/src/edma/fsl_edma_driver.o
                0x1fff9294                EDMA_DRV_ConfigSingleBlockTransfer
 .text.EDMA_DRV_StartChannel
                0x1fff93b8       0x20 ./SDK/platform/drivers/src/edma/fsl_edma_driver.o
                0x1fff93b8                EDMA_DRV_StartChannel
 .text.EDMA_DRV_StopChannel
                0x1fff93d8       0x20 ./SDK/platform/drivers/src/edma/fsl_edma_driver.o
                0x1fff93d8                EDMA_DRV_StopChannel
 .text.INT_SYS_InstallHandler
                0x1fff93f8       0x38 ./SDK/platform/drivers/src/interrupt/fsl_interrupt_manager.o
                0x1fff93f8                INT_SYS_InstallHandler
 .text.INT_SYS_EnableIRQGlobal
                0x1fff9430       0x1c ./SDK/platform/drivers/src/interrupt/fsl_interrupt_manager.o
                0x1fff9430                INT_SYS_EnableIRQGlobal
 .text.INT_SYS_DisableIRQGlobal
                0x1fff944c       0x10 ./SDK/platform/drivers/src/interrupt/fsl_interrupt_manager.o
                0x1fff944c                INT_SYS_DisableIRQGlobal
 .text.LPUART0_IrqHandler
                0x1fff945c        0xc ./SDK/platform/drivers/src/lpuart/fsl_lpuart_irq.o
                0x1fff945c                LPUART0_IrqHandler
 .text.LPUART1_IrqHandler
                0x1fff9468        0xc ./SDK/platform/drivers/src/lpuart/fsl_lpuart_irq.o
                0x1fff9468                LPUART1_IrqHandler
 .text.LPUART2_IrqHandler
                0x1fff9474        0xc ./SDK/platform/drivers/src/lpuart/fsl_lpuart_irq.o
                0x1fff9474                LPUART2_IrqHandler
 .text.LPUART_DRV_StartSendDataUsingInt
                0x1fff9480       0x40 ./SDK/platform/drivers/src/lpuart/fsl_lpuart_driver.o
 .text.LPUART_DRV_StartSendDataUsingDma
                0x1fff94c0       0xc4 ./SDK/platform/drivers/src/lpuart/fsl_lpuart_driver.o
 .text.LPUART_DRV_CompleteSendDataUsingInt
                0x1fff9584       0x38 ./SDK/platform/drivers/src/lpuart/fsl_lpuart_driver.o
 .text.LPUART_DRV_CompleteReceiveDataUsingInt
                0x1fff95bc       0x48 ./SDK/platform/drivers/src/lpuart/fsl_lpuart_driver.o
 .text.LPUART_DRV_CompleteSendDataUsingDma
                0x1fff9604       0x54 ./SDK/platform/drivers/src/lpuart/fsl_lpuart_driver.o
 .text.LPUART_DRV_Init
                0x1fff9658      0x10c ./SDK/platform/drivers/src/lpuart/fsl_lpuart_driver.o
                0x1fff9658                LPUART_DRV_Init
 .text.LPUART_DRV_SendData
                0x1fff9764       0x30 ./SDK/platform/drivers/src/lpuart/fsl_lpuart_driver.o
                0x1fff9764                LPUART_DRV_SendData
 .text.LPUART_DRV_GetTransmitStatus
                0x1fff9794       0x4c ./SDK/platform/drivers/src/lpuart/fsl_lpuart_driver.o
                0x1fff9794                LPUART_DRV_GetTransmitStatus
 .text.LPUART_DRV_IRQHandler
                0x1fff97e0       0xcc ./SDK/platform/drivers/src/lpuart/fsl_lpuart_driver.o
                0x1fff97e0                LPUART_DRV_IRQHandler
 .text.PINS_DRV_Init
                0x1fff98ac      0x148 ./SDK/platform/drivers/src/pins/fsl_pins_driver.o
                0x1fff98ac                PINS_DRV_Init
 .text.EDMA_HAL_SetErrorIntCmd
                0x1fff99f4        0xc ./SDK/platform/hal/src/edma/fsl_edma_hal.o
                0x1fff99f4                EDMA_HAL_SetErrorIntCmd
 .text.EDMA_HAL_SetDmaRequestCmd
                0x1fff9a00        0xc ./SDK/platform/hal/src/edma/fsl_edma_hal.o
                0x1fff9a00                EDMA_HAL_SetDmaRequestCmd
 .text.EDMA_HAL_TCDClearReg
                0x1fff9a0c       0x3c ./SDK/platform/hal/src/edma/fsl_edma_hal.o
                0x1fff9a0c                EDMA_HAL_TCDClearReg
 .text.EDMA_HAL_TCDSetAttribute
                0x1fff9a48       0x28 ./SDK/platform/hal/src/edma/fsl_edma_hal.o
                0x1fff9a48                EDMA_HAL_TCDSetAttribute
 .text.EDMA_HAL_TCDSetNbytes
                0x1fff9a70       0x5c ./SDK/platform/hal/src/edma/fsl_edma_hal.o
                0x1fff9a70                EDMA_HAL_TCDSetNbytes
 .text.EDMA_HAL_TCDSetMajorCount
                0x1fff9acc       0x60 ./SDK/platform/hal/src/edma/fsl_edma_hal.o
                0x1fff9acc                EDMA_HAL_TCDSetMajorCount
 .text.EDMA_HAL_TCDGetCurrentMajorCount
                0x1fff9b2c       0x34 ./SDK/platform/hal/src/edma/fsl_edma_hal.o
                0x1fff9b2c                EDMA_HAL_TCDGetCurrentMajorCount
 .text.LPUART_HAL_Init
                0x1fff9b60       0x24 ./SDK/platform/hal/src/lpuart/fsl_lpuart_hal.o
                0x1fff9b60                LPUART_HAL_Init
 .text.LPUART_HAL_SetBaudRate
                0x1fff9b84       0xac ./SDK/platform/hal/src/lpuart/fsl_lpuart_hal.o
                0x1fff9b84                LPUART_HAL_SetBaudRate
 .text.LPUART_HAL_SetBitCountPerChar
                0x1fff9c30       0x24 ./SDK/platform/hal/src/lpuart/fsl_lpuart_hal.o
                0x1fff9c30                LPUART_HAL_SetBitCountPerChar
 .text.LPUART_HAL_SetParityMode
                0x1fff9c54       0x20 ./SDK/platform/hal/src/lpuart/fsl_lpuart_hal.o
                0x1fff9c54                LPUART_HAL_SetParityMode
 .text.LPUART_HAL_SetIntMode
                0x1fff9c74       0xa8 ./SDK/platform/hal/src/lpuart/fsl_lpuart_hal.o
                0x1fff9c74                LPUART_HAL_SetIntMode
 .text.LPUART_HAL_GetIntMode
                0x1fff9d1c       0x6c ./SDK/platform/hal/src/lpuart/fsl_lpuart_hal.o
                0x1fff9d1c                LPUART_HAL_GetIntMode
 .text.LPUART_HAL_GetStatusFlag
                0x1fff9d88       0x60 ./SDK/platform/hal/src/lpuart/fsl_lpuart_hal.o
                0x1fff9d88                LPUART_HAL_GetStatusFlag
 .text.LPUART_HAL_ClearStatusFlag
                0x1fff9de8       0xe8 ./SDK/platform/hal/src/lpuart/fsl_lpuart_hal.o
                0x1fff9de8                LPUART_HAL_ClearStatusFlag
 .text.PCC_HAL_SetPeripheralClockConfig
                0x1fff9ed0       0x6c ./SDK/platform/hal/src/pcc/fsl_pcc_hal.o
                0x1fff9ed0                PCC_HAL_SetPeripheralClockConfig
 .text.SCG_HAL_SetSystemClockConfig
                0x1fff9f3c       0x40 ./SDK/platform/hal/src/scg/fsl_scg_hal.o
                0x1fff9f3c                SCG_HAL_SetSystemClockConfig
 .text.SCG_HAL_GetSystemClockConfig
                0x1fff9f7c       0x78 ./SDK/platform/hal/src/scg/fsl_scg_hal.o
                0x1fff9f7c                SCG_HAL_GetSystemClockConfig
 .text.SCG_HAL_InitSysOsc
                0x1fff9ff4       0x9c ./SDK/platform/hal/src/scg/fsl_scg_hal.o
                0x1fff9ff4                SCG_HAL_InitSysOsc
 .text.SCG_HAL_DeinitSysOsc
                0x1fffa090       0x30 ./SDK/platform/hal/src/scg/fsl_scg_hal.o
                0x1fffa090                SCG_HAL_DeinitSysOsc
 .text.SCG_HAL_GetSysOscFreq
                0x1fffa0c0       0x18 ./SDK/platform/hal/src/scg/fsl_scg_hal.o
                0x1fffa0c0                SCG_HAL_GetSysOscFreq
 .text.SCG_HAL_GetSysOscAsyncFreq
                0x1fffa0d8       0x3c ./SDK/platform/hal/src/scg/fsl_scg_hal.o
                0x1fffa0d8                SCG_HAL_GetSysOscAsyncFreq
 .text.SCG_HAL_InitSirc
                0x1fffa114       0x78 ./SDK/platform/hal/src/scg/fsl_scg_hal.o
                0x1fffa114                SCG_HAL_InitSirc
 .text.SCG_HAL_DeinitSirc
                0x1fffa18c       0x24 ./SDK/platform/hal/src/scg/fsl_scg_hal.o
                0x1fffa18c                SCG_HAL_DeinitSirc
 .text.SCG_HAL_GetSircFreq
                0x1fffa1b0       0x2c ./SDK/platform/hal/src/scg/fsl_scg_hal.o
                0x1fffa1b0                SCG_HAL_GetSircFreq
 .text.SCG_HAL_GetSircAsyncFreq
                0x1fffa1dc       0x3c ./SDK/platform/hal/src/scg/fsl_scg_hal.o
                0x1fffa1dc                SCG_HAL_GetSircAsyncFreq
 .text.SCG_HAL_InitFirc
                0x1fffa218       0xf4 ./SDK/platform/hal/src/scg/fsl_scg_hal.o
                0x1fffa218                SCG_HAL_InitFirc
 .text.SCG_HAL_DeinitFirc
                0x1fffa30c       0x28 ./SDK/platform/hal/src/scg/fsl_scg_hal.o
                0x1fffa30c                SCG_HAL_DeinitFirc
 .text.SCG_HAL_GetFircFreq
                0x1fffa334       0x24 ./SDK/platform/hal/src/scg/fsl_scg_hal.o
                0x1fffa334                SCG_HAL_GetFircFreq
 .text.SCG_HAL_GetFircAsyncFreq
                0x1fffa358       0x3c ./SDK/platform/hal/src/scg/fsl_scg_hal.o
                0x1fffa358                SCG_HAL_GetFircAsyncFreq
 .text.SCG_HAL_InitSysPll
                0x1fffa394       0xb0 ./SDK/platform/hal/src/scg/fsl_scg_hal.o
                0x1fffa394                SCG_HAL_InitSysPll
 .text.SCG_HAL_DeinitSysPll
                0x1fffa444       0x28 ./SDK/platform/hal/src/scg/fsl_scg_hal.o
                0x1fffa444                SCG_HAL_DeinitSysPll
 .text.SCG_HAL_GetSysPllFreq
                0x1fffa46c       0x40 ./SDK/platform/hal/src/scg/fsl_scg_hal.o
                0x1fffa46c                SCG_HAL_GetSysPllFreq
 .text.SCG_HAL_GetSystemClockFreq
                0x1fffa4ac       0x74 ./SDK/platform/hal/src/scg/fsl_scg_hal.o
                0x1fffa4ac                SCG_HAL_GetSystemClockFreq
 .text.SCG_HAL_GetSysPllAsyncFreq
                0x1fffa520       0x3c ./SDK/platform/hal/src/scg/fsl_scg_hal.o
                0x1fffa520                SCG_HAL_GetSysPllAsyncFreq
 .text.SCG_HAL_SetRtcClkInFreq
                0x1fffa55c        0xc ./SDK/platform/hal/src/scg/fsl_scg_hal.o
                0x1fffa55c                SCG_HAL_SetRtcClkInFreq
 .text.SCG_HAL_GetRtcClkInFreq
                0x1fffa568        0xc ./SDK/platform/hal/src/scg/fsl_scg_hal.o
                0x1fffa568                SCG_HAL_GetRtcClkInFreq
 .text.SIM_HAL_GetClkoutConfig
                0x1fffa574       0xa4 ./SDK/platform/hal/src/sim/S32K144/fsl_sim_hal_S32K144.o
                0x1fffa574                SIM_HAL_GetClkoutConfig
 .text.SIM_HAL_InitClkout
                0x1fffa618       0x30 ./SDK/platform/hal/src/sim/S32K144/fsl_sim_hal_S32K144.o
                0x1fffa618                SIM_HAL_InitClkout
 .text.SIM_HAL_GetFtmExternalClkPinMode
                0x1fffa648       0x6c ./SDK/platform/hal/src/sim/S32K144/fsl_sim_hal_S32K144.o
                0x1fffa648                SIM_HAL_GetFtmExternalClkPinMode
 .text.SIM_HAL_GetLpo32KFreq
                0x1fffa6b4       0x14 ./SDK/platform/hal/src/sim/S32K144/fsl_sim_hal_S32K144.o
                0x1fffa6b4                SIM_HAL_GetLpo32KFreq
 .text.SIM_HAL_GetLpo1KFreq
                0x1fffa6c8       0x14 ./SDK/platform/hal/src/sim/S32K144/fsl_sim_hal_S32K144.o
                0x1fffa6c8                SIM_HAL_GetLpo1KFreq
 .text.SIM_HAL_GetLpoFreq
                0x1fffa6dc       0x28 ./SDK/platform/hal/src/sim/S32K144/fsl_sim_hal_S32K144.o
                0x1fffa6dc                SIM_HAL_GetLpoFreq
 .text.SIM_HAL_InitTraceClock
                0x1fffa704       0x50 ./SDK/platform/hal/src/sim/S32K144/fsl_sim_hal_S32K144.o
                0x1fffa704                SIM_HAL_InitTraceClock
 .text.SysTick_Handler
                0x1fffa754       0x10 ./SDK/rtos/osif/fsl_osif_baremetal.o
                0x1fffa754                SysTick_Handler
 .text.OSIF_MutexLock
                0x1fffa764        0x4 ./SDK/rtos/osif/fsl_osif_baremetal.o
                0x1fffa764                OSIF_MutexLock
 .text.OSIF_MutexUnlock
                0x1fffa768        0x4 ./SDK/rtos/osif/fsl_osif_baremetal.o
                0x1fffa768                OSIF_MutexUnlock
 .text.OSIF_SemaPost
                0x1fffa76c       0x28 ./SDK/rtos/osif/fsl_osif_baremetal.o
                0x1fffa76c                OSIF_SemaPost
 .text.OSIF_SemaCreate
                0x1fffa794       0x14 ./SDK/rtos/osif/fsl_osif_baremetal.o
                0x1fffa794                OSIF_SemaCreate
 .text.SIRC_div
                0x1fffa7a8       0x48 ./Sources/main.o
                0x1fffa7a8                SIRC_div
 .text.PORT_conf
                0x1fffa7f0       0x6c ./Sources/main.o
                0x1fffa7f0                PORT_conf
 .text.main     0x1fffa85c      0x118 ./Sources/main.o
                0x1fffa85c                main
 .text.bus_busy
                0x1fffa974       0x50 ./Sources/I2C.o
 .text.generate_stop
                0x1fffa9c4       0x64 ./Sources/I2C.o
 .text.LPI2C0_init
                0x1fffaa28       0x34 ./Sources/I2C.o
                0x1fffaa28                LPI2C0_init
 .text.LPI2C0_clock
                0x1fffaa5c       0x20 ./Sources/I2C.o
                0x1fffaa5c                LPI2C0_clock
 .text.LPI2C0_write
                0x1fffaa7c       0x40 ./Sources/I2C.o
                0x1fffaa7c                LPI2C0_write
 .text.LPI2C0_read
                0x1fffaabc       0xc8 ./Sources/I2C.o
                0x1fffaabc                LPI2C0_read
 .text.LPI2C0_Master_IRQHandler
                0x1fffab84       0xb0 ./Sources/I2C.o
                0x1fffab84                LPI2C0_Master_IRQHandler
 .text.LPI2C0_IRQs
                0x1fffac34       0x18 ./Sources/I2C.o
                0x1fffac34                LPI2C0_IRQs
 .text.memset   0x1fffac4c       0x10 C:/nxp/S32DS_ARM_v1.3/Cross_Tools/gcc-arm-none-eabi-4_9/arm-none-eabi/newlib/lib/armv7e-m/fpu\libc_nano.a(lib_a-memset.o)
                0x1fffac4c                memset
 .text.sprintf  0x1fffac5c       0x48 C:/nxp/S32DS_ARM_v1.3/Cross_Tools/gcc-arm-none-eabi-4_9/arm-none-eabi/newlib/lib/armv7e-m/fpu\libc_nano.a(lib_a-sprintf.o)
                0x1fffac5c                siprintf
                0x1fffac5c                sprintf
 .text.strlen   0x1fffaca4       0x10 C:/nxp/S32DS_ARM_v1.3/Cross_Tools/gcc-arm-none-eabi-4_9/arm-none-eabi/newlib/lib/armv7e-m/fpu\libc_nano.a(lib_a-strlen.o)
                0x1fffaca4                strlen
 .text.__ssputs_r
                0x1fffacb4       0xb2 C:/nxp/S32DS_ARM_v1.3/Cross_Tools/gcc-arm-none-eabi-4_9/arm-none-eabi/newlib/lib/armv7e-m/fpu\libc_nano.a(lib_a-nano-svfprintf.o)
                0x1fffacb4                __ssputs_r
 *fill*         0x1fffad66        0x2 
 .text._svfprintf_r
                0x1fffad68      0x1e4 C:/nxp/S32DS_ARM_v1.3/Cross_Tools/gcc-arm-none-eabi-4_9/arm-none-eabi/newlib/lib/armv7e-m/fpu\libc_nano.a(lib_a-nano-svfprintf.o)
                0x1fffad68                _svfiprintf_r
                0x1fffad68                _svfprintf_r
 .text._printf_common
                0x1fffaf4c       0xea C:/nxp/S32DS_ARM_v1.3/Cross_Tools/gcc-arm-none-eabi-4_9/arm-none-eabi/newlib/lib/armv7e-m/fpu\libc_nano.a(lib_a-nano-vfprintf_i.o)
                0x1fffaf4c                _printf_common
 *fill*         0x1fffb036        0x2 
 .text._printf_i
                0x1fffb038      0x240 C:/nxp/S32DS_ARM_v1.3/Cross_Tools/gcc-arm-none-eabi-4_9/arm-none-eabi/newlib/lib/armv7e-m/fpu\libc_nano.a(lib_a-nano-vfprintf_i.o)
                0x1fffb038                _printf_i
 .text.memchr   0x1fffb278       0x1e C:/nxp/S32DS_ARM_v1.3/Cross_Tools/gcc-arm-none-eabi-4_9/arm-none-eabi/newlib/lib/armv7e-m/fpu\libc_nano.a(lib_a-memchr.o)
                0x1fffb278                memchr
 .text.memcpy   0x1fffb296       0x16 C:/nxp/S32DS_ARM_v1.3/Cross_Tools/gcc-arm-none-eabi-4_9/arm-none-eabi/newlib/lib/armv7e-m/fpu\libc_nano.a(lib_a-memcpy.o)
                0x1fffb296                memcpy
 .text.memmove  0x1fffb2ac       0x36 C:/nxp/S32DS_ARM_v1.3/Cross_Tools/gcc-arm-none-eabi-4_9/arm-none-eabi/newlib/lib/armv7e-m/fpu\libc_nano.a(lib_a-memmove.o)
                0x1fffb2ac                memmove
 *fill*         0x1fffb2e2        0x2 
 .text._free_r  0x1fffb2e4       0x88 C:/nxp/S32DS_ARM_v1.3/Cross_Tools/gcc-arm-none-eabi-4_9/arm-none-eabi/newlib/lib/armv7e-m/fpu\libc_nano.a(lib_a-nano-freer.o)
                0x1fffb2e4                _free_r
 .text._malloc_r
                0x1fffb36c       0xac C:/nxp/S32DS_ARM_v1.3/Cross_Tools/gcc-arm-none-eabi-4_9/arm-none-eabi/newlib/lib/armv7e-m/fpu\libc_nano.a(lib_a-nano-mallocr.o)
                0x1fffb36c                _malloc_r
 .text._realloc_r
                0x1fffb418       0x4c C:/nxp/S32DS_ARM_v1.3/Cross_Tools/gcc-arm-none-eabi-4_9/arm-none-eabi/newlib/lib/armv7e-m/fpu\libc_nano.a(lib_a-nano-reallocr.o)
                0x1fffb418                _realloc_r
 .text._sbrk_r  0x1fffb464       0x20 C:/nxp/S32DS_ARM_v1.3/Cross_Tools/gcc-arm-none-eabi-4_9/arm-none-eabi/newlib/lib/armv7e-m/fpu\libc_nano.a(lib_a-sbrkr.o)
                0x1fffb464                _sbrk_r
 .text._malloc_usable_size_r
                0x1fffb484       0x14 C:/nxp/S32DS_ARM_v1.3/Cross_Tools/gcc-arm-none-eabi-4_9/arm-none-eabi/newlib/lib/armv7e-m/fpu\libc_nano.a(lib_a-nano-msizer.o)
                0x1fffb484                _malloc_usable_size_r
 .text._sbrk    0x1fffb498       0x48 C:/nxp/S32DS_ARM_v1.3/Cross_Tools/gcc-arm-none-eabi-4_9/arm-none-eabi/newlib/lib/armv7e-m/fpu\librdimon_nano.a(rdimon-syscalls.o)
                0x1fffb498                _sbrk
 .text.__errno  0x1fffb4e0        0xc C:/nxp/S32DS_ARM_v1.3/Cross_Tools/gcc-arm-none-eabi-4_9/arm-none-eabi/newlib/lib/armv7e-m/fpu\libc_nano.a(lib_a-errno.o)
                0x1fffb4e0                __errno
 *(.rodata)
 *(.rodata*)
 .rodata.lpuart1_InitConfig0
                0x1fffb4ec        0x8 ./Generated_Code/lpuart1.o
                0x1fffb4ec                lpuart1_InitConfig0
 .rodata.g_dmamuxBase
                0x1fffb4f4        0x4 ./SDK/platform/drivers/src/edma/fsl_edma_common.o
                0x1fffb4f4                g_dmamuxBase
 .rodata.g_edmaBase
                0x1fffb4f8        0x4 ./SDK/platform/drivers/src/edma/fsl_edma_common.o
                0x1fffb4f8                g_edmaBase
 .rodata.g_lpuartRxTxIrqId
                0x1fffb4fc        0x3 ./SDK/platform/drivers/src/lpuart/fsl_lpuart_common.o
                0x1fffb4fc                g_lpuartRxTxIrqId
 *fill*         0x1fffb4ff        0x1 
 .rodata.g_lpuartTxDMASrc
                0x1fffb500        0x3 ./SDK/platform/drivers/src/lpuart/fsl_lpuart_common.o
                0x1fffb500                g_lpuartTxDMASrc
 *fill*         0x1fffb503        0x1 
 .rodata.g_lpuartIsr
                0x1fffb504        0xc ./SDK/platform/drivers/src/lpuart/fsl_lpuart_common.o
                0x1fffb504                g_lpuartIsr
 .rodata.g_lpuartBase
                0x1fffb510        0xc ./SDK/platform/drivers/src/lpuart/fsl_lpuart_common.o
                0x1fffb510                g_lpuartBase
 .rodata.g_lpuartClkNames
                0x1fffb51c        0x3 ./SDK/platform/drivers/src/lpuart/fsl_lpuart_common.o
                0x1fffb51c                g_lpuartClkNames
 *fill*         0x1fffb51f        0x1 
 .rodata.clockNameMappings
                0x1fffb520       0x9e ./SDK/platform/hal/src/pcc/fsl_pcc_hal.o
                0x1fffb520                clockNameMappings
 *fill*         0x1fffb5be        0x2 
 .rodata.fircFreq.5330
                0x1fffb5c0       0x10 ./SDK/platform/hal/src/scg/fsl_scg_hal.o
 .rodata.systemClockDividerValues.5242
                0x1fffb5d0       0x10 ./SDK/platform/hal/src/scg/fsl_scg_hal.o
 .rodata.str1.4
                0x1fffb5e0        0x8 ./Sources/main.o
                                  0x5 (size before relaxing)
 .rodata.str1.1
                0x1fffb5e8        0x2 C:/nxp/S32DS_ARM_v1.3/Cross_Tools/gcc-arm-none-eabi-4_9/arm-none-eabi/newlib/lib/armv7e-m/fpu\libc_nano.a(lib_a-impure.o)
 .rodata.str1.1
                0x1fffb5ea       0x11 C:/nxp/S32DS_ARM_v1.3/Cross_Tools/gcc-arm-none-eabi-4_9/arm-none-eabi/newlib/lib/armv7e-m/fpu\libc_nano.a(lib_a-nano-svfprintf.o)
 .rodata.str1.1
                0x1fffb5fb       0x22 C:/nxp/S32DS_ARM_v1.3/Cross_Tools/gcc-arm-none-eabi-4_9/arm-none-eabi/newlib/lib/armv7e-m/fpu\libc_nano.a(lib_a-nano-vfprintf_i.o)
 *fill*         0x1fffb61d        0x3 
 .rodata.__sf_fake_stdin
                0x1fffb620       0x20 C:/nxp/S32DS_ARM_v1.3/Cross_Tools/gcc-arm-none-eabi-4_9/arm-none-eabi/newlib/lib/armv7e-m/fpu\libc_nano.a(lib_a-findfp.o)
                0x1fffb620                __sf_fake_stdin
 .rodata.__sf_fake_stdout
                0x1fffb640       0x20 C:/nxp/S32DS_ARM_v1.3/Cross_Tools/gcc-arm-none-eabi-4_9/arm-none-eabi/newlib/lib/armv7e-m/fpu\libc_nano.a(lib_a-findfp.o)
                0x1fffb640                __sf_fake_stdout
 .rodata.__sf_fake_stderr
                0x1fffb660       0x20 C:/nxp/S32DS_ARM_v1.3/Cross_Tools/gcc-arm-none-eabi-4_9/arm-none-eabi/newlib/lib/armv7e-m/fpu\libc_nano.a(lib_a-findfp.o)
                0x1fffb660                __sf_fake_stderr
 *(.glue_7)
 .glue_7        0x00000000        0x0 linker stubs
 *(.glue_7t)
 .glue_7t       0x00000000        0x0 linker stubs
 *(.eh_frame)
 .eh_frame      0x1fffb680        0x0 c:/nxp/s32ds_arm_v1.3/cross_tools/gcc-arm-none-eabi-4_9/bin/../lib/gcc/arm-none-eabi/4.9.3/armv7e-m/fpu/crtbegin.o
 *(.init)
 .init          0x1fffb680        0x4 c:/nxp/s32ds_arm_v1.3/cross_tools/gcc-arm-none-eabi-4_9/bin/../lib/gcc/arm-none-eabi/4.9.3/armv7e-m/fpu/crti.o
                0x1fffb680                _init
 .init          0x1fffb684        0x8 c:/nxp/s32ds_arm_v1.3/cross_tools/gcc-arm-none-eabi-4_9/bin/../lib/gcc/arm-none-eabi/4.9.3/armv7e-m/fpu/crtn.o
 *(.fini)
 .fini          0x1fffb68c        0x4 c:/nxp/s32ds_arm_v1.3/cross_tools/gcc-arm-none-eabi-4_9/bin/../lib/gcc/arm-none-eabi/4.9.3/armv7e-m/fpu/crti.o
                0x1fffb68c                _fini
 .fini          0x1fffb690        0x8 c:/nxp/s32ds_arm_v1.3/cross_tools/gcc-arm-none-eabi-4_9/bin/../lib/gcc/arm-none-eabi/4.9.3/armv7e-m/fpu/crtn.o
                0x1fffb698                . = ALIGN (0x4)

.vfp11_veneer   0x1fffb698        0x0
 .vfp11_veneer  0x00000000        0x0 linker stubs

.v4_bx          0x1fffb698        0x0
 .v4_bx         0x00000000        0x0 linker stubs

.iplt           0x1fffb698        0x0
 .iplt          0x00000000        0x0 c:/nxp/s32ds_arm_v1.3/cross_tools/gcc-arm-none-eabi-4_9/bin/../lib/gcc/arm-none-eabi/4.9.3/armv7e-m/fpu/crtbegin.o

.rel.dyn        0x1fffb698        0x0
 .rel.iplt      0x00000000        0x0 c:/nxp/s32ds_arm_v1.3/cross_tools/gcc-arm-none-eabi-4_9/bin/../lib/gcc/arm-none-eabi/4.9.3/armv7e-m/fpu/crtbegin.o

.code_ram       0x1fffb698        0x0
                0x1fffb698                . = ALIGN (0x4)
                0x1fffb698                __CODE_RAM = .
 *(.code_ram)
                0x1fffb698                __CODE_ROM = .
                0x1fffb698                __CODE_END = .
                0x1fffb698                . = ALIGN (0x4)

.ARM.extab
 *(.ARM.extab* .gnu.linkonce.armextab.*)

.ARM            0x1fffb698        0x0
                0x1fffb698                __exidx_start = .
 *(.ARM.exidx*)
                0x1fffb698                __exidx_end = .

.ctors          0x1fffb698        0x0
                0x1fffb698                __CTOR_LIST__ = .
 *crtbegin.o(.ctors)
 *crtbegin?.o(.ctors)
 *(EXCLUDE_FILE(*crtend.o *crtend?.o) .ctors)
 *(SORT(.ctors.*))
 *(.ctors)
                0x1fffb698                __CTOR_END__ = .

.dtors          0x1fffb698        0x0
                0x1fffb698                __DTOR_LIST__ = .
 *crtbegin.o(.dtors)
 *crtbegin?.o(.dtors)
 *(EXCLUDE_FILE(*crtend.o *crtend?.o) .dtors)
 *(SORT(.dtors.*))
 *(.dtors)
                0x1fffb698                __DTOR_END__ = .

.preinit_array  0x1fffb698        0x0
                0x1fffb698                PROVIDE (__preinit_array_start, .)
 *(.preinit_array*)
                0x1fffb698                PROVIDE (__preinit_array_end, .)

.init_array     0x1fffb698        0x4
                0x1fffb698                PROVIDE (__init_array_start, .)
 *(SORT(.init_array.*))
 *(.init_array*)
 .init_array    0x1fffb698        0x4 c:/nxp/s32ds_arm_v1.3/cross_tools/gcc-arm-none-eabi-4_9/bin/../lib/gcc/arm-none-eabi/4.9.3/armv7e-m/fpu/crtbegin.o
                0x1fffb69c                PROVIDE (__init_array_end, .)

.fini_array     0x1fffb69c        0x4
                0x1fffb69c                PROVIDE (__fini_array_start, .)
 *(SORT(.fini_array.*))
 *(.fini_array*)
 .fini_array    0x1fffb69c        0x4 c:/nxp/s32ds_arm_v1.3/cross_tools/gcc-arm-none-eabi-4_9/bin/../lib/gcc/arm-none-eabi/4.9.3/armv7e-m/fpu/crtbegin.o
                0x1fffb6a0                PROVIDE (__fini_array_end, .)
                0x1fffb6a0                __etext = .
                0x1fffb6a0                __DATA_ROM = .
                0x1fffb6a0                __DATA_END = __DATA_ROM

.customSectionBlock
 *(.customSection)

.data           0x20000000      0xab8
                0x20000000                . = ALIGN (0x4)
                0x20000000                __DATA_RAM = .
                0x20000000                __data_start__ = .
 *(.data)
 *(.data*)
 .data.g_pin_mux_InitConfigArr
                0x20000000      0x858 ./Generated_Code/pin_mux.o
                0x20000000                g_pin_mux_InitConfigArr
 .data.clockMan1_InitConfig0
                0x20000858       0x80 ./Generated_Code/clockMan1.o
                0x20000858                clockMan1_InitConfig0
 .data.clockMan1_InitConfig1
                0x200008d8       0x80 ./Generated_Code/clockMan1.o
                0x200008d8                clockMan1_InitConfig1
 .data.clockMan1_InitConfig2
                0x20000958       0x80 ./Generated_Code/clockMan1.o
                0x20000958                clockMan1_InitConfig2
 .data.peripheralClockConfig0
                0x200009d8       0x2d ./Generated_Code/clockMan1.o
                0x200009d8                peripheralClockConfig0
 *fill*         0x20000a05        0x3 
 .data.peripheralClockConfig1
                0x20000a08       0x19 ./Generated_Code/clockMan1.o
                0x20000a08                peripheralClockConfig1
 *fill*         0x20000a21        0x3 
 .data.peripheralClockConfig2
                0x20000a24       0x19 ./Generated_Code/clockMan1.o
                0x20000a24                peripheralClockConfig2
 *fill*         0x20000a3d        0x3 
 .data.g_clockManConfigsArr
                0x20000a40        0xc ./Generated_Code/clockMan1.o
                0x20000a40                g_clockManConfigsArr
 .data.impure_data
                0x20000a4c       0x60 C:/nxp/S32DS_ARM_v1.3/Cross_Tools/gcc-arm-none-eabi-4_9/arm-none-eabi/newlib/lib/armv7e-m/fpu\libc_nano.a(lib_a-impure.o)
 .data._impure_ptr
                0x20000aac        0x4 C:/nxp/S32DS_ARM_v1.3/Cross_Tools/gcc-arm-none-eabi-4_9/arm-none-eabi/newlib/lib/armv7e-m/fpu\libc_nano.a(lib_a-impure.o)
                0x20000aac                _impure_ptr
 .data.__heap_limit
                0x20000ab0        0x4 C:/nxp/S32DS_ARM_v1.3/Cross_Tools/gcc-arm-none-eabi-4_9/arm-none-eabi/newlib/lib/armv7e-m/fpu\librdimon_nano.a(rdimon-syscalls.o)
 *(.jcr*)
 .jcr           0x20000ab4        0x0 c:/nxp/s32ds_arm_v1.3/cross_tools/gcc-arm-none-eabi-4_9/bin/../lib/gcc/arm-none-eabi/4.9.3/armv7e-m/fpu/crtbegin.o
 .jcr           0x20000ab4        0x4 c:/nxp/s32ds_arm_v1.3/cross_tools/gcc-arm-none-eabi-4_9/bin/../lib/gcc/arm-none-eabi/4.9.3/armv7e-m/fpu/crtend.o
                0x20000ab8                . = ALIGN (0x4)
                0x20000ab8                __data_end__ = .

.igot.plt       0x20000ab8        0x0
 .igot.plt      0x00000000        0x0 c:/nxp/s32ds_arm_v1.3/cross_tools/gcc-arm-none-eabi-4_9/bin/../lib/gcc/arm-none-eabi/4.9.3/armv7e-m/fpu/crtbegin.o

.bss            0x20000ab8       0xdc
                0x20000ab8                . = ALIGN (0x4)
                0x20000ab8                __BSS_START = .
                0x20000ab8                __bss_start__ = .
 *(.bss)
 .bss           0x20000ab8       0x1c c:/nxp/s32ds_arm_v1.3/cross_tools/gcc-arm-none-eabi-4_9/bin/../lib/gcc/arm-none-eabi/4.9.3/armv7e-m/fpu/crtbegin.o
 *(.bss*)
 .bss.g_clockManCallbacksArr
                0x20000ad4        0x4 ./Generated_Code/clockMan1.o
                0x20000ad4                g_clockManCallbacksArr
 .bss.g_clockState
                0x20000ad8       0x10 ./SDK/platform/drivers/src/clock/fsl_clock_manager.o
 .bss.s_edma    0x20000ae8        0x4 ./SDK/platform/drivers/src/edma/fsl_edma_driver.o
 .bss.g_interruptDisableCount
                0x20000aec        0x4 ./SDK/platform/drivers/src/interrupt/fsl_interrupt_manager.o
 .bss.g_lpuartStatePtr
                0x20000af0        0xc ./SDK/platform/drivers/src/lpuart/fsl_lpuart_driver.o
                0x20000af0                g_lpuartStatePtr
 .bss.s_osif_tick_cnt
                0x20000afc        0x4 ./SDK/rtos/osif/fsl_osif_baremetal.o
 .bss.error     0x20000b00        0x1 ./Sources/I2C.o
 *fill*         0x20000b01        0x3 
 .bss.__malloc_sbrk_start
                0x20000b04        0x4 C:/nxp/S32DS_ARM_v1.3/Cross_Tools/gcc-arm-none-eabi-4_9/arm-none-eabi/newlib/lib/armv7e-m/fpu\libc_nano.a(lib_a-nano-mallocr.o)
                0x20000b04                __malloc_sbrk_start
 .bss.__malloc_free_list
                0x20000b08        0x4 C:/nxp/S32DS_ARM_v1.3/Cross_Tools/gcc-arm-none-eabi-4_9/arm-none-eabi/newlib/lib/armv7e-m/fpu\libc_nano.a(lib_a-nano-mallocr.o)
                0x20000b08                __malloc_free_list
 .bss.heap_end.6001
                0x20000b0c        0x4 C:/nxp/S32DS_ARM_v1.3/Cross_Tools/gcc-arm-none-eabi-4_9/arm-none-eabi/newlib/lib/armv7e-m/fpu\librdimon_nano.a(rdimon-syscalls.o)
 *(COMMON)
 COMMON         0x20000b10       0x4c ./Generated_Code/lpuart1.o
                0x20000b10                lpuart1_State
 COMMON         0x20000b5c       0x14 ./SDK/platform/drivers/src/clock/S32K144/fsl_clock_S32K144.o
                0x20000b5c                g_xtal0ClkFreq
                0x20000b60                g_RtcClkInFreq
                0x20000b64                g_TClkFreq
 COMMON         0x20000b70       0x1d ./Sources/main.o
                0x20000b70                altitude_meters
                0x20000b72                err_3
                0x20000b74                temperature
                0x20000b76                err_1
                0x20000b77                temperature_c_deg
                0x20000b78                altitude_fraction
                0x20000b7c                id
                0x20000b7d                err_4
                0x20000b7e                temperature_fraction
                0x20000b7f                test
                0x20000b80                err_0
                0x20000b84                altitude
                0x20000b87                err_5
                0x20000b88                err_2
                0x20000b89                err_6
                0x20000b8a                ready
                0x20000b8c                status
 *fill*         0x20000b8d        0x3 
 COMMON         0x20000b90        0x4 C:/nxp/S32DS_ARM_v1.3/Cross_Tools/gcc-arm-none-eabi-4_9/arm-none-eabi/newlib/lib/armv7e-m/fpu\libc_nano.a(lib_a-reent.o)
                0x20000b90                errno
                0x20000b94                . = ALIGN (0x4)
                0x20000b94                __bss_end__ = .
                0x20000b94                __BSS_END = .

.heap           0x20000b94      0x404
                0x20000b98                . = ALIGN (0x8)
 *fill*         0x20000b94        0x4 
                0x20000b98                __end__ = .
                0x20000b98                PROVIDE (end, .)
                0x20000b98                PROVIDE (_end, .)
                0x20000b98                PROVIDE (__end, .)
                0x20000b98                __HeapBase = .
                0x20000f98                . = (. + HEAP_SIZE)
 *fill*         0x20000b98      0x400 
                0x20000f98                __HeapLimit = .
                0x20000f98                __heap_limit = .

.stack          0x20000f98      0x400
                0x20000f98                . = ALIGN (0x8)
                0x20001398                . = (. + STACK_SIZE)
 *fill*         0x20000f98      0x400 
                0x20007000                __StackTop = (ORIGIN (m_data) + 0x7000)
                0x20006c00                __StackLimit = (__StackTop - STACK_SIZE)
                0x20007000                PROVIDE (__stack, __StackTop)

.ARM.attributes
                0x00000000       0x30
 *(.ARM.attributes)
 .ARM.attributes
                0x00000000       0x22 c:/nxp/s32ds_arm_v1.3/cross_tools/gcc-arm-none-eabi-4_9/bin/../lib/gcc/arm-none-eabi/4.9.3/armv7e-m/fpu/crti.o
 .ARM.attributes
                0x00000022       0x34 c:/nxp/s32ds_arm_v1.3/cross_tools/gcc-arm-none-eabi-4_9/bin/../lib/gcc/arm-none-eabi/4.9.3/armv7e-m/fpu/crtbegin.o
 .ARM.attributes
                0x00000056       0x39 ./Generated_Code/pin_mux.o
 .ARM.attributes
                0x0000008f       0x39 ./Generated_Code/lpuart1.o
 .ARM.attributes
                0x000000c8       0x39 ./Generated_Code/clockMan1.o
 .ARM.attributes
                0x00000101       0x1f ./Project_Settings/Startup_Code/startup_S32K144.o
 .ARM.attributes
                0x00000120       0x39 ./SDK/platform/devices/S32K144/startup/system_S32K144.o
 .ARM.attributes
                0x00000159       0x39 ./SDK/platform/devices/startup.o
 .ARM.attributes
                0x00000192       0x39 ./SDK/platform/drivers/src/clock/S32K144/fsl_clock_S32K144.o
 .ARM.attributes
                0x000001cb       0x39 ./SDK/platform/drivers/src/clock/fsl_clock_manager.o
 .ARM.attributes
                0x00000204       0x39 ./SDK/platform/drivers/src/edma/fsl_edma_irq.o
 .ARM.attributes
                0x0000023d       0x39 ./SDK/platform/drivers/src/edma/fsl_edma_driver.o
 .ARM.attributes
                0x00000276       0x39 ./SDK/platform/drivers/src/edma/fsl_edma_common.o
 .ARM.attributes
                0x000002af       0x39 ./SDK/platform/drivers/src/interrupt/fsl_interrupt_manager.o
 .ARM.attributes
                0x000002e8       0x39 ./SDK/platform/drivers/src/lpuart/fsl_lpuart_irq.o
 .ARM.attributes
                0x00000321       0x39 ./SDK/platform/drivers/src/lpuart/fsl_lpuart_driver.o
 .ARM.attributes
                0x0000035a       0x39 ./SDK/platform/drivers/src/lpuart/fsl_lpuart_common.o
 .ARM.attributes
                0x00000393       0x39 ./SDK/platform/drivers/src/pins/fsl_pins_driver.o
 .ARM.attributes
                0x000003cc       0x39 ./SDK/platform/hal/src/edma/fsl_edma_hal.o
 .ARM.attributes
                0x00000405       0x39 ./SDK/platform/hal/src/lpuart/fsl_lpuart_hal.o
 .ARM.attributes
                0x0000043e       0x39 ./SDK/platform/hal/src/pcc/fsl_pcc_hal.o
 .ARM.attributes
                0x00000477       0x39 ./SDK/platform/hal/src/scg/fsl_scg_hal.o
 .ARM.attributes
                0x000004b0       0x39 ./SDK/platform/hal/src/sim/S32K144/fsl_sim_hal_S32K144.o
 .ARM.attributes
                0x000004e9       0x39 ./SDK/rtos/osif/fsl_osif_baremetal.o
 .ARM.attributes
                0x00000522       0x39 ./Sources/main.o
 .ARM.attributes
                0x0000055b       0x39 ./Sources/I2C.o
 .ARM.attributes
                0x00000594       0x34 C:/nxp/S32DS_ARM_v1.3/Cross_Tools/gcc-arm-none-eabi-4_9/arm-none-eabi/newlib/lib/armv7e-m/fpu\libc_nano.a(lib_a-impure.o)
 .ARM.attributes
                0x000005c8       0x34 C:/nxp/S32DS_ARM_v1.3/Cross_Tools/gcc-arm-none-eabi-4_9/arm-none-eabi/newlib/lib/armv7e-m/fpu\libc_nano.a(lib_a-memset.o)
 .ARM.attributes
                0x000005fc       0x34 C:/nxp/S32DS_ARM_v1.3/Cross_Tools/gcc-arm-none-eabi-4_9/arm-none-eabi/newlib/lib/armv7e-m/fpu\libc_nano.a(lib_a-sprintf.o)
 .ARM.attributes
                0x00000630       0x34 C:/nxp/S32DS_ARM_v1.3/Cross_Tools/gcc-arm-none-eabi-4_9/arm-none-eabi/newlib/lib/armv7e-m/fpu\libc_nano.a(lib_a-strlen.o)
 .ARM.attributes
                0x00000664       0x34 C:/nxp/S32DS_ARM_v1.3/Cross_Tools/gcc-arm-none-eabi-4_9/arm-none-eabi/newlib/lib/armv7e-m/fpu\libc_nano.a(lib_a-nano-svfprintf.o)
 .ARM.attributes
                0x00000698       0x34 C:/nxp/S32DS_ARM_v1.3/Cross_Tools/gcc-arm-none-eabi-4_9/arm-none-eabi/newlib/lib/armv7e-m/fpu\libc_nano.a(lib_a-nano-vfprintf_i.o)
 .ARM.attributes
                0x000006cc       0x34 C:/nxp/S32DS_ARM_v1.3/Cross_Tools/gcc-arm-none-eabi-4_9/arm-none-eabi/newlib/lib/armv7e-m/fpu\libc_nano.a(lib_a-memchr.o)
 .ARM.attributes
                0x00000700       0x34 C:/nxp/S32DS_ARM_v1.3/Cross_Tools/gcc-arm-none-eabi-4_9/arm-none-eabi/newlib/lib/armv7e-m/fpu\libc_nano.a(lib_a-memcpy.o)
 .ARM.attributes
                0x00000734       0x34 C:/nxp/S32DS_ARM_v1.3/Cross_Tools/gcc-arm-none-eabi-4_9/arm-none-eabi/newlib/lib/armv7e-m/fpu\libc_nano.a(lib_a-memmove.o)
 .ARM.attributes
                0x00000768       0x34 C:/nxp/S32DS_ARM_v1.3/Cross_Tools/gcc-arm-none-eabi-4_9/arm-none-eabi/newlib/lib/armv7e-m/fpu\libc_nano.a(lib_a-nano-freer.o)
 .ARM.attributes
                0x0000079c       0x34 C:/nxp/S32DS_ARM_v1.3/Cross_Tools/gcc-arm-none-eabi-4_9/arm-none-eabi/newlib/lib/armv7e-m/fpu\libc_nano.a(lib_a-nano-mallocr.o)
 .ARM.attributes
                0x000007d0       0x34 C:/nxp/S32DS_ARM_v1.3/Cross_Tools/gcc-arm-none-eabi-4_9/arm-none-eabi/newlib/lib/armv7e-m/fpu\libc_nano.a(lib_a-nano-reallocr.o)
 .ARM.attributes
                0x00000804       0x34 C:/nxp/S32DS_ARM_v1.3/Cross_Tools/gcc-arm-none-eabi-4_9/arm-none-eabi/newlib/lib/armv7e-m/fpu\libc_nano.a(lib_a-sbrkr.o)
 .ARM.attributes
                0x00000838       0x34 C:/nxp/S32DS_ARM_v1.3/Cross_Tools/gcc-arm-none-eabi-4_9/arm-none-eabi/newlib/lib/armv7e-m/fpu\libc_nano.a(lib_a-nano-msizer.o)
 .ARM.attributes
                0x0000086c       0x34 C:/nxp/S32DS_ARM_v1.3/Cross_Tools/gcc-arm-none-eabi-4_9/arm-none-eabi/newlib/lib/armv7e-m/fpu\libc_nano.a(lib_a-reent.o)
 .ARM.attributes
                0x000008a0       0x34 C:/nxp/S32DS_ARM_v1.3/Cross_Tools/gcc-arm-none-eabi-4_9/arm-none-eabi/newlib/lib/armv7e-m/fpu\librdimon_nano.a(rdimon-syscalls.o)
 .ARM.attributes
                0x000008d4       0x34 C:/nxp/S32DS_ARM_v1.3/Cross_Tools/gcc-arm-none-eabi-4_9/arm-none-eabi/newlib/lib/armv7e-m/fpu\libc_nano.a(lib_a-errno.o)
 .ARM.attributes
                0x00000908       0x34 C:/nxp/S32DS_ARM_v1.3/Cross_Tools/gcc-arm-none-eabi-4_9/arm-none-eabi/newlib/lib/armv7e-m/fpu\libc_nano.a(lib_a-findfp.o)
 .ARM.attributes
                0x0000093c       0x34 c:/nxp/s32ds_arm_v1.3/cross_tools/gcc-arm-none-eabi-4_9/bin/../lib/gcc/arm-none-eabi/4.9.3/armv7e-m/fpu/crtend.o
 .ARM.attributes
                0x00000970       0x22 c:/nxp/s32ds_arm_v1.3/cross_tools/gcc-arm-none-eabi-4_9/bin/../lib/gcc/arm-none-eabi/4.9.3/armv7e-m/fpu/crtn.o
                0x00000001                ASSERT ((__StackLimit >= __HeapLimit), region m_data overflowed with stack and heap)

/DISCARD/
 *(.FlashConfig)
OUTPUT(LPUART_Example.elf elf32-littlearm)

.debug_info     0x00000000    0x14328
 .debug_info    0x00000000      0x39d ./Generated_Code/pin_mux.o
 .debug_info    0x0000039d      0x565 ./Generated_Code/lpuart1.o
 .debug_info    0x00000902      0xf90 ./Generated_Code/clockMan1.o
 .debug_info    0x00001892       0xc8 ./Project_Settings/Startup_Code/startup_S32K144.o
 .debug_info    0x0000195a      0x540 ./SDK/platform/devices/S32K144/startup/system_S32K144.o
 .debug_info    0x00001e9a      0x3fa ./SDK/platform/devices/startup.o
 .debug_info    0x00002294     0x2cd8 ./SDK/platform/drivers/src/clock/S32K144/fsl_clock_S32K144.o
 .debug_info    0x00004f6c     0x10a0 ./SDK/platform/drivers/src/clock/fsl_clock_manager.o
 .debug_info    0x0000600c      0x380 ./SDK/platform/drivers/src/edma/fsl_edma_irq.o
 .debug_info    0x0000638c     0x2e8c ./SDK/platform/drivers/src/edma/fsl_edma_driver.o
 .debug_info    0x00009218      0x9c0 ./SDK/platform/drivers/src/edma/fsl_edma_common.o
 .debug_info    0x00009bd8      0x6c5 ./SDK/platform/drivers/src/interrupt/fsl_interrupt_manager.o
 .debug_info    0x0000a29d      0x105 ./SDK/platform/drivers/src/lpuart/fsl_lpuart_irq.o
 .debug_info    0x0000a3a2     0x297b ./SDK/platform/drivers/src/lpuart/fsl_lpuart_driver.o
 .debug_info    0x0000cd1d      0x8f1 ./SDK/platform/drivers/src/lpuart/fsl_lpuart_common.o
 .debug_info    0x0000d60e      0x84b ./SDK/platform/drivers/src/pins/fsl_pins_driver.o
 .debug_info    0x0000de59      0xb3e ./SDK/platform/hal/src/edma/fsl_edma_hal.o
 .debug_info    0x0000e997      0xb65 ./SDK/platform/hal/src/lpuart/fsl_lpuart_hal.o
 .debug_info    0x0000f4fc      0x452 ./SDK/platform/hal/src/pcc/fsl_pcc_hal.o
 .debug_info    0x0000f94e     0x10dd ./SDK/platform/hal/src/scg/fsl_scg_hal.o
 .debug_info    0x00010a2b      0xc2e ./SDK/platform/hal/src/sim/S32K144/fsl_sim_hal_S32K144.o
 .debug_info    0x00011659      0x788 ./SDK/rtos/osif/fsl_osif_baremetal.o
 .debug_info    0x00011de1     0x1c7f ./Sources/main.o
 .debug_info    0x00013a60      0x8c8 ./Sources/I2C.o

.debug_abbrev   0x00000000     0x2a37
 .debug_abbrev  0x00000000       0xe9 ./Generated_Code/pin_mux.o
 .debug_abbrev  0x000000e9       0xd7 ./Generated_Code/lpuart1.o
 .debug_abbrev  0x000001c0      0x12a ./Generated_Code/clockMan1.o
 .debug_abbrev  0x000002ea       0x14 ./Project_Settings/Startup_Code/startup_S32K144.o
 .debug_abbrev  0x000002fe      0x134 ./SDK/platform/devices/S32K144/startup/system_S32K144.o
 .debug_abbrev  0x00000432      0x10c ./SDK/platform/devices/startup.o
 .debug_abbrev  0x0000053e      0x391 ./SDK/platform/drivers/src/clock/S32K144/fsl_clock_S32K144.o
 .debug_abbrev  0x000008cf      0x1c9 ./SDK/platform/drivers/src/clock/fsl_clock_manager.o
 .debug_abbrev  0x00000a98       0xc9 ./SDK/platform/drivers/src/edma/fsl_edma_irq.o
 .debug_abbrev  0x00000b61      0x479 ./SDK/platform/drivers/src/edma/fsl_edma_driver.o
 .debug_abbrev  0x00000fda      0x11b ./SDK/platform/drivers/src/edma/fsl_edma_common.o
 .debug_abbrev  0x000010f5      0x15c ./SDK/platform/drivers/src/interrupt/fsl_interrupt_manager.o
 .debug_abbrev  0x00001251       0x81 ./SDK/platform/drivers/src/lpuart/fsl_lpuart_irq.o
 .debug_abbrev  0x000012d2      0x37d ./SDK/platform/drivers/src/lpuart/fsl_lpuart_driver.o
 .debug_abbrev  0x0000164f       0xc5 ./SDK/platform/drivers/src/lpuart/fsl_lpuart_common.o
 .debug_abbrev  0x00001714      0x1ec ./SDK/platform/drivers/src/pins/fsl_pins_driver.o
 .debug_abbrev  0x00001900      0x220 ./SDK/platform/hal/src/edma/fsl_edma_hal.o
 .debug_abbrev  0x00001b20      0x269 ./SDK/platform/hal/src/lpuart/fsl_lpuart_hal.o
 .debug_abbrev  0x00001d89      0x130 ./SDK/platform/hal/src/pcc/fsl_pcc_hal.o
 .debug_abbrev  0x00001eb9      0x289 ./SDK/platform/hal/src/scg/fsl_scg_hal.o
 .debug_abbrev  0x00002142      0x205 ./SDK/platform/hal/src/sim/S32K144/fsl_sim_hal_S32K144.o
 .debug_abbrev  0x00002347      0x257 ./SDK/rtos/osif/fsl_osif_baremetal.o
 .debug_abbrev  0x0000259e      0x28d ./Sources/main.o
 .debug_abbrev  0x0000282b      0x20c ./Sources/I2C.o

.debug_aranges  0x00000000      0x830
 .debug_aranges
                0x00000000       0x18 ./Generated_Code/pin_mux.o
 .debug_aranges
                0x00000018       0x18 ./Generated_Code/lpuart1.o
 .debug_aranges
                0x00000030       0x18 ./Generated_Code/clockMan1.o
 .debug_aranges
                0x00000048       0x20 ./Project_Settings/Startup_Code/startup_S32K144.o
 .debug_aranges
                0x00000068       0x30 ./SDK/platform/devices/S32K144/startup/system_S32K144.o
 .debug_aranges
                0x00000098       0x20 ./SDK/platform/devices/startup.o
 .debug_aranges
                0x000000b8       0x70 ./SDK/platform/drivers/src/clock/S32K144/fsl_clock_S32K144.o
 .debug_aranges
                0x00000128       0x38 ./SDK/platform/drivers/src/clock/fsl_clock_manager.o
 .debug_aranges
                0x00000160       0xa0 ./SDK/platform/drivers/src/edma/fsl_edma_irq.o
 .debug_aranges
                0x00000200       0x98 ./SDK/platform/drivers/src/edma/fsl_edma_driver.o
 .debug_aranges
                0x00000298       0x18 ./SDK/platform/drivers/src/edma/fsl_edma_common.o
 .debug_aranges
                0x000002b0       0x30 ./SDK/platform/drivers/src/interrupt/fsl_interrupt_manager.o
 .debug_aranges
                0x000002e0       0x30 ./SDK/platform/drivers/src/lpuart/fsl_lpuart_irq.o
 .debug_aranges
                0x00000310       0xc0 ./SDK/platform/drivers/src/lpuart/fsl_lpuart_driver.o
 .debug_aranges
                0x000003d0       0x18 ./SDK/platform/drivers/src/lpuart/fsl_lpuart_common.o
 .debug_aranges
                0x000003e8       0x20 ./SDK/platform/drivers/src/pins/fsl_pins_driver.o
 .debug_aranges
                0x00000408       0xa0 ./SDK/platform/hal/src/edma/fsl_edma_hal.o
 .debug_aranges
                0x000004a8       0xc0 ./SDK/platform/hal/src/lpuart/fsl_lpuart_hal.o
 .debug_aranges
                0x00000568       0x20 ./SDK/platform/hal/src/pcc/fsl_pcc_hal.o
 .debug_aranges
                0x00000588       0xe0 ./SDK/platform/hal/src/scg/fsl_scg_hal.o
 .debug_aranges
                0x00000668       0xd0 ./SDK/platform/hal/src/sim/S32K144/fsl_sim_hal_S32K144.o
 .debug_aranges
                0x00000738       0x70 ./SDK/rtos/osif/fsl_osif_baremetal.o
 .debug_aranges
                0x000007a8       0x30 ./Sources/main.o
 .debug_aranges
                0x000007d8       0x58 ./Sources/I2C.o

.debug_macro    0x00000000    0x1df4d
 .debug_macro   0x00000000      0xa15 ./Generated_Code/pin_mux.o
 .debug_macro   0x00000a15       0x10 ./Generated_Code/pin_mux.o
 .debug_macro   0x00000a25       0x19 ./Generated_Code/pin_mux.o
 .debug_macro   0x00000a3e       0x22 ./Generated_Code/pin_mux.o
 .debug_macro   0x00000a60       0x44 ./Generated_Code/pin_mux.o
 .debug_macro   0x00000aa4       0xe3 ./Generated_Code/pin_mux.o
 .debug_macro   0x00000b87       0x22 ./Generated_Code/pin_mux.o
 .debug_macro   0x00000ba9      0x1df ./Generated_Code/pin_mux.o
 .debug_macro   0x00000d88     0xe2a4 ./Generated_Code/pin_mux.o
 .debug_macro   0x0000f02c      0x63f ./Generated_Code/pin_mux.o
 .debug_macro   0x0000f66b       0x4c ./Generated_Code/pin_mux.o
 .debug_macro   0x0000f6b7       0x10 ./Generated_Code/pin_mux.o
 .debug_macro   0x0000f6c7       0x22 ./Generated_Code/pin_mux.o
 .debug_macro   0x0000f6e9      0xae7 ./Generated_Code/lpuart1.o
 .debug_macro   0x000101d0      0xac3 ./Generated_Code/clockMan1.o
 .debug_macro   0x00010c93      0x9eb ./SDK/platform/devices/S32K144/startup/system_S32K144.o
 .debug_macro   0x0001167e      0x9e3 ./SDK/platform/devices/startup.o
 .debug_macro   0x00012061      0xa3e ./SDK/platform/drivers/src/clock/S32K144/fsl_clock_S32K144.o
 .debug_macro   0x00012a9f      0xa3a ./SDK/platform/drivers/src/clock/fsl_clock_manager.o
 .debug_macro   0x000134d9      0xa66 ./SDK/platform/drivers/src/edma/fsl_edma_irq.o
 .debug_macro   0x00013f3f      0xa74 ./SDK/platform/drivers/src/edma/fsl_edma_driver.o
 .debug_macro   0x000149b3      0xa64 ./SDK/platform/drivers/src/edma/fsl_edma_common.o
 .debug_macro   0x00015417      0x9e3 ./SDK/platform/drivers/src/interrupt/fsl_interrupt_manager.o
 .debug_macro   0x00015dfa      0x9d9 ./SDK/platform/drivers/src/lpuart/fsl_lpuart_irq.o
 .debug_macro   0x000167d3      0xa8d ./SDK/platform/drivers/src/lpuart/fsl_lpuart_driver.o
 .debug_macro   0x00017260       0x3a ./SDK/platform/drivers/src/lpuart/fsl_lpuart_driver.o
 .debug_macro   0x0001729a      0xa74 ./SDK/platform/drivers/src/lpuart/fsl_lpuart_common.o
 .debug_macro   0x00017d0e      0x9fa ./SDK/platform/drivers/src/pins/fsl_pins_driver.o
 .debug_macro   0x00018708      0x9e6 ./SDK/platform/hal/src/edma/fsl_edma_hal.o
 .debug_macro   0x000190ee      0x9f1 ./SDK/platform/hal/src/lpuart/fsl_lpuart_hal.o
 .debug_macro   0x00019adf      0x9f5 ./SDK/platform/hal/src/pcc/fsl_pcc_hal.o
 .debug_macro   0x0001a4d4      0xa04 ./SDK/platform/hal/src/scg/fsl_scg_hal.o
 .debug_macro   0x0001aed8      0x9f5 ./SDK/platform/hal/src/sim/S32K144/fsl_sim_hal_S32K144.o
 .debug_macro   0x0001b8cd      0xa4f ./SDK/rtos/osif/fsl_osif_baremetal.o
 .debug_macro   0x0001c31c      0xbe3 ./Sources/main.o
 .debug_macro   0x0001ceff       0x3a ./Sources/main.o
 .debug_macro   0x0001cf39       0x16 ./Sources/main.o
 .debug_macro   0x0001cf4f       0x58 ./Sources/main.o
 .debug_macro   0x0001cfa7       0x35 ./Sources/main.o
 .debug_macro   0x0001cfdc       0x9c ./Sources/main.o
 .debug_macro   0x0001d078       0x52 ./Sources/main.o
 .debug_macro   0x0001d0ca       0x16 ./Sources/main.o
 .debug_macro   0x0001d0e0       0x43 ./Sources/main.o
 .debug_macro   0x0001d123      0x180 ./Sources/main.o
 .debug_macro   0x0001d2a3      0x29d ./Sources/main.o
 .debug_macro   0x0001d540       0x10 ./Sources/main.o
 .debug_macro   0x0001d550       0x35 ./Sources/main.o
 .debug_macro   0x0001d585      0x9c8 ./Sources/I2C.o

.debug_line     0x00000000     0x81c8
 .debug_line    0x00000000      0x3a3 ./Generated_Code/pin_mux.o
 .debug_line    0x000003a3      0x633 ./Generated_Code/lpuart1.o
 .debug_line    0x000009d6      0x609 ./Generated_Code/clockMan1.o
 .debug_line    0x00000fdf       0xb5 ./Project_Settings/Startup_Code/startup_S32K144.o
 .debug_line    0x00001094      0x383 ./SDK/platform/devices/S32K144/startup/system_S32K144.o
 .debug_line    0x00001417      0x2fc ./SDK/platform/devices/startup.o
 .debug_line    0x00001713      0x848 ./SDK/platform/drivers/src/clock/S32K144/fsl_clock_S32K144.o
 .debug_line    0x00001f5b      0x597 ./SDK/platform/drivers/src/clock/fsl_clock_manager.o
 .debug_line    0x000024f2      0x67e ./SDK/platform/drivers/src/edma/fsl_edma_irq.o
 .debug_line    0x00002b70      0xa56 ./SDK/platform/drivers/src/edma/fsl_edma_driver.o
 .debug_line    0x000035c6      0x560 ./SDK/platform/drivers/src/edma/fsl_edma_common.o
 .debug_line    0x00003b26      0x3b4 ./SDK/platform/drivers/src/interrupt/fsl_interrupt_manager.o
 .debug_line    0x00003eda      0x33f ./SDK/platform/drivers/src/lpuart/fsl_lpuart_irq.o
 .debug_line    0x00004219      0x948 ./SDK/platform/drivers/src/lpuart/fsl_lpuart_driver.o
 .debug_line    0x00004b61      0x57f ./SDK/platform/drivers/src/lpuart/fsl_lpuart_common.o
 .debug_line    0x000050e0      0x459 ./SDK/platform/drivers/src/pins/fsl_pins_driver.o
 .debug_line    0x00005539      0x505 ./SDK/platform/hal/src/edma/fsl_edma_hal.o
 .debug_line    0x00005a3e      0x600 ./SDK/platform/hal/src/lpuart/fsl_lpuart_hal.o
 .debug_line    0x0000603e      0x39d ./SDK/platform/hal/src/pcc/fsl_pcc_hal.o
 .debug_line    0x000063db      0x69d ./SDK/platform/hal/src/scg/fsl_scg_hal.o
 .debug_line    0x00006a78      0x65f ./SDK/platform/hal/src/sim/S32K144/fsl_sim_hal_S32K144.o
 .debug_line    0x000070d7      0x5ef ./SDK/rtos/osif/fsl_osif_baremetal.o
 .debug_line    0x000076c6      0x7ac ./Sources/main.o
 .debug_line    0x00007e72      0x356 ./Sources/I2C.o

.debug_str      0x00000000    0x6a7b2
 .debug_str     0x00000000    0x614eb ./Generated_Code/pin_mux.o
                              0x61673 (size before relaxing)
 .debug_str     0x000614eb      0xd55 ./Generated_Code/lpuart1.o
                              0x6217c (size before relaxing)
 .debug_str     0x00062240     0x1242 ./Generated_Code/clockMan1.o
                              0x63069 (size before relaxing)
 .debug_str     0x00063482      0x230 ./SDK/platform/devices/S32K144/startup/system_S32K144.o
                              0x61527 (size before relaxing)
 .debug_str     0x000636b2      0x13e ./SDK/platform/devices/startup.o
                              0x613ea (size before relaxing)
 .debug_str     0x000637f0      0xb3d ./SDK/platform/drivers/src/clock/S32K144/fsl_clock_S32K144.o
                              0x63686 (size before relaxing)
 .debug_str     0x0006432d      0x1bc ./SDK/platform/drivers/src/clock/fsl_clock_manager.o
                              0x62e01 (size before relaxing)
 .debug_str     0x000644e9      0x19f ./SDK/platform/drivers/src/edma/fsl_edma_irq.o
                              0x618c9 (size before relaxing)
 .debug_str     0x00064688     0x1eaa ./SDK/platform/drivers/src/edma/fsl_edma_driver.o
                              0x63cbf (size before relaxing)
 .debug_str     0x00066532       0x5a ./SDK/platform/drivers/src/edma/fsl_edma_common.o
                              0x62507 (size before relaxing)
 .debug_str     0x0006658c      0x132 ./SDK/platform/drivers/src/interrupt/fsl_interrupt_manager.o
                              0x61c2d (size before relaxing)
 .debug_str     0x000666be       0xaa ./SDK/platform/drivers/src/lpuart/fsl_lpuart_irq.o
                              0x6129f (size before relaxing)
 .debug_str     0x00066768      0xb1f ./SDK/platform/drivers/src/lpuart/fsl_lpuart_driver.o
                              0x63d11 (size before relaxing)
 .debug_str     0x00067287       0x5e ./SDK/platform/drivers/src/lpuart/fsl_lpuart_common.o
                              0x628e9 (size before relaxing)
 .debug_str     0x000672e5      0x19f ./SDK/platform/drivers/src/pins/fsl_pins_driver.o
                              0x61792 (size before relaxing)
 .debug_str     0x00067484      0x148 ./SDK/platform/hal/src/edma/fsl_edma_hal.o
                              0x61a14 (size before relaxing)
 .debug_str     0x000675cc      0x3d4 ./SDK/platform/hal/src/lpuart/fsl_lpuart_hal.o
                              0x61e78 (size before relaxing)
 .debug_str     0x000679a0       0x69 ./SDK/platform/hal/src/pcc/fsl_pcc_hal.o
                              0x61bd5 (size before relaxing)
 .debug_str     0x00067a09      0x18b ./SDK/platform/hal/src/scg/fsl_scg_hal.o
                              0x61f4c (size before relaxing)
 .debug_str     0x00067b94      0x49e ./SDK/platform/hal/src/sim/S32K144/fsl_sim_hal_S32K144.o
                              0x61bfd (size before relaxing)
 .debug_str     0x00068032      0x16d ./SDK/rtos/osif/fsl_osif_baremetal.o
                              0x61b8c (size before relaxing)
 .debug_str     0x0006819f     0x245c ./Sources/main.o
                              0x65e9e (size before relaxing)
 .debug_str     0x0006a5fb      0x1b7 ./Sources/I2C.o
                              0x5e8d3 (size before relaxing)

.comment        0x00000000       0x70
 .comment       0x00000000       0x70 ./Generated_Code/pin_mux.o
                                 0x71 (size before relaxing)
 .comment       0x00000000       0x71 ./Generated_Code/lpuart1.o
 .comment       0x00000000       0x71 ./Generated_Code/clockMan1.o
 .comment       0x00000000       0x71 ./SDK/platform/devices/S32K144/startup/system_S32K144.o
 .comment       0x00000000       0x71 ./SDK/platform/devices/startup.o
 .comment       0x00000000       0x71 ./SDK/platform/drivers/src/clock/S32K144/fsl_clock_S32K144.o
 .comment       0x00000000       0x71 ./SDK/platform/drivers/src/clock/fsl_clock_manager.o
 .comment       0x00000000       0x71 ./SDK/platform/drivers/src/edma/fsl_edma_irq.o
 .comment       0x00000000       0x71 ./SDK/platform/drivers/src/edma/fsl_edma_driver.o
 .comment       0x00000000       0x71 ./SDK/platform/drivers/src/edma/fsl_edma_common.o
 .comment       0x00000000       0x71 ./SDK/platform/drivers/src/interrupt/fsl_interrupt_manager.o
 .comment       0x00000000       0x71 ./SDK/platform/drivers/src/lpuart/fsl_lpuart_irq.o
 .comment       0x00000000       0x71 ./SDK/platform/drivers/src/lpuart/fsl_lpuart_driver.o
 .comment       0x00000000       0x71 ./SDK/platform/drivers/src/lpuart/fsl_lpuart_common.o
 .comment       0x00000000       0x71 ./SDK/platform/drivers/src/pins/fsl_pins_driver.o
 .comment       0x00000000       0x71 ./SDK/platform/hal/src/edma/fsl_edma_hal.o
 .comment       0x00000000       0x71 ./SDK/platform/hal/src/lpuart/fsl_lpuart_hal.o
 .comment       0x00000000       0x71 ./SDK/platform/hal/src/pcc/fsl_pcc_hal.o
 .comment       0x00000000       0x71 ./SDK/platform/hal/src/scg/fsl_scg_hal.o
 .comment       0x00000000       0x71 ./SDK/platform/hal/src/sim/S32K144/fsl_sim_hal_S32K144.o
 .comment       0x00000000       0x71 ./SDK/rtos/osif/fsl_osif_baremetal.o
 .comment       0x00000000       0x71 ./Sources/main.o
 .comment       0x00000000       0x71 ./Sources/I2C.o

.debug_loc      0x00000000     0x96cf
 .debug_loc     0x00000000      0x115 ./SDK/platform/devices/S32K144/startup/system_S32K144.o
 .debug_loc     0x00000115       0xae ./SDK/platform/devices/startup.o
 .debug_loc     0x000001c3     0x1ebe ./SDK/platform/drivers/src/clock/S32K144/fsl_clock_S32K144.o
 .debug_loc     0x00002081      0x244 ./SDK/platform/drivers/src/clock/fsl_clock_manager.o
 .debug_loc     0x000022c5     0x1f42 ./SDK/platform/drivers/src/edma/fsl_edma_driver.o
 .debug_loc     0x00004207       0x59 ./SDK/platform/drivers/src/interrupt/fsl_interrupt_manager.o
 .debug_loc     0x00004260     0x17a5 ./SDK/platform/drivers/src/lpuart/fsl_lpuart_driver.o
 .debug_loc     0x00005a05      0x4aa ./SDK/platform/drivers/src/pins/fsl_pins_driver.o
 .debug_loc     0x00005eaf      0x8fe ./SDK/platform/hal/src/edma/fsl_edma_hal.o
 .debug_loc     0x000067ad      0xe7c ./SDK/platform/hal/src/lpuart/fsl_lpuart_hal.o
 .debug_loc     0x00007629       0x92 ./SDK/platform/hal/src/pcc/fsl_pcc_hal.o
 .debug_loc     0x000076bb      0xe53 ./SDK/platform/hal/src/scg/fsl_scg_hal.o
 .debug_loc     0x0000850e      0xb7d ./SDK/platform/hal/src/sim/S32K144/fsl_sim_hal_S32K144.o
 .debug_loc     0x0000908b      0x285 ./SDK/rtos/osif/fsl_osif_baremetal.o
 .debug_loc     0x00009310       0x36 ./Sources/main.o
 .debug_loc     0x00009346      0x389 ./Sources/I2C.o

.debug_ranges   0x00000000      0x8b0
 .debug_ranges  0x00000000       0x20 ./SDK/platform/devices/S32K144/startup/system_S32K144.o
 .debug_ranges  0x00000020       0x10 ./SDK/platform/devices/startup.o
 .debug_ranges  0x00000030      0x178 ./SDK/platform/drivers/src/clock/S32K144/fsl_clock_S32K144.o
 .debug_ranges  0x000001a8       0x28 ./SDK/platform/drivers/src/clock/fsl_clock_manager.o
 .debug_ranges  0x000001d0       0x90 ./SDK/platform/drivers/src/edma/fsl_edma_irq.o
 .debug_ranges  0x00000260      0x140 ./SDK/platform/drivers/src/edma/fsl_edma_driver.o
 .debug_ranges  0x000003a0       0x20 ./SDK/platform/drivers/src/interrupt/fsl_interrupt_manager.o
 .debug_ranges  0x000003c0       0x20 ./SDK/platform/drivers/src/lpuart/fsl_lpuart_irq.o
 .debug_ranges  0x000003e0       0xb0 ./SDK/platform/drivers/src/lpuart/fsl_lpuart_driver.o
 .debug_ranges  0x00000490       0x28 ./SDK/platform/drivers/src/pins/fsl_pins_driver.o
 .debug_ranges  0x000004b8       0xa8 ./SDK/platform/hal/src/edma/fsl_edma_hal.o
 .debug_ranges  0x00000560       0xb0 ./SDK/platform/hal/src/lpuart/fsl_lpuart_hal.o
 .debug_ranges  0x00000610       0x10 ./SDK/platform/hal/src/pcc/fsl_pcc_hal.o
 .debug_ranges  0x00000620       0xd0 ./SDK/platform/hal/src/scg/fsl_scg_hal.o
 .debug_ranges  0x000006f0       0xc0 ./SDK/platform/hal/src/sim/S32K144/fsl_sim_hal_S32K144.o
 .debug_ranges  0x000007b0       0x98 ./SDK/rtos/osif/fsl_osif_baremetal.o
 .debug_ranges  0x00000848       0x20 ./Sources/main.o
 .debug_ranges  0x00000868       0x48 ./Sources/I2C.o

.debug_frame    0x00000000     0x1b14
 .debug_frame   0x00000000       0x40 ./SDK/platform/devices/S32K144/startup/system_S32K144.o
 .debug_frame   0x00000040       0x2c ./SDK/platform/devices/startup.o
 .debug_frame   0x0000006c      0x134 ./SDK/platform/drivers/src/clock/S32K144/fsl_clock_S32K144.o
 .debug_frame   0x000001a0       0x74 ./SDK/platform/drivers/src/clock/fsl_clock_manager.o
 .debug_frame   0x00000214      0x1a8 ./SDK/platform/drivers/src/edma/fsl_edma_irq.o
 .debug_frame   0x000003bc      0x268 ./SDK/platform/drivers/src/edma/fsl_edma_driver.o
 .debug_frame   0x00000624       0x4c ./SDK/platform/drivers/src/interrupt/fsl_interrupt_manager.o
 .debug_frame   0x00000670       0x58 ./SDK/platform/drivers/src/lpuart/fsl_lpuart_irq.o
 .debug_frame   0x000006c8      0x2e4 ./SDK/platform/drivers/src/lpuart/fsl_lpuart_driver.o
 .debug_frame   0x000009ac       0x34 ./SDK/platform/drivers/src/pins/fsl_pins_driver.o
 .debug_frame   0x000009e0      0x194 ./SDK/platform/hal/src/edma/fsl_edma_hal.o
 .debug_frame   0x00000b74      0x1ac ./SDK/platform/hal/src/lpuart/fsl_lpuart_hal.o
 .debug_frame   0x00000d20       0x38 ./SDK/platform/hal/src/pcc/fsl_pcc_hal.o
 .debug_frame   0x00000d58      0x244 ./SDK/platform/hal/src/scg/fsl_scg_hal.o
 .debug_frame   0x00000f9c      0x1d4 ./SDK/platform/hal/src/sim/S32K144/fsl_sim_hal_S32K144.o
 .debug_frame   0x00001170       0xf4 ./SDK/rtos/osif/fsl_osif_baremetal.o
 .debug_frame   0x00001264       0x54 ./Sources/main.o
 .debug_frame   0x000012b8       0xb4 ./Sources/I2C.o
 .debug_frame   0x0000136c       0x20 C:/nxp/S32DS_ARM_v1.3/Cross_Tools/gcc-arm-none-eabi-4_9/arm-none-eabi/newlib/lib/armv7e-m/fpu\libc_nano.a(lib_a-memset.o)
 .debug_frame   0x0000138c       0x70 C:/nxp/S32DS_ARM_v1.3/Cross_Tools/gcc-arm-none-eabi-4_9/arm-none-eabi/newlib/lib/armv7e-m/fpu\libc_nano.a(lib_a-sprintf.o)
 .debug_frame   0x000013fc       0x20 C:/nxp/S32DS_ARM_v1.3/Cross_Tools/gcc-arm-none-eabi-4_9/arm-none-eabi/newlib/lib/armv7e-m/fpu\libc_nano.a(lib_a-strlen.o)
 .debug_frame   0x0000141c       0x8c C:/nxp/S32DS_ARM_v1.3/Cross_Tools/gcc-arm-none-eabi-4_9/arm-none-eabi/newlib/lib/armv7e-m/fpu\libc_nano.a(lib_a-nano-svfprintf.o)
 .debug_frame   0x000014a8       0x58 C:/nxp/S32DS_ARM_v1.3/Cross_Tools/gcc-arm-none-eabi-4_9/arm-none-eabi/newlib/lib/armv7e-m/fpu\libc_nano.a(lib_a-nano-vfprintf_i.o)
 .debug_frame   0x00001500       0x28 C:/nxp/S32DS_ARM_v1.3/Cross_Tools/gcc-arm-none-eabi-4_9/arm-none-eabi/newlib/lib/armv7e-m/fpu\libc_nano.a(lib_a-memchr.o)
 .debug_frame   0x00001528       0x28 C:/nxp/S32DS_ARM_v1.3/Cross_Tools/gcc-arm-none-eabi-4_9/arm-none-eabi/newlib/lib/armv7e-m/fpu\libc_nano.a(lib_a-memcpy.o)
 .debug_frame   0x00001550       0x28 C:/nxp/S32DS_ARM_v1.3/Cross_Tools/gcc-arm-none-eabi-4_9/arm-none-eabi/newlib/lib/armv7e-m/fpu\libc_nano.a(lib_a-memmove.o)
 .debug_frame   0x00001578       0x2c C:/nxp/S32DS_ARM_v1.3/Cross_Tools/gcc-arm-none-eabi-4_9/arm-none-eabi/newlib/lib/armv7e-m/fpu\libc_nano.a(lib_a-nano-freer.o)
 .debug_frame   0x000015a4       0x2c C:/nxp/S32DS_ARM_v1.3/Cross_Tools/gcc-arm-none-eabi-4_9/arm-none-eabi/newlib/lib/armv7e-m/fpu\libc_nano.a(lib_a-nano-mallocr.o)
 .debug_frame   0x000015d0       0x3c C:/nxp/S32DS_ARM_v1.3/Cross_Tools/gcc-arm-none-eabi-4_9/arm-none-eabi/newlib/lib/armv7e-m/fpu\libc_nano.a(lib_a-nano-reallocr.o)
 .debug_frame   0x0000160c       0x2c C:/nxp/S32DS_ARM_v1.3/Cross_Tools/gcc-arm-none-eabi-4_9/arm-none-eabi/newlib/lib/armv7e-m/fpu\libc_nano.a(lib_a-sbrkr.o)
 .debug_frame   0x00001638       0x20 C:/nxp/S32DS_ARM_v1.3/Cross_Tools/gcc-arm-none-eabi-4_9/arm-none-eabi/newlib/lib/armv7e-m/fpu\libc_nano.a(lib_a-nano-msizer.o)
 .debug_frame   0x00001658       0x5c C:/nxp/S32DS_ARM_v1.3/Cross_Tools/gcc-arm-none-eabi-4_9/arm-none-eabi/newlib/lib/armv7e-m/fpu\libc_nano.a(lib_a-reent.o)
 .debug_frame   0x000016b4      0x324 C:/nxp/S32DS_ARM_v1.3/Cross_Tools/gcc-arm-none-eabi-4_9/arm-none-eabi/newlib/lib/armv7e-m/fpu\librdimon_nano.a(rdimon-syscalls.o)
 .debug_frame   0x000019d8       0x20 C:/nxp/S32DS_ARM_v1.3/Cross_Tools/gcc-arm-none-eabi-4_9/arm-none-eabi/newlib/lib/armv7e-m/fpu\libc_nano.a(lib_a-errno.o)
 .debug_frame   0x000019f8      0x11c C:/nxp/S32DS_ARM_v1.3/Cross_Tools/gcc-arm-none-eabi-4_9/arm-none-eabi/newlib/lib/armv7e-m/fpu\libc_nano.a(lib_a-findfp.o)
